gender=unknown;phenotype=NA;subject_id=A-AcaA;ENA-CHECKLIST=ERC000026;
gender=unknown;phenotype=NA;subject_id=A-AZA;ENA-CHECKLIST=ERC000026;
gender=unknown;phenotype=NA;subject_id=A-BcaA;ENA-CHECKLIST=ERC000026;
gender=unknown;phenotype=NA;subject_id=A-BZA;ENA-CHECKLIST=ERC000026;
gender=unknown;phenotype=NA;subject_id=A-CcaA;ENA-CHECKLIST=ERC000026;
gender=unknown;phenotype=NA;subject_id=A-CZA;ENA-CHECKLIST=ERC000026;
gender=unknown;phenotype=NA;subject_id=A-DcaA;ENA-CHECKLIST=ERC000026;
gender=unknown;phenotype=NA;subject_id=A-DZA;ENA-CHECKLIST=ERC000026;
gender=unknown;phenotype=NA;subject_id=A-EA;ENA-CHECKLIST=ERC000026;
gender=unknown;phenotype=NA;subject_id=A-EcaA;ENA-CHECKLIST=ERC000026;
gender=unknown;phenotype=NA;subject_id=A-FcaA;ENA-CHECKLIST=ERC000026;
gender=unknown;phenotype=NA;subject_id=A-FZA;ENA-CHECKLIST=ERC000026;
gender=unknown;phenotype=NA;subject_id=A-GcaA;ENA-CHECKLIST=ERC000026;
gender=unknown;phenotype=NA;subject_id=A-GZA;ENA-CHECKLIST=ERC000026;
gender=unknown;phenotype=NA;subject_id=A-HcaA;ENA-CHECKLIST=ERC000026;
gender=unknown;phenotype=NA;subject_id=A-HZA;ENA-CHECKLIST=ERC000026;
gender=unknown;phenotype=NA;subject_id=B-AcaA;ENA-CHECKLIST=ERC000026;
gender=unknown;phenotype=NA;subject_id=B-AZA;ENA-CHECKLIST=ERC000026;
gender=unknown;phenotype=NA;subject_id=B-BcaA;ENA-CHECKLIST=ERC000026;
gender=unknown;phenotype=NA;subject_id=B-BZA;ENA-CHECKLIST=ERC000026;
gender=unknown;phenotype=NA;subject_id=B-CcaA;ENA-CHECKLIST=ERC000026;
gender=unknown;phenotype=NA;subject_id=B-CZA;ENA-CHECKLIST=ERC000026;
gender=unknown;phenotype=NA;subject_id=B-DcaA;ENA-CHECKLIST=ERC000026;
gender=unknown;phenotype=NA;subject_id=B-DZA;ENA-CHECKLIST=ERC000026;
gender=unknown;phenotype=NA;subject_id=B-EcaA;ENA-CHECKLIST=ERC000026;
gender=unknown;phenotype=NA;subject_id=B-EZA;ENA-CHECKLIST=ERC000026;
gender=unknown;phenotype=NA;subject_id=B-FcaA;ENA-CHECKLIST=ERC000026;
gender=unknown;phenotype=NA;subject_id=B-FZA;ENA-CHECKLIST=ERC000026;
gender=unknown;phenotype=NA;subject_id=B-GcaA;ENA-CHECKLIST=ERC000026;
gender=unknown;phenotype=NA;subject_id=B-GZA;ENA-CHECKLIST=ERC000026;
gender=unknown;phenotype=NA;subject_id=B-HcaA;ENA-CHECKLIST=ERC000026;
gender=unknown;phenotype=NA;subject_id=B-HZA;ENA-CHECKLIST=ERC000026;
gender=unknown;phenotype=NA;subject_id=B-JcaA;ENA-CHECKLIST=ERC000026;
gender=unknown;phenotype=NA;subject_id=B-JZA;ENA-CHECKLIST=ERC000026;
gender=unknown;phenotype=NA;subject_id=C-AcaA;ENA-CHECKLIST=ERC000026;
gender=unknown;phenotype=NA;subject_id=C-AZA;ENA-CHECKLIST=ERC000026;
gender=unknown;phenotype=NA;subject_id=CJF-ScaA;ENA-CHECKLIST=ERC000026;
gender=unknown;phenotype=NA;subject_id=CJF-ZCA;ENA-CHECKLIST=ERC000026;
