EGAS00001000395	Pancreatic Cancer Sequencing Initiative OICR	Cancer Genomics	EGAZ00001315513	REFERENCE_ALIGNMENT	WGS Sequencing of PACA-CA samples	EGAN00001252903	PCSI_0297_Pa_P_526	SAMEA3168484
EGAS00001000395	Pancreatic Cancer Sequencing Initiative OICR	Cancer Genomics	EGAZ00001315500	REFERENCE_ALIGNMENT	WGS Sequencing of PACA-CA samples	EGAN00001253013	PCSI_0274_Pa_P_526	SAMEA3168717
EGAS00001000395	Pancreatic Cancer Sequencing Initiative OICR	Cancer Genomics	EGAZ00001315526	REFERENCE_ALIGNMENT	WGS Sequencing of PACA-CA samples	EGAN00001253272	PCSI_0328_Pa_P_526	SAMEA3170930
EGAS00001000395	Pancreatic Cancer Sequencing Initiative OICR	Cancer Genomics	EGAZ00001315496	REFERENCE_ALIGNMENT	WGS Sequencing of PACA-CA samples	EGAN00001253005	PCSI_0263_Pa_P_526	SAMEA3168709
EGAS00001000395	Pancreatic Cancer Sequencing Initiative OICR	Cancer Genomics	EGAZ00001315524	REFERENCE_ALIGNMENT	WGS Sequencing of PACA-CA samples	EGAN00001253067	PCSI_0325_Pa_P_526	SAMEA3168910
EGAS00001000395	Pancreatic Cancer Sequencing Initiative OICR	Cancer Genomics	EGAZ00001315510	REFERENCE_ALIGNMENT	WGS Sequencing of PACA-CA samples	EGAN00001252897	PCSI_0292_Pa_P_526	SAMEA3168478
EGAS00001000395	Pancreatic Cancer Sequencing Initiative OICR	Cancer Genomics	EGAZ00001315506	REFERENCE_ALIGNMENT	WGS Sequencing of PACA-CA samples	EGAN00001253039	PCSI_0285_Pa_P_526	SAMEA3168882
EGAS00001000395	Pancreatic Cancer Sequencing Initiative OICR	Cancer Genomics	EGAZ00001315514	REFERENCE_ALIGNMENT	WGS Sequencing of PACA-CA samples	EGAN00001253058	PCSI_0300_Pa_P_526	SAMEA3168901
EGAS00001000395	Pancreatic Cancer Sequencing Initiative OICR	Cancer Genomics	EGAZ00001315498	REFERENCE_ALIGNMENT	WGS Sequencing of PACA-CA samples	EGAN00001253009	PCSI_0268_Pa_P_526	SAMEA3168713
EGAS00001000395	Pancreatic Cancer Sequencing Initiative OICR	Cancer Genomics	EGAZ00001315525	REFERENCE_ALIGNMENT	WGS Sequencing of PACA-CA samples	EGAN00001252974	PCSI_0326_Pa_P_526	SAMEA3168667
EGAS00001000395	Pancreatic Cancer Sequencing Initiative OICR	Cancer Genomics	EGAZ00001315527	REFERENCE_ALIGNMENT	WGS Sequencing of PACA-CA samples	EGAN00001253274	PCSI_0329_Pa_P_526	SAMEA3170932
EGAS00001000395	Pancreatic Cancer Sequencing Initiative OICR	Cancer Genomics	EGAZ00001315518	REFERENCE_ALIGNMENT	WGS Sequencing of PACA-CA samples	EGAN00001226383	PCSI_0307_Pa_P_526	SAMEA2768635
EGAS00001000395	Pancreatic Cancer Sequencing Initiative OICR	Cancer Genomics	EGAZ00001315509	REFERENCE_ALIGNMENT	WGS Sequencing of PACA-CA samples	EGAN00001252895	PCSI_0290_Pa_P_526	SAMEA3168476
EGAS00001000395	Pancreatic Cancer Sequencing Initiative OICR	Cancer Genomics	EGAZ00001315516	REFERENCE_ALIGNMENT	WGS Sequencing of PACA-CA samples	EGAN00001226375	PCSI_0303_Pa_P_526	SAMEA2768627
EGAS00001000395	Pancreatic Cancer Sequencing Initiative OICR	Cancer Genomics	EGAZ00001315565	REFERENCE_ALIGNMENT	WGS Sequencing of PACA-CA samples	EGAN00001253092	PCSI_0240_Pa_P_526	SAMEA3168935
EGAS00001000395	Pancreatic Cancer Sequencing Initiative OICR	Cancer Genomics	EGAZ00001315557	REFERENCE_ALIGNMENT	WGS Sequencing of PACA-CA samples	EGAN00001278852	PCSI_0528_Pa_P_526	SAMEA3432681
EGAS00001000395	Pancreatic Cancer Sequencing Initiative OICR	Cancer Genomics	EGAZ00001315535	REFERENCE_ALIGNMENT	WGS Sequencing of PACA-CA samples	EGAN00001226373	PCSI_0347_Pa_P_526	SAMEA2768625
EGAS00001000395	Pancreatic Cancer Sequencing Initiative OICR	Cancer Genomics	EGAZ00001315537	REFERENCE_ALIGNMENT	WGS Sequencing of PACA-CA samples	EGAN00001253075	PCSI_0352_Pa_P_526	SAMEA3168918
EGAS00001000395	Pancreatic Cancer Sequencing Initiative OICR	Cancer Genomics	EGAZ00001315529	REFERENCE_ALIGNMENT	WGS Sequencing of PACA-CA samples	EGAN00001253276	PCSI_0334_Pa_P_526	SAMEA3170934
EGAS00001000395	Pancreatic Cancer Sequencing Initiative OICR	Cancer Genomics	EGAZ00001315561	REFERENCE_ALIGNMENT	WGS Sequencing of PACA-CA samples	EGAN00001252893	PCSI_0572_Pa_P_526	SAMEA3168474
EGAS00001000395	Pancreatic Cancer Sequencing Initiative OICR	Cancer Genomics	EGAZ00001315545	REFERENCE_ALIGNMENT	WGS Sequencing of PACA-CA samples	EGAN00001254463	PCSI_0469_Pa_P_526	SAMEA3178152
EGAS00001000395	Pancreatic Cancer Sequencing Initiative OICR	Cancer Genomics	EGAZ00001315534	REFERENCE_ALIGNMENT	WGS Sequencing of PACA-CA samples	EGAN00001253073	PCSI_0345_Pa_P_526	SAMEA3168916
EGAS00001000395	Pancreatic Cancer Sequencing Initiative OICR	Cancer Genomics	EGAZ00001315556	REFERENCE_ALIGNMENT	WGS Sequencing of PACA-CA samples	EGAN00001278850	PCSI_0527_Pa_P_526	SAMEA3432679
EGAS00001000395	Pancreatic Cancer Sequencing Initiative OICR	Cancer Genomics	EGAZ00001315568	REFERENCE_ALIGNMENT	WGS Sequencing of PACA-CA samples	EGAN00001504324	RAMP_0008_Pa_P	SAMEA103910149
EGAS00001000395	Pancreatic Cancer Sequencing Initiative OICR	Cancer Genomics	EGAZ00001315531	REFERENCE_ALIGNMENT	WGS Sequencing of PACA-CA samples	EGAN00001253069	PCSI_0338_Pa_P_526	SAMEA3168912
EGAS00001000395	Pancreatic Cancer Sequencing Initiative OICR	Cancer Genomics	EGAZ00001315562	REFERENCE_ALIGNMENT	WGS Sequencing of PACA-CA samples	EGAN00001252998	PCSI_0233_Pa_P_526	SAMEA3168702
EGAS00001000395	Pancreatic Cancer Sequencing Initiative OICR	Cancer Genomics	EGAZ00001315551	REFERENCE_ALIGNMENT	WGS Sequencing of PACA-CA samples	EGAN00001252885	PCSI_0504_Pa_P_526	SAMEA3168466
EGAS00001000395	Pancreatic Cancer Sequencing Initiative OICR	Cancer Genomics	EGAZ00001315554	REFERENCE_ALIGNMENT	WGS Sequencing of PACA-CA samples	EGAN00001252888	PCSI_0509_Pa_P_526	SAMEA3168469
EGAS00001000395	Pancreatic Cancer Sequencing Initiative OICR	Cancer Genomics	EGAZ00001315559	REFERENCE_ALIGNMENT	WGS Sequencing of PACA-CA samples	EGAN00001278856	PCSI_0537_Pa_P_526	SAMEA3432685
EGAS00001000395	Pancreatic Cancer Sequencing Initiative OICR	Cancer Genomics	EGAZ00001315547	REFERENCE_ALIGNMENT	WGS Sequencing of PACA-CA samples	EGAN00001252882	PCSI_0473_Pa_P_526	SAMEA3168463
EGAS00001000395	Pancreatic Cancer Sequencing Initiative OICR	Cancer Genomics	EGAZ00001315563	REFERENCE_ALIGNMENT	WGS Sequencing of PACA-CA samples	EGAN00001253000	PCSI_0235_Pa_P_526	SAMEA3168704
EGAS00001000395	Pancreatic Cancer Sequencing Initiative OICR	Cancer Genomics	EGAZ00001315540	REFERENCE_ALIGNMENT	WGS Sequencing of PACA-CA samples	EGAN00001253262	PCSI_0463_Pa_P_526	SAMEA3170910
EGAS00001000395	Pancreatic Cancer Sequencing Initiative OICR	Cancer Genomics	EGAZ00001315548	REFERENCE_ALIGNMENT	WGS Sequencing of PACA-CA samples	EGAN00001278845	PCSI_0476_Pa_P_526	SAMEA3432674
EGAS00001000395	Pancreatic Cancer Sequencing Initiative OICR	Cancer Genomics	EGAZ00001315544	REFERENCE_ALIGNMENT	WGS Sequencing of PACA-CA samples	EGAN00001253268	PCSI_0468_Pa_P_526	SAMEA3170916
EGAS00001000395	Pancreatic Cancer Sequencing Initiative OICR	Cancer Genomics	EGAZ00001315552	REFERENCE_ALIGNMENT	WGS Sequencing of PACA-CA samples	EGAN00001252887	PCSI_0506_Pa_P_526	SAMEA3168468
EGAS00001000395	Pancreatic Cancer Sequencing Initiative OICR	Cancer Genomics	EGAZ00001315530	REFERENCE_ALIGNMENT	WGS Sequencing of PACA-CA samples	EGAN00001252980	PCSI_0337_Pa_P_526	SAMEA3168673
EGAS00001000395	Pancreatic Cancer Sequencing Initiative OICR	Cancer Genomics	EGAZ00001315533	REFERENCE_ALIGNMENT	WGS Sequencing of PACA-CA samples	EGAN00001253071	PCSI_0341_Pa_P_526	SAMEA3168914
EGAS00001000395	Pancreatic Cancer Sequencing Initiative OICR	Cancer Genomics	EGAZ00001315567	REFERENCE_ALIGNMENT	WGS Sequencing of PACA-CA samples	EGAN00001504320	RAMP_0007_Pa_P_526	SAMEA103910145
EGAS00001000395	Pancreatic Cancer Sequencing Initiative OICR	Cancer Genomics	EGAZ00001315550	REFERENCE_ALIGNMENT	WGS Sequencing of PACA-CA samples	EGAN00001253270	PCSI_0492_Pa_P_526	SAMEA3170918
EGAS00001000395	Pancreatic Cancer Sequencing Initiative OICR	Cancer Genomics	EGAZ00001315543	REFERENCE_ALIGNMENT	WGS Sequencing of PACA-CA samples	EGAN00001253266	PCSI_0467_Pa_P_526	SAMEA3170914
EGAS00001000395	Pancreatic Cancer Sequencing Initiative OICR	Cancer Genomics	EGAZ00001315546	REFERENCE_ALIGNMENT	WGS Sequencing of PACA-CA samples	EGAN00001278843	PCSI_0472_Pa_P_526	SAMEA3432672
EGAS00001000395	Pancreatic Cancer Sequencing Initiative OICR	Cancer Genomics	EGAZ00001315555	REFERENCE_ALIGNMENT	WGS Sequencing of PACA-CA samples	EGAN00001252891	PCSI_0511_Pa_P_526	SAMEA3168472
EGAS00001000395	Pancreatic Cancer Sequencing Initiative OICR	Cancer Genomics	EGAZ00001315541	REFERENCE_ALIGNMENT	WGS Sequencing of PACA-CA samples	EGAN00001253264	PCSI_0465_Pa_P_526	SAMEA3170912
EGAS00001000395	Pancreatic Cancer Sequencing Initiative OICR	Cancer Genomics	EGAZ00001315553	REFERENCE_ALIGNMENT	WGS Sequencing of PACA-CA samples	EGAN00001253080	PCSI_0508_Pa_P_526	SAMEA3168923
EGAS00001000395	Pancreatic Cancer Sequencing Initiative OICR	Cancer Genomics	EGAZ00001315538	REFERENCE_ALIGNMENT	WGS Sequencing of PACA-CA samples	EGAN00001226391	PCSI_0356_Pa_P_526	SAMEA2768643
EGAS00001000395	Pancreatic Cancer Sequencing Initiative OICR	Cancer Genomics	EGAZ00001315539	REFERENCE_ALIGNMENT	WGS Sequencing of PACA-CA samples	EGAN00001253077	PCSI_0357_Pa_P_526	SAMEA3168920
EGAS00001000395	Pancreatic Cancer Sequencing Initiative OICR	Cancer Genomics	EGAZ00001315558	REFERENCE_ALIGNMENT	WGS Sequencing of PACA-CA samples	EGAN00001278854	PCSI_0531_Pa_P_526	SAMEA3432683
EGAS00001000395	Pancreatic Cancer Sequencing Initiative OICR	Cancer Genomics	EGAZ00001315566	REFERENCE_ALIGNMENT	WGS Sequencing of PACA-CA samples	EGAN00001504317	RAMP_0006_Pa_P_526	SAMEA103910142
EGAS00001000395	Pancreatic Cancer Sequencing Initiative OICR	Cancer Genomics	EGAZ00001315549	REFERENCE_ALIGNMENT	WGS Sequencing of PACA-CA samples	EGAN00001278847	PCSI_0477_Pa_P_526	SAMEA3432676
EGAS00001000395	Pancreatic Cancer Sequencing Initiative OICR	Cancer Genomics	EGAZ00001315542	REFERENCE_ALIGNMENT	WGS Sequencing of PACA-CA samples	EGAN00001252981	PCSI_0466_Pa_P_526	SAMEA3168674
EGAS00001000395	Pancreatic Cancer Sequencing Initiative OICR	Cancer Genomics	EGAZ00001315532	REFERENCE_ALIGNMENT	WGS Sequencing of PACA-CA samples	EGAN00001278842	PCSI_0340_Pa_P_526	SAMEA3432671
EGAS00001000395	Pancreatic Cancer Sequencing Initiative OICR	Cancer Genomics	EGAZ00001315564	REFERENCE_ALIGNMENT	WGS Sequencing of PACA-CA samples	EGAN00001253002	PCSI_0239_Pa_P_526	SAMEA3168706
EGAS00001000395	Pancreatic Cancer Sequencing Initiative OICR	Cancer Genomics	EGAZ00001315560	REFERENCE_ALIGNMENT	WGS Sequencing of PACA-CA samples	EGAN00001253082	PCSI_0547_Pa_P_526	SAMEA3168925
EGAS00001000395	Pancreatic Cancer Sequencing Initiative OICR	Cancer Genomics	EGAZ00001315536	REFERENCE_ALIGNMENT	WGS Sequencing of PACA-CA samples	EGAN00001254353	PCSI_0350_Pa_P_526	SAMEA3177021
EGAS00001000395	Pancreatic Cancer Sequencing Initiative OICR	Cancer Genomics	EGAZ00001315571	REFERENCE_ALIGNMENT	WGS Sequencing of PACA-CA samples	EGAN00001253093	PCSI_0248_Pa_P_526	SAMEA3168936
EGAS00001000395	Pancreatic Cancer Sequencing Initiative OICR	Cancer Genomics	EGAZ00001315569	REFERENCE_ALIGNMENT	WGS Sequencing of PACA-CA samples	EGAN00001223405	PCSI_0106_Pa_P	SAMEA2711137
EGAS00001000395	Pancreatic Cancer Sequencing Initiative OICR	Cancer Genomics	EGAZ00001315574	REFERENCE_ALIGNMENT	WGS Sequencing of PACA-CA samples	EGAN00001253099	PCSI_0256_Pa_P_526	SAMEA3168942
EGAS00001000395	Pancreatic Cancer Sequencing Initiative OICR	Cancer Genomics	EGAZ00001315570	REFERENCE_ALIGNMENT	WGS Sequencing of PACA-CA samples	EGAN00001226395	PCSI_0224_Pa_P_526	SAMEA2768647
EGAS00001000395	Pancreatic Cancer Sequencing Initiative OICR	Cancer Genomics	EGAZ00001315572	REFERENCE_ALIGNMENT	WGS Sequencing of PACA-CA samples	EGAN00001253095	PCSI_0250_Pa_P_526	SAMEA3168938
EGAS00001000395	Pancreatic Cancer Sequencing Initiative OICR	Cancer Genomics	EGAZ00001315573	REFERENCE_ALIGNMENT	WGS Sequencing of PACA-CA samples	EGAN00001253097	PCSI_0253_Pa_P_526	SAMEA3168940
EGAS00001000395	Pancreatic Cancer Sequencing Initiative OICR	Cancer Genomics	EGAZ00001315437	REFERENCE_ALIGNMENT	WGS Sequencing of PACA-CA samples	EGAN00001504296	PCSI_0643_Si_R	SAMEA103910121
EGAS00001000395	Pancreatic Cancer Sequencing Initiative OICR	Cancer Genomics	EGAZ00001315503	REFERENCE_ALIGNMENT	WGS Sequencing of PACA-CA samples	EGAN00001226376	PCSI_0281_Pa_P_526	SAMEA2768628
EGAS00001000395	Pancreatic Cancer Sequencing Initiative OICR	Cancer Genomics	EGAZ00001315519	REFERENCE_ALIGNMENT	WGS Sequencing of PACA-CA samples	EGAN00001252906	PCSI_0309_Pa_P_526	SAMEA3168487
EGAS00001000395	Pancreatic Cancer Sequencing Initiative OICR	Cancer Genomics	EGAZ00001315504	REFERENCE_ALIGNMENT	WGS Sequencing of PACA-CA samples	EGAN00001253037	PCSI_0283_Pa_P_526	SAMEA3168880
EGAS00001000395	Pancreatic Cancer Sequencing Initiative OICR	Cancer Genomics	EGAZ00001315521	REFERENCE_ALIGNMENT	WGS Sequencing of PACA-CA samples	EGAN00001226396	PCSI_0311_Pa_P_526	SAMEA2768648
EGAS00001000395	Pancreatic Cancer Sequencing Initiative OICR	Cancer Genomics	EGAZ00001315515	REFERENCE_ALIGNMENT	WGS Sequencing of PACA-CA samples	EGAN00001253061	PCSI_0302_Pa_P_526	SAMEA3168904
EGAS00001000395	Pancreatic Cancer Sequencing Initiative OICR	Cancer Genomics	EGAZ00001315522	REFERENCE_ALIGNMENT	WGS Sequencing of PACA-CA samples	EGAN00001226385	PCSI_0312_Pa_P_526	SAMEA2768637
EGAS00001000395	Pancreatic Cancer Sequencing Initiative OICR	Cancer Genomics	EGAZ00001315512	REFERENCE_ALIGNMENT	WGS Sequencing of PACA-CA samples	EGAN00001252901	PCSI_0295_Pa_P_526	SAMEA3168482
EGAS00001000395	Pancreatic Cancer Sequencing Initiative OICR	Cancer Genomics	EGAZ00001315528	REFERENCE_ALIGNMENT	WGS Sequencing of PACA-CA samples	EGAN00001252976	PCSI_0330_Pa_P_526	SAMEA3168669
EGAS00001000395	Pancreatic Cancer Sequencing Initiative OICR	Cancer Genomics	EGAZ00001315501	REFERENCE_ALIGNMENT	WGS Sequencing of PACA-CA samples	EGAN00001226399	PCSI_0279_Pa_P_526	SAMEA2768651
EGAS00001000395	Pancreatic Cancer Sequencing Initiative OICR	Cancer Genomics	EGAZ00001315523	REFERENCE_ALIGNMENT	WGS Sequencing of PACA-CA samples	EGAN00001253065	PCSI_0324_Pa_P_526	SAMEA3168908
EGAS00001000395	Pancreatic Cancer Sequencing Initiative OICR	Cancer Genomics	EGAZ00001315393	REFERENCE_ALIGNMENT	WGS Sequencing of PACA-CA samples	EGAN00001253265	PCSI_0465_Si_R	SAMEA3170913
EGAS00001000395	Pancreatic Cancer Sequencing Initiative OICR	Cancer Genomics	EGAZ00001315410	REFERENCE_ALIGNMENT	WGS Sequencing of PACA-CA samples	EGAN00001278851	PCSI_0528_Ly_R	SAMEA3432680
EGAS00001000395	Pancreatic Cancer Sequencing Initiative OICR	Cancer Genomics	EGAZ00001315403	REFERENCE_ALIGNMENT	WGS Sequencing of PACA-CA samples	EGAN00001252884	PCSI_0504_Ly_R	SAMEA3168465
EGAS00001000395	Pancreatic Cancer Sequencing Initiative OICR	Cancer Genomics	EGAZ00001315406	REFERENCE_ALIGNMENT	WGS Sequencing of PACA-CA samples	EGAN00001252889	PCSI_0509_Pa_R	SAMEA3168470
EGAS00001000395	Pancreatic Cancer Sequencing Initiative OICR	Cancer Genomics	EGAZ00001315413	REFERENCE_ALIGNMENT	WGS Sequencing of PACA-CA samples	EGAN00001278855	PCSI_0537_Ly_R	SAMEA3432684
EGAS00001000395	Pancreatic Cancer Sequencing Initiative OICR	Cancer Genomics	EGAZ00001315321	REFERENCE_ALIGNMENT	WGS Sequencing of PACA-CA samples	EGAN00001504274	PCSI_0616_Si_R	SAMEA103910099
EGAS00001000395	Pancreatic Cancer Sequencing Initiative OICR	Cancer Genomics	EGAZ00001315239	REFERENCE_ALIGNMENT	WGS Sequencing of PACA-CA samples	EGAN00001253052	PCSI_0145_Sp_R	SAMEA3168895
EGAS00001000395	Pancreatic Cancer Sequencing Initiative OICR	Cancer Genomics	EGAZ00001315323	REFERENCE_ALIGNMENT	WGS Sequencing of PACA-CA samples	EGAN00001504286	PCSI_0628_St_R	SAMEA103910111
EGAS00001000395	Pancreatic Cancer Sequencing Initiative OICR	Cancer Genomics	EGAZ00001315241	REFERENCE_ALIGNMENT	WGS Sequencing of PACA-CA samples	EGAN00001223448	PCSI_0164_Du_R	SAMEA2711180
EGAS00001000395	Pancreatic Cancer Sequencing Initiative OICR	Cancer Genomics	EGAZ00001315243	REFERENCE_ALIGNMENT	WGS Sequencing of PACA-CA samples	EGAN00001254351	PCSI_0171_St_R	SAMEA3177019
EGAS00001000395	Pancreatic Cancer Sequencing Initiative OICR	Cancer Genomics	EGAZ00001315268	REFERENCE_ALIGNMENT	WGS Sequencing of PACA-CA samples	EGAN00001253038	PCSI_0285_Ly_R	SAMEA3168881
EGAS00001000395	Pancreatic Cancer Sequencing Initiative OICR	Cancer Genomics	EGAZ00001315262	REFERENCE_ALIGNMENT	WGS Sequencing of PACA-CA samples	EGAN00001253010	PCSI_0269_Ly_R	SAMEA3168714
EGAS00001000395	Pancreatic Cancer Sequencing Initiative OICR	Cancer Genomics	EGAZ00001315260	REFERENCE_ALIGNMENT	WGS Sequencing of PACA-CA samples	EGAN00001253006	PCSI_0264_Ly_R	SAMEA3168710
EGAS00001000395	Pancreatic Cancer Sequencing Initiative OICR	Cancer Genomics	EGAZ00001315249	REFERENCE_ALIGNMENT	WGS Sequencing of PACA-CA samples	EGAN00001253111	PCSI_0217_Pa_R	SAMEA3169119
EGAS00001000395	Pancreatic Cancer Sequencing Initiative OICR	Cancer Genomics	EGAZ00001315270	REFERENCE_ALIGNMENT	WGS Sequencing of PACA-CA samples	EGAN00001252898	PCSI_0292_Sp_R	SAMEA3168479
EGAS00001000395	Pancreatic Cancer Sequencing Initiative OICR	Cancer Genomics	EGAZ00001315407	REFERENCE_ALIGNMENT	WGS Sequencing of PACA-CA samples	EGAN00001252890	PCSI_0511_Ly_R	SAMEA3168471
EGAS00001000395	Pancreatic Cancer Sequencing Initiative OICR	Cancer Genomics	EGAZ00001315261	REFERENCE_ALIGNMENT	WGS Sequencing of PACA-CA samples	EGAN00001253008	PCSI_0268_Ly_R	SAMEA3168712
EGAS00001000395	Pancreatic Cancer Sequencing Initiative OICR	Cancer Genomics	EGAZ00001315280	REFERENCE_ALIGNMENT	WGS Sequencing of PACA-CA samples	EGAN00001223383	PCSI_0311_Ly_R	SAMEA2711115
EGAS00001000395	Pancreatic Cancer Sequencing Initiative OICR	Cancer Genomics	EGAZ00001315287	REFERENCE_ALIGNMENT	WGS Sequencing of PACA-CA samples	EGAN00001252975	PCSI_0330_Ly_R	SAMEA3168668
EGAS00001000395	Pancreatic Cancer Sequencing Initiative OICR	Cancer Genomics	EGAZ00001315275	REFERENCE_ALIGNMENT	WGS Sequencing of PACA-CA samples	EGAN00001223378	PCSI_0303_Ly_R	SAMEA2711110
EGAS00001000395	Pancreatic Cancer Sequencing Initiative OICR	Cancer Genomics	EGAZ00001315246	REFERENCE_ALIGNMENT	WGS Sequencing of PACA-CA samples	EGAN00001252916	PCSI_0175_Si_R	SAMEA3168497
EGAS00001000395	Pancreatic Cancer Sequencing Initiative OICR	Cancer Genomics	EGAZ00001315319	REFERENCE_ALIGNMENT	WGS Sequencing of PACA-CA samples	EGAN00001504246	PCSI_0589_Si_R	SAMEA103910071
EGAS00001000395	Pancreatic Cancer Sequencing Initiative OICR	Cancer Genomics	EGAZ00001315322	REFERENCE_ALIGNMENT	WGS Sequencing of PACA-CA samples	EGAN00001504284	PCSI_0627_St_R	SAMEA103910109
EGAS00001000395	Pancreatic Cancer Sequencing Initiative OICR	Cancer Genomics	EGAZ00001315312	REFERENCE_ALIGNMENT	WGS Sequencing of PACA-CA samples	EGAN00001278849	PCSI_0527_Ly_R	SAMEA3432678
EGAS00001000395	Pancreatic Cancer Sequencing Initiative OICR	Cancer Genomics	EGAZ00001315247	REFERENCE_ALIGNMENT	WGS Sequencing of PACA-CA samples	EGAN00001278840	PCSI_0208_St_R	SAMEA3432669
EGAS00001000395	Pancreatic Cancer Sequencing Initiative OICR	Cancer Genomics	EGAZ00001315296	REFERENCE_ALIGNMENT	WGS Sequencing of PACA-CA samples	EGAN00001253265	PCSI_0465_Si_R	SAMEA3170913
EGAS00001000395	Pancreatic Cancer Sequencing Initiative OICR	Cancer Genomics	EGAZ00001315235	REFERENCE_ALIGNMENT	WGS Sequencing of PACA-CA samples	EGAN00001253048	PCSI_0109_Si_R	SAMEA3168891
EGAS00001000395	Pancreatic Cancer Sequencing Initiative OICR	Cancer Genomics	EGAZ00001315373	REFERENCE_ALIGNMENT	WGS Sequencing of PACA-CA samples	EGAN00001224016	PCSI_0305_Ly_R	SAMEA2720011
EGAS00001000395	Pancreatic Cancer Sequencing Initiative OICR	Cancer Genomics	EGAZ00001315398	REFERENCE_ALIGNMENT	WGS Sequencing of PACA-CA samples	EGAN00001252883	PCSI_0473_Si_R	SAMEA3168464
EGAS00001000395	Pancreatic Cancer Sequencing Initiative OICR	Cancer Genomics	EGAZ00001315408	REFERENCE_ALIGNMENT	WGS Sequencing of PACA-CA samples	EGAN00001504231	PCSI_0518_Ly_R	SAMEA103910056
EGAS00001000395	Pancreatic Cancer Sequencing Initiative OICR	Cancer Genomics	EGAZ00001315411	REFERENCE_ALIGNMENT	WGS Sequencing of PACA-CA samples	EGAN00001278853	PCSI_0531_Ly_R	SAMEA3432682
EGAS00001000395	Pancreatic Cancer Sequencing Initiative OICR	Cancer Genomics	EGAZ00001315363	REFERENCE_ALIGNMENT	WGS Sequencing of PACA-CA samples	EGAN00001253036	PCSI_0283_Ly_R	SAMEA3168879
EGAS00001000395	Pancreatic Cancer Sequencing Initiative OICR	Cancer Genomics	EGAZ00001315412	REFERENCE_ALIGNMENT	WGS Sequencing of PACA-CA samples	EGAN00001504239	PCSI_0534_Ly_R	SAMEA103910064
EGAS00001000395	Pancreatic Cancer Sequencing Initiative OICR	Cancer Genomics	EGAZ00001315415	REFERENCE_ALIGNMENT	WGS Sequencing of PACA-CA samples	EGAN00001252892	PCSI_0572_Ly_R	SAMEA3168473
EGAS00001000395	Pancreatic Cancer Sequencing Initiative OICR	Cancer Genomics	EGAZ00001315364	REFERENCE_ALIGNMENT	WGS Sequencing of PACA-CA samples	EGAN00001252921	PCSI_0284_Ly_R	SAMEA3168502
EGAS00001000395	Pancreatic Cancer Sequencing Initiative OICR	Cancer Genomics	EGAZ00001315292	REFERENCE_ALIGNMENT	WGS Sequencing of PACA-CA samples	EGAN00001254352	PCSI_0350_Du_R	SAMEA3177020
EGAS00001000395	Pancreatic Cancer Sequencing Initiative OICR	Cancer Genomics	EGAZ00001315283	REFERENCE_ALIGNMENT	WGS Sequencing of PACA-CA samples	EGAN00001253066	PCSI_0325_Ly_R	SAMEA3168909
EGAS00001000395	Pancreatic Cancer Sequencing Initiative OICR	Cancer Genomics	EGAZ00001315345	REFERENCE_ALIGNMENT	WGS Sequencing of PACA-CA samples	EGAN00001253109	PCSI_0210_St_R	SAMEA3169117
EGAS00001000395	Pancreatic Cancer Sequencing Initiative OICR	Cancer Genomics	EGAZ00001315288	REFERENCE_ALIGNMENT	WGS Sequencing of PACA-CA samples	EGAN00001252979	PCSI_0337_Ly_R	SAMEA3168672
EGAS00001000395	Pancreatic Cancer Sequencing Initiative OICR	Cancer Genomics	EGAZ00001315326	REFERENCE_ALIGNMENT	WGS Sequencing of PACA-CA samples	EGAN00001504292	PCSI_0639_Si_R	SAMEA103910117
EGAS00001000395	Pancreatic Cancer Sequencing Initiative OICR	Cancer Genomics	EGAZ00001315383	REFERENCE_ALIGNMENT	WGS Sequencing of PACA-CA samples	EGAN00001253273	PCSI_0329_Ly_R	SAMEA3170931
EGAS00001000395	Pancreatic Cancer Sequencing Initiative OICR	Cancer Genomics	EGAZ00001315339	REFERENCE_ALIGNMENT	WGS Sequencing of PACA-CA samples	EGAN00001252914	PCSI_0170_Si_R	SAMEA3168495
EGAS00001000395	Pancreatic Cancer Sequencing Initiative OICR	Cancer Genomics	EGAZ00001315370	REFERENCE_ALIGNMENT	WGS Sequencing of PACA-CA samples	EGAN00001252904	PCSI_0297_Sp_R	SAMEA3168485
EGAS00001000395	Pancreatic Cancer Sequencing Initiative OICR	Cancer Genomics	EGAZ00001315255	REFERENCE_ALIGNMENT	WGS Sequencing of PACA-CA samples	EGAN00001252999	PCSI_0235_Ly_R	SAMEA3168703
EGAS00001000395	Pancreatic Cancer Sequencing Initiative OICR	Cancer Genomics	EGAZ00001315389	REFERENCE_ALIGNMENT	WGS Sequencing of PACA-CA samples	EGAN00001254352	PCSI_0350_Du_R	SAMEA3177020
EGAS00001000395	Pancreatic Cancer Sequencing Initiative OICR	Cancer Genomics	EGAZ00001315391	REFERENCE_ALIGNMENT	WGS Sequencing of PACA-CA samples	EGAN00001223381	PCSI_0356_St_R	SAMEA2711113
EGAS00001000395	Pancreatic Cancer Sequencing Initiative OICR	Cancer Genomics	EGAZ00001315328	REFERENCE_ALIGNMENT	WGS Sequencing of PACA-CA samples	EGAN00001252972	PCSI_0103_Si_R	SAMEA3168665
EGAS00001000395	Pancreatic Cancer Sequencing Initiative OICR	Cancer Genomics	EGAZ00001315295	REFERENCE_ALIGNMENT	WGS Sequencing of PACA-CA samples	EGAN00001253078	PCSI_0357_St_R	SAMEA3168921
EGAS00001000395	Pancreatic Cancer Sequencing Initiative OICR	Cancer Genomics	EGAZ00001315282	REFERENCE_ALIGNMENT	WGS Sequencing of PACA-CA samples	EGAN00001253064	PCSI_0324_Ly_R	SAMEA3168907
EGAS00001000395	Pancreatic Cancer Sequencing Initiative OICR	Cancer Genomics	EGAZ00001315266	REFERENCE_ALIGNMENT	WGS Sequencing of PACA-CA samples	EGAN00001253036	PCSI_0283_Ly_R	SAMEA3168879
EGAS00001000395	Pancreatic Cancer Sequencing Initiative OICR	Cancer Genomics	EGAZ00001315232	REFERENCE_ALIGNMENT	WGS Sequencing of PACA-CA samples	EGAN00001252908	PCSI_0104_Si_R	SAMEA3168489
EGAS00001000395	Pancreatic Cancer Sequencing Initiative OICR	Cancer Genomics	EGAZ00001315402	REFERENCE_ALIGNMENT	WGS Sequencing of PACA-CA samples	EGAN00001278848	PCSI_0477_Si_R	SAMEA3432677
EGAS00001000395	Pancreatic Cancer Sequencing Initiative OICR	Cancer Genomics	EGAZ00001315361	REFERENCE_ALIGNMENT	WGS Sequencing of PACA-CA samples	EGAN00001223382	PCSI_0279_Ly_R	SAMEA2711114
EGAS00001000395	Pancreatic Cancer Sequencing Initiative OICR	Cancer Genomics	EGAZ00001315422	REFERENCE_ALIGNMENT	WGS Sequencing of PACA-CA samples	EGAN00001504290	PCSI_0638_Si_R	SAMEA103910115
EGAS00001000395	Pancreatic Cancer Sequencing Initiative OICR	Cancer Genomics	EGAZ00001315317	REFERENCE_ALIGNMENT	WGS Sequencing of PACA-CA samples	EGAN00001253081	PCSI_0547_Ly_R	SAMEA3168924
EGAS00001000395	Pancreatic Cancer Sequencing Initiative OICR	Cancer Genomics	EGAZ00001315254	REFERENCE_ALIGNMENT	WGS Sequencing of PACA-CA samples	EGAN00001252997	PCSI_0233_Ly_R	SAMEA3168701
EGAS00001000395	Pancreatic Cancer Sequencing Initiative OICR	Cancer Genomics	EGAZ00001315285	REFERENCE_ALIGNMENT	WGS Sequencing of PACA-CA samples	EGAN00001253068	PCSI_0328_Ly_R	SAMEA3168911
EGAS00001000395	Pancreatic Cancer Sequencing Initiative OICR	Cancer Genomics	EGAZ00001315258	REFERENCE_ALIGNMENT	WGS Sequencing of PACA-CA samples	EGAN00001253101	PCSI_0261_Ly_R	SAMEA3168944
EGAS00001000395	Pancreatic Cancer Sequencing Initiative OICR	Cancer Genomics	EGAZ00001315325	REFERENCE_ALIGNMENT	WGS Sequencing of PACA-CA samples	EGAN00001504290	PCSI_0638_Si_R	SAMEA103910115
EGAS00001000395	Pancreatic Cancer Sequencing Initiative OICR	Cancer Genomics	EGAZ00001315419	REFERENCE_ALIGNMENT	WGS Sequencing of PACA-CA samples	EGAN00001504284	PCSI_0627_St_R	SAMEA103910109
EGAS00001000395	Pancreatic Cancer Sequencing Initiative OICR	Cancer Genomics	EGAZ00001315335	REFERENCE_ALIGNMENT	WGS Sequencing of PACA-CA samples	EGAN00001252912	PCSI_0142_Si_R	SAMEA3168493
EGAS00001000395	Pancreatic Cancer Sequencing Initiative OICR	Cancer Genomics	EGAZ00001315297	REFERENCE_ALIGNMENT	WGS Sequencing of PACA-CA samples	EGAN00001252982	PCSI_0466_Si_R	SAMEA3168675
EGAS00001000395	Pancreatic Cancer Sequencing Initiative OICR	Cancer Genomics	EGAZ00001315293	REFERENCE_ALIGNMENT	WGS Sequencing of PACA-CA samples	EGAN00001253074	PCSI_0352_Du_R	SAMEA3168917
EGAS00001000395	Pancreatic Cancer Sequencing Initiative OICR	Cancer Genomics	EGAZ00001315329	REFERENCE_ALIGNMENT	WGS Sequencing of PACA-CA samples	EGAN00001252908	PCSI_0104_Si_R	SAMEA3168489
EGAS00001000395	Pancreatic Cancer Sequencing Initiative OICR	Cancer Genomics	EGAZ00001315324	REFERENCE_ALIGNMENT	WGS Sequencing of PACA-CA samples	EGAN00001504288	PCSI_0629_Sp_R	SAMEA103910113
EGAS00001000395	Pancreatic Cancer Sequencing Initiative OICR	Cancer Genomics	EGAZ00001315353	REFERENCE_ALIGNMENT	WGS Sequencing of PACA-CA samples	EGAN00001504212	PCSI_0236_Ly_R	SAMEA103910037
EGAS00001000395	Pancreatic Cancer Sequencing Initiative OICR	Cancer Genomics	EGAZ00001315309	REFERENCE_ALIGNMENT	WGS Sequencing of PACA-CA samples	EGAN00001252889	PCSI_0509_Pa_R	SAMEA3168470
EGAS00001000395	Pancreatic Cancer Sequencing Initiative OICR	Cancer Genomics	EGAZ00001315314	REFERENCE_ALIGNMENT	WGS Sequencing of PACA-CA samples	EGAN00001278853	PCSI_0531_Ly_R	SAMEA3432682
EGAS00001000395	Pancreatic Cancer Sequencing Initiative OICR	Cancer Genomics	EGAZ00001315347	REFERENCE_ALIGNMENT	WGS Sequencing of PACA-CA samples	EGAN00001252992	PCSI_0218_Pa_R	SAMEA3168696
EGAS00001000395	Pancreatic Cancer Sequencing Initiative OICR	Cancer Genomics	EGAZ00001315368	REFERENCE_ALIGNMENT	WGS Sequencing of PACA-CA samples	EGAN00001252900	PCSI_0294_St_R	SAMEA3168481
EGAS00001000395	Pancreatic Cancer Sequencing Initiative OICR	Cancer Genomics	EGAZ00001315346	REFERENCE_ALIGNMENT	WGS Sequencing of PACA-CA samples	EGAN00001253111	PCSI_0217_Pa_R	SAMEA3169119
EGAS00001000395	Pancreatic Cancer Sequencing Initiative OICR	Cancer Genomics	EGAZ00001315250	REFERENCE_ALIGNMENT	WGS Sequencing of PACA-CA samples	EGAN00001252992	PCSI_0218_Pa_R	SAMEA3168696
EGAS00001000395	Pancreatic Cancer Sequencing Initiative OICR	Cancer Genomics	EGAZ00001315388	REFERENCE_ALIGNMENT	WGS Sequencing of PACA-CA samples	EGAN00001223372	PCSI_0347_St_R	SAMEA2711104
EGAS00001000395	Pancreatic Cancer Sequencing Initiative OICR	Cancer Genomics	EGAZ00001315257	REFERENCE_ALIGNMENT	WGS Sequencing of PACA-CA samples	EGAN00001504214	PCSI_0237_Ly_R	SAMEA103910039
EGAS00001000395	Pancreatic Cancer Sequencing Initiative OICR	Cancer Genomics	EGAZ00001315272	REFERENCE_ALIGNMENT	WGS Sequencing of PACA-CA samples	EGAN00001252902	PCSI_0295_Si_R	SAMEA3168483
EGAS00001000395	Pancreatic Cancer Sequencing Initiative OICR	Cancer Genomics	EGAZ00001315330	REFERENCE_ALIGNMENT	WGS Sequencing of PACA-CA samples	EGAN00001253044	PCSI_0105_Pa_R	SAMEA3168887
EGAS00001000395	Pancreatic Cancer Sequencing Initiative OICR	Cancer Genomics	EGAZ00001315366	REFERENCE_ALIGNMENT	WGS Sequencing of PACA-CA samples	EGAN00001252896	PCSI_0290_St_R	SAMEA3168477
EGAS00001000395	Pancreatic Cancer Sequencing Initiative OICR	Cancer Genomics	EGAZ00001315350	REFERENCE_ALIGNMENT	WGS Sequencing of PACA-CA samples	EGAN00001252920	PCSI_0230_Si_R	SAMEA3168501
EGAS00001000395	Pancreatic Cancer Sequencing Initiative OICR	Cancer Genomics	EGAZ00001315401	REFERENCE_ALIGNMENT	WGS Sequencing of PACA-CA samples	EGAN00001278846	PCSI_0476_Si_R	SAMEA3432675
EGAS00001000395	Pancreatic Cancer Sequencing Initiative OICR	Cancer Genomics	EGAZ00001315237	REFERENCE_ALIGNMENT	WGS Sequencing of PACA-CA samples	EGAN00001252910	PCSI_0132_Si_R	SAMEA3168491
EGAS00001000395	Pancreatic Cancer Sequencing Initiative OICR	Cancer Genomics	EGAZ00001315331	REFERENCE_ALIGNMENT	WGS Sequencing of PACA-CA samples	EGAN00001253046	PCSI_0108_St_R	SAMEA3168889
EGAS00001000395	Pancreatic Cancer Sequencing Initiative OICR	Cancer Genomics	EGAZ00001315400	REFERENCE_ALIGNMENT	WGS Sequencing of PACA-CA samples	EGAN00001504230	PCSI_0475_Pa_R	SAMEA103910055
EGAS00001000395	Pancreatic Cancer Sequencing Initiative OICR	Cancer Genomics	EGAZ00001315276	REFERENCE_ALIGNMENT	WGS Sequencing of PACA-CA samples	EGAN00001224016	PCSI_0305_Ly_R	SAMEA2720011
EGAS00001000395	Pancreatic Cancer Sequencing Initiative OICR	Cancer Genomics	EGAZ00001315291	REFERENCE_ALIGNMENT	WGS Sequencing of PACA-CA samples	EGAN00001223372	PCSI_0347_St_R	SAMEA2711104
EGAS00001000395	Pancreatic Cancer Sequencing Initiative OICR	Cancer Genomics	EGAZ00001315306	REFERENCE_ALIGNMENT	WGS Sequencing of PACA-CA samples	EGAN00001252884	PCSI_0504_Ly_R	SAMEA3168465
EGAS00001000395	Pancreatic Cancer Sequencing Initiative OICR	Cancer Genomics	EGAZ00001315277	REFERENCE_ALIGNMENT	WGS Sequencing of PACA-CA samples	EGAN00001223374	PCSI_0307_Ly_R	SAMEA2711106
EGAS00001000395	Pancreatic Cancer Sequencing Initiative OICR	Cancer Genomics	EGAZ00001315242	REFERENCE_ALIGNMENT	WGS Sequencing of PACA-CA samples	EGAN00001252914	PCSI_0170_Si_R	SAMEA3168495
EGAS00001000395	Pancreatic Cancer Sequencing Initiative OICR	Cancer Genomics	EGAZ00001315245	REFERENCE_ALIGNMENT	WGS Sequencing of PACA-CA samples	EGAN00001253107	PCSI_0174_St_R	SAMEA3169115
EGAS00001000395	Pancreatic Cancer Sequencing Initiative OICR	Cancer Genomics	EGAZ00001315396	REFERENCE_ALIGNMENT	WGS Sequencing of PACA-CA samples	EGAN00001254464	PCSI_0469_Si_R	SAMEA3178153
EGAS00001000395	Pancreatic Cancer Sequencing Initiative OICR	Cancer Genomics	EGAZ00001315421	REFERENCE_ALIGNMENT	WGS Sequencing of PACA-CA samples	EGAN00001504288	PCSI_0629_Sp_R	SAMEA103910113
EGAS00001000395	Pancreatic Cancer Sequencing Initiative OICR	Cancer Genomics	EGAZ00001315308	REFERENCE_ALIGNMENT	WGS Sequencing of PACA-CA samples	EGAN00001253079	PCSI_0508_Ly_R	SAMEA3168922
EGAS00001000395	Pancreatic Cancer Sequencing Initiative OICR	Cancer Genomics	EGAZ00001315333	REFERENCE_ALIGNMENT	WGS Sequencing of PACA-CA samples	EGAN00001253050	PCSI_0111_Si_R	SAMEA3168893
EGAS00001000395	Pancreatic Cancer Sequencing Initiative OICR	Cancer Genomics	EGAZ00001315381	REFERENCE_ALIGNMENT	WGS Sequencing of PACA-CA samples	EGAN00001252973	PCSI_0326_Ly_R	SAMEA3168666
EGAS00001000395	Pancreatic Cancer Sequencing Initiative OICR	Cancer Genomics	EGAZ00001315301	REFERENCE_ALIGNMENT	WGS Sequencing of PACA-CA samples	EGAN00001252883	PCSI_0473_Si_R	SAMEA3168464
EGAS00001000395	Pancreatic Cancer Sequencing Initiative OICR	Cancer Genomics	EGAZ00001315365	REFERENCE_ALIGNMENT	WGS Sequencing of PACA-CA samples	EGAN00001253038	PCSI_0285_Ly_R	SAMEA3168881
EGAS00001000395	Pancreatic Cancer Sequencing Initiative OICR	Cancer Genomics	EGAZ00001315409	REFERENCE_ALIGNMENT	WGS Sequencing of PACA-CA samples	EGAN00001278849	PCSI_0527_Ly_R	SAMEA3432678
EGAS00001000395	Pancreatic Cancer Sequencing Initiative OICR	Cancer Genomics	EGAZ00001315355	REFERENCE_ALIGNMENT	WGS Sequencing of PACA-CA samples	EGAN00001253101	PCSI_0261_Ly_R	SAMEA3168944
EGAS00001000395	Pancreatic Cancer Sequencing Initiative OICR	Cancer Genomics	EGAZ00001315253	REFERENCE_ALIGNMENT	WGS Sequencing of PACA-CA samples	EGAN00001252920	PCSI_0230_Si_R	SAMEA3168501
EGAS00001000395	Pancreatic Cancer Sequencing Initiative OICR	Cancer Genomics	EGAZ00001315369	REFERENCE_ALIGNMENT	WGS Sequencing of PACA-CA samples	EGAN00001252902	PCSI_0295_Si_R	SAMEA3168483
EGAS00001000395	Pancreatic Cancer Sequencing Initiative OICR	Cancer Genomics	EGAZ00001315351	REFERENCE_ALIGNMENT	WGS Sequencing of PACA-CA samples	EGAN00001252997	PCSI_0233_Ly_R	SAMEA3168701
EGAS00001000395	Pancreatic Cancer Sequencing Initiative OICR	Cancer Genomics	EGAZ00001315362	REFERENCE_ALIGNMENT	WGS Sequencing of PACA-CA samples	EGAN00001223389	PCSI_0281_Ly_R	SAMEA2711121
EGAS00001000395	Pancreatic Cancer Sequencing Initiative OICR	Cancer Genomics	EGAZ00001315405	REFERENCE_ALIGNMENT	WGS Sequencing of PACA-CA samples	EGAN00001253079	PCSI_0508_Ly_R	SAMEA3168922
EGAS00001000395	Pancreatic Cancer Sequencing Initiative OICR	Cancer Genomics	EGAZ00001315332	REFERENCE_ALIGNMENT	WGS Sequencing of PACA-CA samples	EGAN00001253048	PCSI_0109_Si_R	SAMEA3168891
EGAS00001000395	Pancreatic Cancer Sequencing Initiative OICR	Cancer Genomics	EGAZ00001315376	REFERENCE_ALIGNMENT	WGS Sequencing of PACA-CA samples	EGAN00001253062	PCSI_0310_Ly_R	SAMEA3168905
EGAS00001000395	Pancreatic Cancer Sequencing Initiative OICR	Cancer Genomics	EGAZ00001315304	REFERENCE_ALIGNMENT	WGS Sequencing of PACA-CA samples	EGAN00001278846	PCSI_0476_Si_R	SAMEA3432675
EGAS00001000395	Pancreatic Cancer Sequencing Initiative OICR	Cancer Genomics	EGAZ00001315360	REFERENCE_ALIGNMENT	WGS Sequencing of PACA-CA samples	EGAN00001253012	PCSI_0274_Ly_R	SAMEA3168716
EGAS00001000395	Pancreatic Cancer Sequencing Initiative OICR	Cancer Genomics	EGAZ00001315299	REFERENCE_ALIGNMENT	WGS Sequencing of PACA-CA samples	EGAN00001254464	PCSI_0469_Si_R	SAMEA3178153
EGAS00001000395	Pancreatic Cancer Sequencing Initiative OICR	Cancer Genomics	EGAZ00001315248	REFERENCE_ALIGNMENT	WGS Sequencing of PACA-CA samples	EGAN00001253109	PCSI_0210_St_R	SAMEA3169117
EGAS00001000395	Pancreatic Cancer Sequencing Initiative OICR	Cancer Genomics	EGAZ00001315392	REFERENCE_ALIGNMENT	WGS Sequencing of PACA-CA samples	EGAN00001253078	PCSI_0357_St_R	SAMEA3168921
EGAS00001000395	Pancreatic Cancer Sequencing Initiative OICR	Cancer Genomics	EGAZ00001315349	REFERENCE_ALIGNMENT	WGS Sequencing of PACA-CA samples	EGAN00001252918	PCSI_0226_Sp_R	SAMEA3168499
EGAS00001000395	Pancreatic Cancer Sequencing Initiative OICR	Cancer Genomics	EGAZ00001315316	REFERENCE_ALIGNMENT	WGS Sequencing of PACA-CA samples	EGAN00001278855	PCSI_0537_Ly_R	SAMEA3432684
EGAS00001000395	Pancreatic Cancer Sequencing Initiative OICR	Cancer Genomics	EGAZ00001315240	REFERENCE_ALIGNMENT	WGS Sequencing of PACA-CA samples	EGAN00001253056	PCSI_0161_Sp_R	SAMEA3168899
EGAS00001000395	Pancreatic Cancer Sequencing Initiative OICR	Cancer Genomics	EGAZ00001315420	REFERENCE_ALIGNMENT	WGS Sequencing of PACA-CA samples	EGAN00001504286	PCSI_0628_St_R	SAMEA103910111
EGAS00001000395	Pancreatic Cancer Sequencing Initiative OICR	Cancer Genomics	EGAZ00001315348	REFERENCE_ALIGNMENT	WGS Sequencing of PACA-CA samples	EGAN00001223375	PCSI_0224_Ly_R	SAMEA2711107
EGAS00001000395	Pancreatic Cancer Sequencing Initiative OICR	Cancer Genomics	EGAZ00001315344	REFERENCE_ALIGNMENT	WGS Sequencing of PACA-CA samples	EGAN00001278840	PCSI_0208_St_R	SAMEA3432669
EGAS00001000395	Pancreatic Cancer Sequencing Initiative OICR	Cancer Genomics	EGAZ00001315357	REFERENCE_ALIGNMENT	WGS Sequencing of PACA-CA samples	EGAN00001253006	PCSI_0264_Ly_R	SAMEA3168710
EGAS00001000395	Pancreatic Cancer Sequencing Initiative OICR	Cancer Genomics	EGAZ00001315340	REFERENCE_ALIGNMENT	WGS Sequencing of PACA-CA samples	EGAN00001254351	PCSI_0171_St_R	SAMEA3177019
EGAS00001000395	Pancreatic Cancer Sequencing Initiative OICR	Cancer Genomics	EGAZ00001315307	REFERENCE_ALIGNMENT	WGS Sequencing of PACA-CA samples	EGAN00001252886	PCSI_0506_Ly_R	SAMEA3168467
EGAS00001000395	Pancreatic Cancer Sequencing Initiative OICR	Cancer Genomics	EGAZ00001315267	REFERENCE_ALIGNMENT	WGS Sequencing of PACA-CA samples	EGAN00001252921	PCSI_0284_Ly_R	SAMEA3168502
EGAS00001000395	Pancreatic Cancer Sequencing Initiative OICR	Cancer Genomics	EGAZ00001315320	REFERENCE_ALIGNMENT	WGS Sequencing of PACA-CA samples	EGAN00001504266	PCSI_0610_Si_R	SAMEA103910091
EGAS00001000395	Pancreatic Cancer Sequencing Initiative OICR	Cancer Genomics	EGAZ00001315284	REFERENCE_ALIGNMENT	WGS Sequencing of PACA-CA samples	EGAN00001252973	PCSI_0326_Ly_R	SAMEA3168666
EGAS00001000395	Pancreatic Cancer Sequencing Initiative OICR	Cancer Genomics	EGAZ00001315269	REFERENCE_ALIGNMENT	WGS Sequencing of PACA-CA samples	EGAN00001252896	PCSI_0290_St_R	SAMEA3168477
EGAS00001000395	Pancreatic Cancer Sequencing Initiative OICR	Cancer Genomics	EGAZ00001315281	REFERENCE_ALIGNMENT	WGS Sequencing of PACA-CA samples	EGAN00001223387	PCSI_0312_Ly_R	SAMEA2711119
EGAS00001000395	Pancreatic Cancer Sequencing Initiative OICR	Cancer Genomics	EGAZ00001315416	REFERENCE_ALIGNMENT	WGS Sequencing of PACA-CA samples	EGAN00001504246	PCSI_0589_Si_R	SAMEA103910071
EGAS00001000395	Pancreatic Cancer Sequencing Initiative OICR	Cancer Genomics	EGAZ00001315386	REFERENCE_ALIGNMENT	WGS Sequencing of PACA-CA samples	EGAN00001253277	PCSI_0338_Ly_R	SAMEA3170935
EGAS00001000395	Pancreatic Cancer Sequencing Initiative OICR	Cancer Genomics	EGAZ00001315311	REFERENCE_ALIGNMENT	WGS Sequencing of PACA-CA samples	EGAN00001504231	PCSI_0518_Ly_R	SAMEA103910056
EGAS00001000395	Pancreatic Cancer Sequencing Initiative OICR	Cancer Genomics	EGAZ00001315300	REFERENCE_ALIGNMENT	WGS Sequencing of PACA-CA samples	EGAN00001278844	PCSI_0472_Si_R	SAMEA3432673
EGAS00001000395	Pancreatic Cancer Sequencing Initiative OICR	Cancer Genomics	EGAZ00001315341	REFERENCE_ALIGNMENT	WGS Sequencing of PACA-CA samples	EGAN00001253105	PCSI_0173_St_R	SAMEA3169113
EGAS00001000395	Pancreatic Cancer Sequencing Initiative OICR	Cancer Genomics	EGAZ00001315390	REFERENCE_ALIGNMENT	WGS Sequencing of PACA-CA samples	EGAN00001253074	PCSI_0352_Du_R	SAMEA3168917
EGAS00001000395	Pancreatic Cancer Sequencing Initiative OICR	Cancer Genomics	EGAZ00001315251	REFERENCE_ALIGNMENT	WGS Sequencing of PACA-CA samples	EGAN00001223375	PCSI_0224_Ly_R	SAMEA2711107
EGAS00001000395	Pancreatic Cancer Sequencing Initiative OICR	Cancer Genomics	EGAZ00001315230	REFERENCE_ALIGNMENT	WGS Sequencing of PACA-CA samples	EGAN00001253024	PCSI_0101_Si_R	SAMEA3168728
EGAS00001000395	Pancreatic Cancer Sequencing Initiative OICR	Cancer Genomics	EGAZ00001315252	REFERENCE_ALIGNMENT	WGS Sequencing of PACA-CA samples	EGAN00001252918	PCSI_0226_Sp_R	SAMEA3168499
EGAS00001000395	Pancreatic Cancer Sequencing Initiative OICR	Cancer Genomics	EGAZ00001315310	REFERENCE_ALIGNMENT	WGS Sequencing of PACA-CA samples	EGAN00001252890	PCSI_0511_Ly_R	SAMEA3168471
EGAS00001000395	Pancreatic Cancer Sequencing Initiative OICR	Cancer Genomics	EGAZ00001315372	REFERENCE_ALIGNMENT	WGS Sequencing of PACA-CA samples	EGAN00001223378	PCSI_0303_Ly_R	SAMEA2711110
EGAS00001000395	Pancreatic Cancer Sequencing Initiative OICR	Cancer Genomics	EGAZ00001315338	REFERENCE_ALIGNMENT	WGS Sequencing of PACA-CA samples	EGAN00001223448	PCSI_0164_Du_R	SAMEA2711180
EGAS00001000395	Pancreatic Cancer Sequencing Initiative OICR	Cancer Genomics	EGAZ00001315278	REFERENCE_ALIGNMENT	WGS Sequencing of PACA-CA samples	EGAN00001252905	PCSI_0309_Ly_R	SAMEA3168486
EGAS00001000395	Pancreatic Cancer Sequencing Initiative OICR	Cancer Genomics	EGAZ00001315256	REFERENCE_ALIGNMENT	WGS Sequencing of PACA-CA samples	EGAN00001504212	PCSI_0236_Ly_R	SAMEA103910037
EGAS00001000395	Pancreatic Cancer Sequencing Initiative OICR	Cancer Genomics	EGAZ00001315371	REFERENCE_ALIGNMENT	WGS Sequencing of PACA-CA samples	EGAN00001253060	PCSI_0302_Ly_R	SAMEA3168903
EGAS00001000395	Pancreatic Cancer Sequencing Initiative OICR	Cancer Genomics	EGAZ00001315286	REFERENCE_ALIGNMENT	WGS Sequencing of PACA-CA samples	EGAN00001253273	PCSI_0329_Ly_R	SAMEA3170931
EGAS00001000395	Pancreatic Cancer Sequencing Initiative OICR	Cancer Genomics	EGAZ00001315394	REFERENCE_ALIGNMENT	WGS Sequencing of PACA-CA samples	EGAN00001252982	PCSI_0466_Si_R	SAMEA3168675
EGAS00001000395	Pancreatic Cancer Sequencing Initiative OICR	Cancer Genomics	EGAZ00001315305	REFERENCE_ALIGNMENT	WGS Sequencing of PACA-CA samples	EGAN00001278848	PCSI_0477_Si_R	SAMEA3432677
EGAS00001000395	Pancreatic Cancer Sequencing Initiative OICR	Cancer Genomics	EGAZ00001315233	REFERENCE_ALIGNMENT	WGS Sequencing of PACA-CA samples	EGAN00001253044	PCSI_0105_Pa_R	SAMEA3168887
EGAS00001000395	Pancreatic Cancer Sequencing Initiative OICR	Cancer Genomics	EGAZ00001315234	REFERENCE_ALIGNMENT	WGS Sequencing of PACA-CA samples	EGAN00001253046	PCSI_0108_St_R	SAMEA3168889
EGAS00001000395	Pancreatic Cancer Sequencing Initiative OICR	Cancer Genomics	EGAZ00001315414	REFERENCE_ALIGNMENT	WGS Sequencing of PACA-CA samples	EGAN00001253081	PCSI_0547_Ly_R	SAMEA3168924
EGAS00001000395	Pancreatic Cancer Sequencing Initiative OICR	Cancer Genomics	EGAZ00001315334	REFERENCE_ALIGNMENT	WGS Sequencing of PACA-CA samples	EGAN00001252910	PCSI_0132_Si_R	SAMEA3168491
EGAS00001000395	Pancreatic Cancer Sequencing Initiative OICR	Cancer Genomics	EGAZ00001315399	REFERENCE_ALIGNMENT	WGS Sequencing of PACA-CA samples	EGAN00001504228	PCSI_0474_Pa_R	SAMEA103910053
EGAS00001000395	Pancreatic Cancer Sequencing Initiative OICR	Cancer Genomics	EGAZ00001315367	REFERENCE_ALIGNMENT	WGS Sequencing of PACA-CA samples	EGAN00001252898	PCSI_0292_Sp_R	SAMEA3168479
EGAS00001000395	Pancreatic Cancer Sequencing Initiative OICR	Cancer Genomics	EGAZ00001315244	REFERENCE_ALIGNMENT	WGS Sequencing of PACA-CA samples	EGAN00001253105	PCSI_0173_St_R	SAMEA3169113
EGAS00001000395	Pancreatic Cancer Sequencing Initiative OICR	Cancer Genomics	EGAZ00001315354	REFERENCE_ALIGNMENT	WGS Sequencing of PACA-CA samples	EGAN00001504214	PCSI_0237_Ly_R	SAMEA103910039
EGAS00001000395	Pancreatic Cancer Sequencing Initiative OICR	Cancer Genomics	EGAZ00001315313	REFERENCE_ALIGNMENT	WGS Sequencing of PACA-CA samples	EGAN00001278851	PCSI_0528_Ly_R	SAMEA3432680
EGAS00001000395	Pancreatic Cancer Sequencing Initiative OICR	Cancer Genomics	EGAZ00001315273	REFERENCE_ALIGNMENT	WGS Sequencing of PACA-CA samples	EGAN00001252904	PCSI_0297_Sp_R	SAMEA3168485
EGAS00001000395	Pancreatic Cancer Sequencing Initiative OICR	Cancer Genomics	EGAZ00001315358	REFERENCE_ALIGNMENT	WGS Sequencing of PACA-CA samples	EGAN00001253008	PCSI_0268_Ly_R	SAMEA3168712
EGAS00001000395	Pancreatic Cancer Sequencing Initiative OICR	Cancer Genomics	EGAZ00001315387	REFERENCE_ALIGNMENT	WGS Sequencing of PACA-CA samples	EGAN00001278841	PCSI_0340_Ly_R	SAMEA3432670
EGAS00001000395	Pancreatic Cancer Sequencing Initiative OICR	Cancer Genomics	EGAZ00001315265	REFERENCE_ALIGNMENT	WGS Sequencing of PACA-CA samples	EGAN00001223389	PCSI_0281_Ly_R	SAMEA2711121
EGAS00001000395	Pancreatic Cancer Sequencing Initiative OICR	Cancer Genomics	EGAZ00001315327	REFERENCE_ALIGNMENT	WGS Sequencing of PACA-CA samples	EGAN00001253024	PCSI_0101_Si_R	SAMEA3168728
EGAS00001000395	Pancreatic Cancer Sequencing Initiative OICR	Cancer Genomics	EGAZ00001315342	REFERENCE_ALIGNMENT	WGS Sequencing of PACA-CA samples	EGAN00001253107	PCSI_0174_St_R	SAMEA3169115
EGAS00001000395	Pancreatic Cancer Sequencing Initiative OICR	Cancer Genomics	EGAZ00001315259	REFERENCE_ALIGNMENT	WGS Sequencing of PACA-CA samples	EGAN00001253004	PCSI_0263_Ly_R	SAMEA3168708
EGAS00001000395	Pancreatic Cancer Sequencing Initiative OICR	Cancer Genomics	EGAZ00001315274	REFERENCE_ALIGNMENT	WGS Sequencing of PACA-CA samples	EGAN00001253060	PCSI_0302_Ly_R	SAMEA3168903
EGAS00001000395	Pancreatic Cancer Sequencing Initiative OICR	Cancer Genomics	EGAZ00001315263	REFERENCE_ALIGNMENT	WGS Sequencing of PACA-CA samples	EGAN00001253012	PCSI_0274_Ly_R	SAMEA3168716
EGAS00001000395	Pancreatic Cancer Sequencing Initiative OICR	Cancer Genomics	EGAZ00001315423	REFERENCE_ALIGNMENT	WGS Sequencing of PACA-CA samples	EGAN00001504292	PCSI_0639_Si_R	SAMEA103910117
EGAS00001000395	Pancreatic Cancer Sequencing Initiative OICR	Cancer Genomics	EGAZ00001315315	REFERENCE_ALIGNMENT	WGS Sequencing of PACA-CA samples	EGAN00001504239	PCSI_0534_Ly_R	SAMEA103910064
EGAS00001000395	Pancreatic Cancer Sequencing Initiative OICR	Cancer Genomics	EGAZ00001315302	REFERENCE_ALIGNMENT	WGS Sequencing of PACA-CA samples	EGAN00001504228	PCSI_0474_Pa_R	SAMEA103910053
EGAS00001000395	Pancreatic Cancer Sequencing Initiative OICR	Cancer Genomics	EGAZ00001315236	REFERENCE_ALIGNMENT	WGS Sequencing of PACA-CA samples	EGAN00001253050	PCSI_0111_Si_R	SAMEA3168893
EGAS00001000395	Pancreatic Cancer Sequencing Initiative OICR	Cancer Genomics	EGAZ00001315303	REFERENCE_ALIGNMENT	WGS Sequencing of PACA-CA samples	EGAN00001504230	PCSI_0475_Pa_R	SAMEA103910055
EGAS00001000395	Pancreatic Cancer Sequencing Initiative OICR	Cancer Genomics	EGAZ00001315418	REFERENCE_ALIGNMENT	WGS Sequencing of PACA-CA samples	EGAN00001504274	PCSI_0616_Si_R	SAMEA103910099
EGAS00001000395	Pancreatic Cancer Sequencing Initiative OICR	Cancer Genomics	EGAZ00001315356	REFERENCE_ALIGNMENT	WGS Sequencing of PACA-CA samples	EGAN00001253004	PCSI_0263_Ly_R	SAMEA3168708
EGAS00001000395	Pancreatic Cancer Sequencing Initiative OICR	Cancer Genomics	EGAZ00001315264	REFERENCE_ALIGNMENT	WGS Sequencing of PACA-CA samples	EGAN00001223382	PCSI_0279_Ly_R	SAMEA2711114
EGAS00001000395	Pancreatic Cancer Sequencing Initiative OICR	Cancer Genomics	EGAZ00001315378	REFERENCE_ALIGNMENT	WGS Sequencing of PACA-CA samples	EGAN00001223387	PCSI_0312_Ly_R	SAMEA2711119
EGAS00001000395	Pancreatic Cancer Sequencing Initiative OICR	Cancer Genomics	EGAZ00001315380	REFERENCE_ALIGNMENT	WGS Sequencing of PACA-CA samples	EGAN00001253066	PCSI_0325_Ly_R	SAMEA3168909
EGAS00001000395	Pancreatic Cancer Sequencing Initiative OICR	Cancer Genomics	EGAZ00001315290	REFERENCE_ALIGNMENT	WGS Sequencing of PACA-CA samples	EGAN00001278841	PCSI_0340_Ly_R	SAMEA3432670
EGAS00001000395	Pancreatic Cancer Sequencing Initiative OICR	Cancer Genomics	EGAZ00001315336	REFERENCE_ALIGNMENT	WGS Sequencing of PACA-CA samples	EGAN00001253052	PCSI_0145_Sp_R	SAMEA3168895
EGAS00001000395	Pancreatic Cancer Sequencing Initiative OICR	Cancer Genomics	EGAZ00001315238	REFERENCE_ALIGNMENT	WGS Sequencing of PACA-CA samples	EGAN00001252912	PCSI_0142_Si_R	SAMEA3168493
EGAS00001000395	Pancreatic Cancer Sequencing Initiative OICR	Cancer Genomics	EGAZ00001315397	REFERENCE_ALIGNMENT	WGS Sequencing of PACA-CA samples	EGAN00001278844	PCSI_0472_Si_R	SAMEA3432673
EGAS00001000395	Pancreatic Cancer Sequencing Initiative OICR	Cancer Genomics	EGAZ00001315352	REFERENCE_ALIGNMENT	WGS Sequencing of PACA-CA samples	EGAN00001252999	PCSI_0235_Ly_R	SAMEA3168703
EGAS00001000395	Pancreatic Cancer Sequencing Initiative OICR	Cancer Genomics	EGAZ00001315294	REFERENCE_ALIGNMENT	WGS Sequencing of PACA-CA samples	EGAN00001223381	PCSI_0356_St_R	SAMEA2711113
EGAS00001000395	Pancreatic Cancer Sequencing Initiative OICR	Cancer Genomics	EGAZ00001315343	REFERENCE_ALIGNMENT	WGS Sequencing of PACA-CA samples	EGAN00001252916	PCSI_0175_Si_R	SAMEA3168497
EGAS00001000395	Pancreatic Cancer Sequencing Initiative OICR	Cancer Genomics	EGAZ00001315271	REFERENCE_ALIGNMENT	WGS Sequencing of PACA-CA samples	EGAN00001252900	PCSI_0294_St_R	SAMEA3168481
EGAS00001000395	Pancreatic Cancer Sequencing Initiative OICR	Cancer Genomics	EGAZ00001315318	REFERENCE_ALIGNMENT	WGS Sequencing of PACA-CA samples	EGAN00001252892	PCSI_0572_Ly_R	SAMEA3168473
EGAS00001000395	Pancreatic Cancer Sequencing Initiative OICR	Cancer Genomics	EGAZ00001315377	REFERENCE_ALIGNMENT	WGS Sequencing of PACA-CA samples	EGAN00001223383	PCSI_0311_Ly_R	SAMEA2711115
EGAS00001000395	Pancreatic Cancer Sequencing Initiative OICR	Cancer Genomics	EGAZ00001315385	REFERENCE_ALIGNMENT	WGS Sequencing of PACA-CA samples	EGAN00001252979	PCSI_0337_Ly_R	SAMEA3168672
EGAS00001000395	Pancreatic Cancer Sequencing Initiative OICR	Cancer Genomics	EGAZ00001315279	REFERENCE_ALIGNMENT	WGS Sequencing of PACA-CA samples	EGAN00001253062	PCSI_0310_Ly_R	SAMEA3168905
EGAS00001000395	Pancreatic Cancer Sequencing Initiative OICR	Cancer Genomics	EGAZ00001315404	REFERENCE_ALIGNMENT	WGS Sequencing of PACA-CA samples	EGAN00001252886	PCSI_0506_Ly_R	SAMEA3168467
EGAS00001000395	Pancreatic Cancer Sequencing Initiative OICR	Cancer Genomics	EGAZ00001315359	REFERENCE_ALIGNMENT	WGS Sequencing of PACA-CA samples	EGAN00001253010	PCSI_0269_Ly_R	SAMEA3168714
EGAS00001000395	Pancreatic Cancer Sequencing Initiative OICR	Cancer Genomics	EGAZ00001315298	REFERENCE_ALIGNMENT	WGS Sequencing of PACA-CA samples	EGAN00001253269	PCSI_0468_Si_R	SAMEA3170917
EGAS00001000395	Pancreatic Cancer Sequencing Initiative OICR	Cancer Genomics	EGAZ00001315231	REFERENCE_ALIGNMENT	WGS Sequencing of PACA-CA samples	EGAN00001252972	PCSI_0103_Si_R	SAMEA3168665
EGAS00001000395	Pancreatic Cancer Sequencing Initiative OICR	Cancer Genomics	EGAZ00001315337	REFERENCE_ALIGNMENT	WGS Sequencing of PACA-CA samples	EGAN00001253056	PCSI_0161_Sp_R	SAMEA3168899
EGAS00001000395	Pancreatic Cancer Sequencing Initiative OICR	Cancer Genomics	EGAZ00001315429	REFERENCE_ALIGNMENT	WGS Sequencing of PACA-CA samples	EGAN00001253275	PCSI_0334_Ly_R	SAMEA3170933
EGAS00001000395	Pancreatic Cancer Sequencing Initiative OICR	Cancer Genomics	EGAZ00001315433	REFERENCE_ALIGNMENT	WGS Sequencing of PACA-CA samples	EGAN00001253267	PCSI_0467_Sp_R	SAMEA3170915
EGAS00001000395	Pancreatic Cancer Sequencing Initiative OICR	Cancer Genomics	EGAZ00001315431	REFERENCE_ALIGNMENT	WGS Sequencing of PACA-CA samples	EGAN00001253072	PCSI_0345_Ly_R	SAMEA3168915
EGAS00001000395	Pancreatic Cancer Sequencing Initiative OICR	Cancer Genomics	EGAZ00001315428	REFERENCE_ALIGNMENT	WGS Sequencing of PACA-CA samples	EGAN00001253059	PCSI_0300_St_R	SAMEA3168902
EGAS00001000395	Pancreatic Cancer Sequencing Initiative OICR	Cancer Genomics	EGAZ00001315426	REFERENCE_ALIGNMENT	WGS Sequencing of PACA-CA samples	EGAN00001254349	PCSI_0228_St_R	SAMEA3177017
EGAS00001000395	Pancreatic Cancer Sequencing Initiative OICR	Cancer Genomics	EGAZ00001315424	REFERENCE_ALIGNMENT	WGS Sequencing of PACA-CA samples	EGAN00001253103	PCSI_0162_Si_R	SAMEA3169111
EGAS00001000395	Pancreatic Cancer Sequencing Initiative OICR	Cancer Genomics	EGAZ00001315443	REFERENCE_ALIGNMENT	WGS Sequencing of PACA-CA samples	EGAN00001504314	RAMP_0005_Mu_R	SAMEA103910139
EGAS00001000395	Pancreatic Cancer Sequencing Initiative OICR	Cancer Genomics	EGAZ00001315425	REFERENCE_ALIGNMENT	WGS Sequencing of PACA-CA samples	EGAN00001252994	PCSI_0227_St_R	SAMEA3168698
EGAS00001000395	Pancreatic Cancer Sequencing Initiative OICR	Cancer Genomics	EGAZ00001315430	REFERENCE_ALIGNMENT	WGS Sequencing of PACA-CA samples	EGAN00001253070	PCSI_0341_Ly_R	SAMEA3168913
EGAS00001000395	Pancreatic Cancer Sequencing Initiative OICR	Cancer Genomics	EGAZ00001315432	REFERENCE_ALIGNMENT	WGS Sequencing of PACA-CA samples	EGAN00001253263	PCSI_0463_Si_R	SAMEA3170911
EGAS00001000395	Pancreatic Cancer Sequencing Initiative OICR	Cancer Genomics	EGAZ00001315436	REFERENCE_ALIGNMENT	WGS Sequencing of PACA-CA samples	EGAN00001504294	PCSI_0642_St_R	SAMEA103910119
EGAS00001000395	Pancreatic Cancer Sequencing Initiative OICR	Cancer Genomics	EGAZ00001315435	REFERENCE_ALIGNMENT	WGS Sequencing of PACA-CA samples	EGAN00001504242	PCSI_0549_Si_R	SAMEA103910067
EGAS00001000395	Pancreatic Cancer Sequencing Initiative OICR	Cancer Genomics	EGAZ00001315434	REFERENCE_ALIGNMENT	WGS Sequencing of PACA-CA samples	EGAN00001253271	PCSI_0492_Si_R	SAMEA3170919
EGAS00001000395	Pancreatic Cancer Sequencing Initiative OICR	Cancer Genomics	EGAZ00001315439	REFERENCE_ALIGNMENT	WGS Sequencing of PACA-CA samples	EGAN00001504300	PCSI_0649_Si_R	SAMEA103910125
EGAS00001000395	Pancreatic Cancer Sequencing Initiative OICR	Cancer Genomics	EGAZ00001315445	REFERENCE_ALIGNMENT	WGS Sequencing of PACA-CA samples	EGAN00001504323	RAMP_0008_Mu_R	SAMEA103910148
EGAS00001000395	Pancreatic Cancer Sequencing Initiative OICR	Cancer Genomics	EGAZ00001315427	REFERENCE_ALIGNMENT	WGS Sequencing of PACA-CA samples	EGAN00001253096	PCSI_0250_St_R	SAMEA3168939
EGAS00001000395	Pancreatic Cancer Sequencing Initiative OICR	Cancer Genomics	EGAZ00001315438	REFERENCE_ALIGNMENT	WGS Sequencing of PACA-CA samples	EGAN00001504298	PCSI_0645_Sp_R	SAMEA103910123
EGAS00001000395	Pancreatic Cancer Sequencing Initiative OICR	Cancer Genomics	EGAZ00001315441	REFERENCE_ALIGNMENT	WGS Sequencing of PACA-CA samples	EGAN00001504307	RAMP_0002_Mu_R	SAMEA103910132
EGAS00001000395	Pancreatic Cancer Sequencing Initiative OICR	Cancer Genomics	EGAZ00001315444	REFERENCE_ALIGNMENT	WGS Sequencing of PACA-CA samples	EGAN00001504319	RAMP_0007_Mu_R	SAMEA103910144
EGAS00001000395	Pancreatic Cancer Sequencing Initiative OICR	Cancer Genomics	EGAZ00001315442	REFERENCE_ALIGNMENT	WGS Sequencing of PACA-CA samples	EGAN00001504311	RAMP_0004_Mu_R	SAMEA103910136
EGAS00001000395	Pancreatic Cancer Sequencing Initiative OICR	Cancer Genomics	EGAZ00001315440	REFERENCE_ALIGNMENT	WGS Sequencing of PACA-CA samples	EGAN00001504302	PCSI_0653_Si_R	SAMEA103910127
EGAS00001000395	Pancreatic Cancer Sequencing Initiative OICR	Cancer Genomics	EGAZ00001315447	REFERENCE_ALIGNMENT	WGS Sequencing of PACA-CA samples	EGAN00001253031	ASHPC_0034_Pa_R	SAMEA3168735
EGAS00001000395	Pancreatic Cancer Sequencing Initiative OICR	Cancer Genomics	EGAZ00001315459	REFERENCE_ALIGNMENT	WGS Sequencing of PACA-CA samples	EGAN00001504316	RAMP_0006_Mu_R	SAMEA103910141
EGAS00001000395	Pancreatic Cancer Sequencing Initiative OICR	Cancer Genomics	EGAZ00001315446	REFERENCE_ALIGNMENT	WGS Sequencing of PACA-CA samples	EGAN00001253029	ASHPC_0031_Pa_R	SAMEA3168733
EGAS00001000395	Pancreatic Cancer Sequencing Initiative OICR	Cancer Genomics	EGAZ00001315458	REFERENCE_ALIGNMENT	WGS Sequencing of PACA-CA samples	EGAN00001504216	PCSI_0339_Ly_R	SAMEA103910041
EGAS00001000395	Pancreatic Cancer Sequencing Initiative OICR	Cancer Genomics	EGAZ00001315451	REFERENCE_ALIGNMENT	WGS Sequencing of PACA-CA samples	EGAN00001253091	PCSI_0240_Ly_R	SAMEA3168934
EGAS00001000395	Pancreatic Cancer Sequencing Initiative OICR	Cancer Genomics	EGAZ00001315450	REFERENCE_ALIGNMENT	WGS Sequencing of PACA-CA samples	EGAN00001253001	PCSI_0239_Ly_R	SAMEA3168705
EGAS00001000395	Pancreatic Cancer Sequencing Initiative OICR	Cancer Genomics	EGAZ00001315456	REFERENCE_ALIGNMENT	WGS Sequencing of PACA-CA samples	EGAN00001253041	PCSI_0286_Sp_R	SAMEA3168884
EGAS00001000395	Pancreatic Cancer Sequencing Initiative OICR	Cancer Genomics	EGAZ00001315457	REFERENCE_ALIGNMENT	WGS Sequencing of PACA-CA samples	EGAN00001253057	PCSI_0287_St_R	SAMEA3168900
EGAS00001000395	Pancreatic Cancer Sequencing Initiative OICR	Cancer Genomics	EGAZ00001315455	REFERENCE_ALIGNMENT	WGS Sequencing of PACA-CA samples	EGAN00001253034	PCSI_0280_Ly_R	SAMEA3168877
EGAS00001000395	Pancreatic Cancer Sequencing Initiative OICR	Cancer Genomics	EGAZ00001315449	REFERENCE_ALIGNMENT	WGS Sequencing of PACA-CA samples	EGAN00001253054	PCSI_0146_Si_R	SAMEA3168897
EGAS00001000395	Pancreatic Cancer Sequencing Initiative OICR	Cancer Genomics	EGAZ00001315476	REFERENCE_ALIGNMENT	WGS Sequencing of PACA-CA samples	EGAN00001252911	PCSI_0142_Pa_P_526	SAMEA3168492
EGAS00001000395	Pancreatic Cancer Sequencing Initiative OICR	Cancer Genomics	EGAZ00001315462	REFERENCE_ALIGNMENT	WGS Sequencing of PACA-CA samples	EGAN00001253030	ASHPC_0034_Pa_P	SAMEA3168734
EGAS00001000395	Pancreatic Cancer Sequencing Initiative OICR	Cancer Genomics	EGAZ00001315470	REFERENCE_ALIGNMENT	WGS Sequencing of PACA-CA samples	EGAN00001253045	PCSI_0108_Pa_P_526	SAMEA3168888
EGAS00001000395	Pancreatic Cancer Sequencing Initiative OICR	Cancer Genomics	EGAZ00001315480	REFERENCE_ALIGNMENT	WGS Sequencing of PACA-CA samples	EGAN00001253102	PCSI_0162_Pa_P_526	SAMEA3169110
EGAS00001000395	Pancreatic Cancer Sequencing Initiative OICR	Cancer Genomics	EGAZ00001315461	REFERENCE_ALIGNMENT	WGS Sequencing of PACA-CA samples	EGAN00001253028	ASHPC_0031_Pa_P	SAMEA3168732
EGAS00001000395	Pancreatic Cancer Sequencing Initiative OICR	Cancer Genomics	EGAZ00001315463	REFERENCE_ALIGNMENT	WGS Sequencing of PACA-CA samples	EGAN00001223409	PCSI_0101_Pa_P	SAMEA2711141
EGAS00001000395	Pancreatic Cancer Sequencing Initiative OICR	Cancer Genomics	EGAZ00001315467	REFERENCE_ALIGNMENT	WGS Sequencing of PACA-CA samples	EGAN00001252971	PCSI_0103_Pa_P_526	SAMEA3168664
EGAS00001000395	Pancreatic Cancer Sequencing Initiative OICR	Cancer Genomics	EGAZ00001315460	REFERENCE_ALIGNMENT	WGS Sequencing of PACA-CA samples	EGAN00001252991	ASHPC_0028_Pa_P	SAMEA3168695
EGAS00001000395	Pancreatic Cancer Sequencing Initiative OICR	Cancer Genomics	EGAZ00001315474	REFERENCE_ALIGNMENT	WGS Sequencing of PACA-CA samples	EGAN00001253049	PCSI_0111_Pa_P_526	SAMEA3168892
EGAS00001000395	Pancreatic Cancer Sequencing Initiative OICR	Cancer Genomics	EGAZ00001315493	REFERENCE_ALIGNMENT	WGS Sequencing of PACA-CA samples	EGAN00001254348	PCSI_0228_Pa_P_526	SAMEA3177016
EGAS00001000395	Pancreatic Cancer Sequencing Initiative OICR	Cancer Genomics	EGAZ00001315472	REFERENCE_ALIGNMENT	WGS Sequencing of PACA-CA samples	EGAN00001253047	PCSI_0109_Pa_P_526	SAMEA3168890
EGAS00001000395	Pancreatic Cancer Sequencing Initiative OICR	Cancer Genomics	EGAZ00001315486	REFERENCE_ALIGNMENT	WGS Sequencing of PACA-CA samples	EGAN00001252915	PCSI_0175_Pa_P_526	SAMEA3168496
EGAS00001000395	Pancreatic Cancer Sequencing Initiative OICR	Cancer Genomics	EGAZ00001315473	REFERENCE_ALIGNMENT	WGS Sequencing of PACA-CA samples	EGAN00001223395	PCSI_0111_Pa_P	SAMEA2711127
EGAS00001000395	Pancreatic Cancer Sequencing Initiative OICR	Cancer Genomics	EGAZ00001315483	REFERENCE_ALIGNMENT	WGS Sequencing of PACA-CA samples	EGAN00001254350	PCSI_0171_Pa_P_526	SAMEA3177018
EGAS00001000395	Pancreatic Cancer Sequencing Initiative OICR	Cancer Genomics	EGAZ00001315465	REFERENCE_ALIGNMENT	WGS Sequencing of PACA-CA samples	EGAN00001225006	PCSI_0102_Pa_P	SAMEA2738377
EGAS00001000395	Pancreatic Cancer Sequencing Initiative OICR	Cancer Genomics	EGAZ00001315482	REFERENCE_ALIGNMENT	WGS Sequencing of PACA-CA samples	EGAN00001252913	PCSI_0170_Pa_P_526	SAMEA3168494
EGAS00001000395	Pancreatic Cancer Sequencing Initiative OICR	Cancer Genomics	EGAZ00001315494	REFERENCE_ALIGNMENT	WGS Sequencing of PACA-CA samples	EGAN00001252919	PCSI_0230_Pa_P_526	SAMEA3168500
EGAS00001000395	Pancreatic Cancer Sequencing Initiative OICR	Cancer Genomics	EGAZ00001315477	REFERENCE_ALIGNMENT	WGS Sequencing of PACA-CA samples	EGAN00001253051	PCSI_0145_Pa_P_526	SAMEA3168894
EGAS00001000395	Pancreatic Cancer Sequencing Initiative OICR	Cancer Genomics	EGAZ00001315491	REFERENCE_ALIGNMENT	WGS Sequencing of PACA-CA samples	EGAN00001252917	PCSI_0226_Pa_P_526	SAMEA3168498
EGAS00001000395	Pancreatic Cancer Sequencing Initiative OICR	Cancer Genomics	EGAZ00001315468	REFERENCE_ALIGNMENT	WGS Sequencing of PACA-CA samples	EGAN00001252907	PCSI_0104_Pa_P_526	SAMEA3168488
EGAS00001000395	Pancreatic Cancer Sequencing Initiative OICR	Cancer Genomics	EGAZ00001315487	REFERENCE_ALIGNMENT	WGS Sequencing of PACA-CA samples	EGAN00001278839	PCSI_0208_Pa_P_526	SAMEA3432668
EGAS00001000395	Pancreatic Cancer Sequencing Initiative OICR	Cancer Genomics	EGAZ00001315488	REFERENCE_ALIGNMENT	WGS Sequencing of PACA-CA samples	EGAN00001253108	PCSI_0210_Pa_P_526	SAMEA3169116
EGAS00001000395	Pancreatic Cancer Sequencing Initiative OICR	Cancer Genomics	EGAZ00001315490	REFERENCE_ALIGNMENT	WGS Sequencing of PACA-CA samples	EGAN00001226401	PCSI_0218_Pa_P_526	SAMEA2768653
EGAS00001000395	Pancreatic Cancer Sequencing Initiative OICR	Cancer Genomics	EGAZ00001315478	REFERENCE_ALIGNMENT	WGS Sequencing of PACA-CA samples	EGAN00001253053	PCSI_0146_Pa_P_526	SAMEA3168896
EGAS00001000395	Pancreatic Cancer Sequencing Initiative OICR	Cancer Genomics	EGAZ00001315485	REFERENCE_ALIGNMENT	WGS Sequencing of PACA-CA samples	EGAN00001253106	PCSI_0174_Pa_P_526	SAMEA3169114
EGAS00001000395	Pancreatic Cancer Sequencing Initiative OICR	Cancer Genomics	EGAZ00001315475	REFERENCE_ALIGNMENT	WGS Sequencing of PACA-CA samples	EGAN00001252909	PCSI_0132_Pa_P_526	SAMEA3168490
EGAS00001000395	Pancreatic Cancer Sequencing Initiative OICR	Cancer Genomics	EGAZ00001315492	REFERENCE_ALIGNMENT	WGS Sequencing of PACA-CA samples	EGAN00001252993	PCSI_0227_Pa_P_526	SAMEA3168697
EGAS00001000395	Pancreatic Cancer Sequencing Initiative OICR	Cancer Genomics	EGAZ00001315489	REFERENCE_ALIGNMENT	WGS Sequencing of PACA-CA samples	EGAN00001253110	PCSI_0217_Pa_P_526	SAMEA3169118
EGAS00001000395	Pancreatic Cancer Sequencing Initiative OICR	Cancer Genomics	EGAZ00001315481	REFERENCE_ALIGNMENT	WGS Sequencing of PACA-CA samples	EGAN00001226403	PCSI_0164_Pa_P_526	SAMEA2768655
EGAS00001000395	Pancreatic Cancer Sequencing Initiative OICR	Cancer Genomics	EGAZ00001315469	REFERENCE_ALIGNMENT	WGS Sequencing of PACA-CA samples	EGAN00001253043	PCSI_0105_Pa_P_526	SAMEA3168886
EGAS00001000395	Pancreatic Cancer Sequencing Initiative OICR	Cancer Genomics	EGAZ00001315479	REFERENCE_ALIGNMENT	WGS Sequencing of PACA-CA samples	EGAN00001253055	PCSI_0161_Pa_P_526	SAMEA3168898
EGAS00001000395	Pancreatic Cancer Sequencing Initiative OICR	Cancer Genomics	EGAZ00001315484	REFERENCE_ALIGNMENT	WGS Sequencing of PACA-CA samples	EGAN00001253104	PCSI_0173_Pa_P_526	SAMEA3169112
EGAS00001000395	Pancreatic Cancer Sequencing Initiative OICR	Cancer Genomics	EGAZ00001315464	REFERENCE_ALIGNMENT	WGS Sequencing of PACA-CA samples	EGAN00001253023	PCSI_0101_Pa_P_526	SAMEA3168727
EGAS00001000395	Pancreatic Cancer Sequencing Initiative OICR	Cancer Genomics	EGAZ00001315466	REFERENCE_ALIGNMENT	WGS Sequencing of PACA-CA samples	EGAN00001252970	PCSI_0102_Pa_P_526	SAMEA3168663
EGAS00001000395	Pancreatic Cancer Sequencing Initiative OICR	Cancer Genomics	EGAZ00001315471	REFERENCE_ALIGNMENT	WGS Sequencing of PACA-CA samples	EGAN00001223620	PCSI_0109_Pa_P	SAMEA2714061
EGAS00001000395	Pancreatic Cancer Sequencing Initiative OICR	Cancer Genomics	EGAZ00001315384	REFERENCE_ALIGNMENT	WGS Sequencing of PACA-CA samples	EGAN00001252975	PCSI_0330_Ly_R	SAMEA3168668
EGAS00001000395	Pancreatic Cancer Sequencing Initiative OICR	Cancer Genomics	EGAZ00001315289	REFERENCE_ALIGNMENT	WGS Sequencing of PACA-CA samples	EGAN00001253277	PCSI_0338_Ly_R	SAMEA3170935
EGAS00001000395	Pancreatic Cancer Sequencing Initiative OICR	Cancer Genomics	EGAZ00001315189	REFERENCE_ALIGNMENT	WGS Sequencing of PACA-CA samples	EGAN00001223365	PCSI_0109_Ly_R	SAMEA2711097
EGAS00001000395	Pancreatic Cancer Sequencing Initiative OICR	Cancer Genomics	EGAZ00001315186	REFERENCE_ALIGNMENT	WGS Sequencing of PACA-CA samples	EGAN00001223356	PCSI_0101_Ly_R	SAMEA2711088
EGAS00001000395	Pancreatic Cancer Sequencing Initiative OICR	Cancer Genomics	EGAZ00001315382	REFERENCE_ALIGNMENT	WGS Sequencing of PACA-CA samples	EGAN00001253068	PCSI_0328_Ly_R	SAMEA3168911
EGAS00001000395	Pancreatic Cancer Sequencing Initiative OICR	Cancer Genomics	EGAZ00001315375	REFERENCE_ALIGNMENT	WGS Sequencing of PACA-CA samples	EGAN00001252905	PCSI_0309_Ly_R	SAMEA3168486
EGAS00001000395	Pancreatic Cancer Sequencing Initiative OICR	Cancer Genomics	EGAZ00001315395	REFERENCE_ALIGNMENT	WGS Sequencing of PACA-CA samples	EGAN00001253269	PCSI_0468_Si_R	SAMEA3170917
EGAS00001000395	Pancreatic Cancer Sequencing Initiative OICR	Cancer Genomics	EGAZ00001315379	REFERENCE_ALIGNMENT	WGS Sequencing of PACA-CA samples	EGAN00001253064	PCSI_0324_Ly_R	SAMEA3168907
EGAS00001000395	Pancreatic Cancer Sequencing Initiative OICR	Cancer Genomics	EGAZ00001315374	REFERENCE_ALIGNMENT	WGS Sequencing of PACA-CA samples	EGAN00001223374	PCSI_0307_Ly_R	SAMEA2711106
EGAS00001000395	Pancreatic Cancer Sequencing Initiative OICR	Cancer Genomics	EGAZ00001315417	REFERENCE_ALIGNMENT	WGS Sequencing of PACA-CA samples	EGAN00001504266	PCSI_0610_Si_R	SAMEA103910091
EGAS00001000395	Pancreatic Cancer Sequencing Initiative OICR	Cancer Genomics	EGAZ00001315495	REFERENCE_ALIGNMENT	WGS Sequencing of PACA-CA samples	EGAN00001253003	PCSI_0261_Pa_P_526	SAMEA3168707
EGAS00001000395	Pancreatic Cancer Sequencing Initiative OICR	Cancer Genomics	EGAZ00001315511	REFERENCE_ALIGNMENT	WGS Sequencing of PACA-CA samples	EGAN00001252899	PCSI_0294_Pa_P_526	SAMEA3168480
EGAS00001000395	Pancreatic Cancer Sequencing Initiative OICR	Cancer Genomics	EGAZ00001315499	REFERENCE_ALIGNMENT	WGS Sequencing of PACA-CA samples	EGAN00001253011	PCSI_0269_Pa_P_526	SAMEA3168715
EGAS00001000395	Pancreatic Cancer Sequencing Initiative OICR	Cancer Genomics	EGAZ00001315502	REFERENCE_ALIGNMENT	WGS Sequencing of PACA-CA samples	EGAN00001253035	PCSI_0280_Pa_P_526	SAMEA3168878
EGAS00001000395	Pancreatic Cancer Sequencing Initiative OICR	Cancer Genomics	EGAZ00001315517	REFERENCE_ALIGNMENT	WGS Sequencing of PACA-CA samples	EGAN00001226405	PCSI_0305_Pa_P_526	SAMEA2768657
EGAS00001000395	Pancreatic Cancer Sequencing Initiative OICR	Cancer Genomics	EGAZ00001315508	REFERENCE_ALIGNMENT	WGS Sequencing of PACA-CA samples	EGAN00001253042	PCSI_0287_Pa_P_526	SAMEA3168885
EGAS00001000395	Pancreatic Cancer Sequencing Initiative OICR	Cancer Genomics	EGAZ00001315507	REFERENCE_ALIGNMENT	WGS Sequencing of PACA-CA samples	EGAN00001253040	PCSI_0286_Pa_P_526	SAMEA3168883
EGAS00001000395	Pancreatic Cancer Sequencing Initiative OICR	Cancer Genomics	EGAZ00001315520	REFERENCE_ALIGNMENT	WGS Sequencing of PACA-CA samples	EGAN00001253063	PCSI_0310_Pa_P_526	SAMEA3168906
EGAS00001000395	Pancreatic Cancer Sequencing Initiative OICR	Cancer Genomics	EGAZ00001315497	REFERENCE_ALIGNMENT	WGS Sequencing of PACA-CA samples	EGAN00001253007	PCSI_0264_Pa_P_526	SAMEA3168711
EGAS00001000395	Pancreatic Cancer Sequencing Initiative OICR	Cancer Genomics	EGAZ00001315505	REFERENCE_ALIGNMENT	WGS Sequencing of PACA-CA samples	EGAN00001252894	PCSI_0284_Pa_P_526	SAMEA3168475
