Gender=Unknown;Phenotype=Matched Normal;Donor Id=PD4109b;ENA-CHECKLIST=ERC000011;
Gender=Unknown;Phenotype=Breast Cancer;Donor Id=PD4086a;ENA-CHECKLIST=ERC000011;
Gender=Unknown;Phenotype=Matched Normal;Donor Id=PD4086b;ENA-CHECKLIST=ERC000011;
Gender=Unknown;Phenotype=Breast Cancer;Donor Id=PD4107a;ENA-CHECKLIST=ERC000011;
Gender=Unknown;Phenotype=Matched Normal;Donor Id=PD4107b;ENA-CHECKLIST=ERC000011;
Gender=Unknown;Phenotype=Breast Cancer;Donor Id=PD4109a;ENA-CHECKLIST=ERC000011;
Gender=Unknown;Phenotype=Breast Cancer;Donor Id=PD4086a;ENA-CHECKLIST=ERC000011;
Gender=Unknown;Phenotype=Breast Cancer;Donor Id=PD4086a;ENA-CHECKLIST=ERC000011;
Gender=Unknown;Phenotype=Breast Cancer;Donor Id=PD4086a;ENA-CHECKLIST=ERC000011;
Gender=Unknown;Phenotype=Breast Cancer;Donor Id=PD4086a;ENA-CHECKLIST=ERC000011;
Gender=Unknown;Phenotype=Breast Cancer;Donor Id=PD4086a;ENA-CHECKLIST=ERC000011;
Gender=Unknown;Phenotype=Breast Cancer;Donor Id=PD4086a;ENA-CHECKLIST=ERC000011;
Gender=Unknown;Phenotype=Breast Cancer;Donor Id=PD4086a;ENA-CHECKLIST=ERC000011;
Gender=Unknown;Phenotype=Breast Cancer;Donor Id=PD4086a;ENA-CHECKLIST=ERC000011;
Gender=Unknown;Phenotype=Matched Normal;Donor Id=PD4086b;ENA-CHECKLIST=ERC000011;
Gender=Unknown;Phenotype=Matched Normal;Donor Id=PD4086b;ENA-CHECKLIST=ERC000011;
Gender=Unknown;Phenotype=Matched Normal;Donor Id=PD4086b;ENA-CHECKLIST=ERC000011;
Gender=Unknown;Phenotype=Matched Normal;Donor Id=PD4086b;ENA-CHECKLIST=ERC000011;
Gender=Unknown;Phenotype=Matched Normal;Donor Id=PD4086b;ENA-CHECKLIST=ERC000011;
Gender=Unknown;Phenotype=Matched Normal;Donor Id=PD4086b;ENA-CHECKLIST=ERC000011;
Gender=Unknown;Phenotype=Matched Normal;Donor Id=PD4086b;ENA-CHECKLIST=ERC000011;
Gender=Unknown;Phenotype=Matched Normal;Donor Id=PD4109b;ENA-CHECKLIST=ERC000011;
Gender=Unknown;Phenotype=Matched Normal;Donor Id=PD4109b;ENA-CHECKLIST=ERC000011;
Gender=Unknown;Phenotype=Matched Normal;Donor Id=PD4109b;ENA-CHECKLIST=ERC000011;
Gender=Unknown;Phenotype=Matched Normal;Donor Id=PD4109b;ENA-CHECKLIST=ERC000011;
Gender=Unknown;Phenotype=Breast Cancer;Donor Id=PD4086a;ENA-CHECKLIST=ERC000011;
Gender=Unknown;Phenotype=Breast Cancer;Donor Id=PD4086a;ENA-CHECKLIST=ERC000011;
Gender=Unknown;Phenotype=Breast Cancer;Donor Id=PD4086a;ENA-CHECKLIST=ERC000011;
Gender=Unknown;Phenotype=Breast Cancer;Donor Id=PD4086a;ENA-CHECKLIST=ERC000011;
Gender=Unknown;Phenotype=Breast Cancer;Donor Id=PD4086a;ENA-CHECKLIST=ERC000011;
Gender=Unknown;Phenotype=Breast Cancer;Donor Id=PD4086a;ENA-CHECKLIST=ERC000011;
Gender=Unknown;Phenotype=Breast Cancer;Donor Id=PD4086a;ENA-CHECKLIST=ERC000011;
Gender=Unknown;Phenotype=Matched Normal;Donor Id=PD4086b;ENA-CHECKLIST=ERC000011;
Gender=Unknown;Phenotype=Matched Normal;Donor Id=PD4086b;ENA-CHECKLIST=ERC000011;
Gender=Unknown;Phenotype=Matched Normal;Donor Id=PD4086b;ENA-CHECKLIST=ERC000011;
Gender=Unknown;Phenotype=Matched Normal;Donor Id=PD4086b;ENA-CHECKLIST=ERC000011;
Gender=Unknown;Phenotype=Matched Normal;Donor Id=PD4086b;ENA-CHECKLIST=ERC000011;
Gender=Unknown;Phenotype=Matched Normal;Donor Id=PD4086b;ENA-CHECKLIST=ERC000011;
Gender=Unknown;Phenotype=Matched Normal;Donor Id=PD4086b;ENA-CHECKLIST=ERC000011;
Gender=Unknown;Phenotype=Matched Normal;Donor Id=PD4086b;ENA-CHECKLIST=ERC000011;
Gender=Unknown;Phenotype=Matched Normal;Donor Id=PD4107b;ENA-CHECKLIST=ERC000011;
Gender=Unknown;Phenotype=Matched Normal;Donor Id=PD4107b;ENA-CHECKLIST=ERC000011;
Gender=Unknown;Phenotype=Matched Normal;Donor Id=PD4107b;ENA-CHECKLIST=ERC000011;
Gender=Unknown;Phenotype=Matched Normal;Donor Id=PD4107b;ENA-CHECKLIST=ERC000011;
Gender=Unknown;Phenotype=Matched Normal;Donor Id=PD4107b;ENA-CHECKLIST=ERC000011;
Gender=Unknown;Phenotype=Breast Cancer;Donor Id=PD4086a;ENA-CHECKLIST=ERC000011;
Gender=Unknown;Phenotype=Matched Normal;Donor Id=PD4086b;ENA-CHECKLIST=ERC000011;
Gender=Unknown;Phenotype=Matched Normal;Donor Id=PD4109b;ENA-CHECKLIST=ERC000011;
Gender=Unknown;Phenotype=Breast Cancer;Donor Id=PD4109a;ENA-CHECKLIST=ERC000011;
Gender=Unknown;Phenotype=Breast Cancer;Donor Id=PD4109a;ENA-CHECKLIST=ERC000011;
Gender=Unknown;Phenotype=Breast Cancer;Donor Id=PD4109a;ENA-CHECKLIST=ERC000011;
Gender=Unknown;Phenotype=Breast Cancer;Donor Id=PD4109a;ENA-CHECKLIST=ERC000011;
Gender=Unknown;Phenotype=Breast Cancer;Donor Id=PD4109a;ENA-CHECKLIST=ERC000011;
Gender=Unknown;Phenotype=Breast Cancer;Donor Id=PD4109a;ENA-CHECKLIST=ERC000011;
Gender=Unknown;Phenotype=Breast Cancer;Donor Id=PD4109a;ENA-CHECKLIST=ERC000011;
Gender=Unknown;Phenotype=Breast Cancer;Donor Id=PD4109a;ENA-CHECKLIST=ERC000011;
Gender=Unknown;Phenotype=Matched Normal;Donor Id=PD4086b;ENA-CHECKLIST=ERC000011;
Gender=Unknown;Phenotype=Matched Normal;Donor Id=PD4086b;ENA-CHECKLIST=ERC000011;
Gender=Unknown;Phenotype=Matched Normal;Donor Id=PD4086b;ENA-CHECKLIST=ERC000011;
Gender=Unknown;Phenotype=Matched Normal;Donor Id=PD4086b;ENA-CHECKLIST=ERC000011;
Gender=Unknown;Phenotype=Breast Cancer;Donor Id=PD4109a;ENA-CHECKLIST=ERC000011;
Gender=Unknown;Phenotype=Breast Cancer;Donor Id=PD4109a;ENA-CHECKLIST=ERC000011;
Gender=Unknown;Phenotype=Breast Cancer;Donor Id=PD4109a;ENA-CHECKLIST=ERC000011;
Gender=Unknown;Phenotype=Breast Cancer;Donor Id=PD4109a;ENA-CHECKLIST=ERC000011;
Gender=Unknown;Phenotype=Breast Cancer;Donor Id=PD4109a;ENA-CHECKLIST=ERC000011;
Gender=Unknown;Phenotype=Breast Cancer;Donor Id=PD4109a;ENA-CHECKLIST=ERC000011;
Gender=Unknown;Phenotype=Breast Cancer;Donor Id=PD4109a;ENA-CHECKLIST=ERC000011;
Gender=Unknown;Phenotype=Matched Normal;Donor Id=PD4109b;ENA-CHECKLIST=ERC000011;
Gender=Unknown;Phenotype=Matched Normal;Donor Id=PD4109b;ENA-CHECKLIST=ERC000011;
Gender=Unknown;Phenotype=Matched Normal;Donor Id=PD4109b;ENA-CHECKLIST=ERC000011;
Gender=Unknown;Phenotype=Matched Normal;Donor Id=PD4109b;ENA-CHECKLIST=ERC000011;
Gender=Unknown;Phenotype=Matched Normal;Donor Id=PD4109b;ENA-CHECKLIST=ERC000011;
Gender=Unknown;Phenotype=Matched Normal;Donor Id=PD4109b;ENA-CHECKLIST=ERC000011;
Gender=Unknown;Phenotype=Matched Normal;Donor Id=PD4109b;ENA-CHECKLIST=ERC000011;
Gender=Unknown;Phenotype=Matched Normal;Donor Id=PD4109b;ENA-CHECKLIST=ERC000011;
Gender=Unknown;Phenotype=Matched Normal;Donor Id=PD4109b;ENA-CHECKLIST=ERC000011;
Gender=Unknown;Phenotype=Matched Normal;Donor Id=PD4109b;ENA-CHECKLIST=ERC000011;
Gender=Unknown;Phenotype=Matched Normal;Donor Id=PD4109b;ENA-CHECKLIST=ERC000011;
Gender=Unknown;Phenotype=Matched Normal;Donor Id=PD4109b;ENA-CHECKLIST=ERC000011;
Gender=Unknown;Phenotype=Matched Normal;Donor Id=PD4109b;ENA-CHECKLIST=ERC000011;
Gender=Unknown;Phenotype=Matched Normal;Donor Id=PD4109b;ENA-CHECKLIST=ERC000011;
Gender=Unknown;Phenotype=Matched Normal;Donor Id=PD4109b;ENA-CHECKLIST=ERC000011;
Gender=Unknown;Phenotype=Matched Normal;Donor Id=PD4109b;ENA-CHECKLIST=ERC000011;
Gender=Unknown;Phenotype=Breast Cancer;Donor Id=PD4107a;ENA-CHECKLIST=ERC000011;
Gender=Unknown;Phenotype=Breast Cancer;Donor Id=PD4107a;ENA-CHECKLIST=ERC000011;
Gender=Unknown;Phenotype=Breast Cancer;Donor Id=PD4107a;ENA-CHECKLIST=ERC000011;
Gender=Unknown;Phenotype=Breast Cancer;Donor Id=PD4107a;ENA-CHECKLIST=ERC000011;
Gender=Unknown;Phenotype=Breast Cancer;Donor Id=PD4107a;ENA-CHECKLIST=ERC000011;
Gender=Unknown;Phenotype=Breast Cancer;Donor Id=PD4107a;ENA-CHECKLIST=ERC000011;
Gender=Unknown;Phenotype=Breast Cancer;Donor Id=PD4107a;ENA-CHECKLIST=ERC000011;
Gender=Unknown;Phenotype=Breast Cancer;Donor Id=PD4107a;ENA-CHECKLIST=ERC000011;
Gender=Unknown;Phenotype=Breast Cancer;Donor Id=PD4107a;ENA-CHECKLIST=ERC000011;
Gender=Unknown;Phenotype=Breast Cancer;Donor Id=PD4107a;ENA-CHECKLIST=ERC000011;
Gender=Unknown;Phenotype=Breast Cancer;Donor Id=PD4107a;ENA-CHECKLIST=ERC000011;
Gender=Unknown;Phenotype=Breast Cancer;Donor Id=PD4107a;ENA-CHECKLIST=ERC000011;
Gender=Unknown;Phenotype=Breast Cancer;Donor Id=PD4107a;ENA-CHECKLIST=ERC000011;
Gender=Unknown;Phenotype=Matched Normal;Donor Id=PD4107b;ENA-CHECKLIST=ERC000011;
Gender=Unknown;Phenotype=Matched Normal;Donor Id=PD4107b;ENA-CHECKLIST=ERC000011;
Gender=Unknown;Phenotype=Matched Normal;Donor Id=PD4107b;ENA-CHECKLIST=ERC000011;
Gender=Unknown;Phenotype=Matched Normal;Donor Id=PD4107b;ENA-CHECKLIST=ERC000011;
Gender=Unknown;Phenotype=Matched Normal;Donor Id=PD4107b;ENA-CHECKLIST=ERC000011;
Gender=Unknown;Phenotype=Matched Normal;Donor Id=PD4107b;ENA-CHECKLIST=ERC000011;
Gender=Unknown;Phenotype=Matched Normal;Donor Id=PD4107b;ENA-CHECKLIST=ERC000011;
Gender=Unknown;Phenotype=Matched Normal;Donor Id=PD4107b;ENA-CHECKLIST=ERC000011;
Gender=Unknown;Phenotype=Matched Normal;Donor Id=PD4107b;ENA-CHECKLIST=ERC000011;
Gender=Unknown;Phenotype=Matched Normal;Donor Id=PD4107b;ENA-CHECKLIST=ERC000011;
Gender=Unknown;Phenotype=Matched Normal;Donor Id=PD4107b;ENA-CHECKLIST=ERC000011;
Gender=Unknown;Phenotype=Matched Normal;Donor Id=PD4107b;ENA-CHECKLIST=ERC000011;
Gender=Unknown;Phenotype=Matched Normal;Donor Id=PD4107b;ENA-CHECKLIST=ERC000011;
Gender=Unknown;Phenotype=Matched Normal;Donor Id=PD4107b;ENA-CHECKLIST=ERC000011;
Gender=Unknown;Phenotype=Matched Normal;Donor Id=PD4107b;ENA-CHECKLIST=ERC000011;
Gender=Unknown;Phenotype=Matched Normal;Donor Id=PD4107b;ENA-CHECKLIST=ERC000011;
Gender=Unknown;Phenotype=Breast Cancer;Donor Id=PD4109a;ENA-CHECKLIST=ERC000011;
Gender=Unknown;Phenotype=Breast Cancer;Donor Id=PD4109a;ENA-CHECKLIST=ERC000011;
Gender=Unknown;Phenotype=Breast Cancer;Donor Id=PD4109a;ENA-CHECKLIST=ERC000011;
Gender=Unknown;Phenotype=Breast Cancer;Donor Id=PD4109a;ENA-CHECKLIST=ERC000011;
Gender=Unknown;Phenotype=Breast Cancer;Donor Id=PD4109a;ENA-CHECKLIST=ERC000011;
Gender=Unknown;Phenotype=Breast Cancer;Donor Id=PD4109a;ENA-CHECKLIST=ERC000011;
Gender=Unknown;Phenotype=Breast Cancer;Donor Id=PD4109a;ENA-CHECKLIST=ERC000011;
Gender=Unknown;Phenotype=Breast Cancer;Donor Id=PD4109a;ENA-CHECKLIST=ERC000011;
Gender=Unknown;Phenotype=Breast Cancer;Donor Id=PD4107a;ENA-CHECKLIST=ERC000011;
Gender=Unknown;Phenotype=Breast Cancer;Donor Id=PD4107a;ENA-CHECKLIST=ERC000011;
Gender=Unknown;Phenotype=Breast Cancer;Donor Id=PD4107a;ENA-CHECKLIST=ERC000011;
Gender=Unknown;Phenotype=Breast Cancer;Donor Id=PD4107a;ENA-CHECKLIST=ERC000011;
Gender=Unknown;Phenotype=Breast Cancer;Donor Id=PD4107a;ENA-CHECKLIST=ERC000011;
Gender=Unknown;Phenotype=Breast Cancer;Donor Id=PD4107a;ENA-CHECKLIST=ERC000011;
Gender=Unknown;Phenotype=Breast Cancer;Donor Id=PD4107a;ENA-CHECKLIST=ERC000011;
Gender=Unknown;Phenotype=Breast Cancer;Donor Id=PD4107a;ENA-CHECKLIST=ERC000011;
Gender=Unknown;Phenotype=Breast Cancer;Donor Id=PD4086a;ENA-CHECKLIST=ERC000011;
Gender=Unknown;Phenotype=Breast Cancer;Donor Id=PD4086a;ENA-CHECKLIST=ERC000011;
Gender=Unknown;Phenotype=Breast Cancer;Donor Id=PD4086a;ENA-CHECKLIST=ERC000011;
Gender=Unknown;Phenotype=Breast Cancer;Donor Id=PD4086a;ENA-CHECKLIST=ERC000011;
Gender=Unknown;Phenotype=Breast Cancer;Donor Id=PD4086a;ENA-CHECKLIST=ERC000011;
