SAMEA2201196	CAGEKID C0016N DNA SAMPLE	Donor ID=D000GNM;Phenotype=EFO_0000349;Gender=female;ENA-CHECKLIST=ERC000026;
SAMEA2201122	CAGEKID C0028N DNA SAMPLE	Donor ID=D000GNL;Phenotype=EFO_0000349;Gender=male;ENA-CHECKLIST=ERC000026;
SAMEA2201172	CAGEKID C0005N DNA SAMPLE	Donor ID=D000GOH;Phenotype=EFO_0000349;Gender=male;ENA-CHECKLIST=ERC000026;
SAMEA2201156	CAGEKID C0038N DNA SAMPLE	Donor ID=D000GO6;Phenotype=EFO_0000349;Gender=male;ENA-CHECKLIST=ERC000026;
SAMEA2201242	CAGEKID C0029N DNA SAMPLE	Donor ID=D000GOJ;Phenotype=EFO_0000349;Gender=female;ENA-CHECKLIST=ERC000026;
SAMEA2201204	CAGEKID C0047N DNA SAMPLE	Donor ID=D000GNI;Phenotype=EFO_0000349;Gender=female;ENA-CHECKLIST=ERC000026;
SAMEA2201160	CAGEKID C0062N DNA SAMPLE	Donor ID=D000GOG;Phenotype=EFO_0000349;Gender=male;ENA-CHECKLIST=ERC000026;
SAMEA2201252	CAGEKID C0077N DNA SAMPLE	Donor ID=D000GQ8;Phenotype=EFO_0000349;Gender=male;ENA-CHECKLIST=ERC000026;
SAMEA2201184	CAGEKID C0075N DNA SAMPLE	Donor ID=D000GN0;Phenotype=EFO_0000349;Gender=female;ENA-CHECKLIST=ERC000026;
SAMEA2201162	CAGEKID C0056N DNA SAMPLE	Donor ID=D000GC8;Phenotype=EFO_0000349;Gender=female;ENA-CHECKLIST=ERC000026;
SAMEA2201244	CAGEKID C0060N DNA SAMPLE	Donor ID=D000G0A;Phenotype=EFO_0000349;Gender=male;ENA-CHECKLIST=ERC000026;
SAMEA2201128	CAGEKID C0012N DNA SAMPLE	Donor ID=D000GOE;Phenotype=EFO_0000349;Gender=female;ENA-CHECKLIST=ERC000026;
SAMEA2201222	CAGEKID C0024N DNA SAMPLE	Donor ID=D000GOL;Phenotype=EFO_0000349;Gender=female;ENA-CHECKLIST=ERC000026;
SAMEA2201230	CAGEKID C0042N DNA SAMPLE	Donor ID=D000GOM;Phenotype=EFO_0000349;Gender=female;ENA-CHECKLIST=ERC000026;
SAMEA2201094	CAGEKID C0059N DNA SAMPLE	Donor ID=D000GM9;Phenotype=EFO_0000349;Gender=female;ENA-CHECKLIST=ERC000026;
SAMEA2201136	CAGEKID C0036N DNA SAMPLE	Donor ID=D000GNJ;Phenotype=EFO_0000349;Gender=male;ENA-CHECKLIST=ERC000026;
SAMEA2201174	CAGEKID C0018N DNA SAMPLE	Donor ID=D000GOK;Phenotype=EFO_0000349;Gender=male;ENA-CHECKLIST=ERC000026;
SAMEA2297278	CAGEKID C0044N DNA SAMPLE	Donor ID=D000GO5;Phenotype=EFO_0000349;Gender=female;ENA-CHECKLIST=ERC000026;
SAMEA2201180	CAGEKID C0050N DNA SAMPLE	Donor ID=D000GOF;Phenotype=EFO_0000349;Gender=female;ENA-CHECKLIST=ERC000026;
SAMEA2201120	CAGEKID C0014N DNA SAMPLE	Donor ID=D000GN1;Phenotype=EFO_0000349;Gender=female;ENA-CHECKLIST=ERC000026;
SAMEA2201240	CAGEKID C0027N DNA SAMPLE	Donor ID=D000GPY;Phenotype=EFO_0000349;Gender=male;ENA-CHECKLIST=ERC000026;
SAMEA2201158	CAGEKID C0039N DNA SAMPLE	Donor ID=D000G07;Phenotype=EFO_0000349;Gender=female;ENA-CHECKLIST=ERC000026;
SAMEA2201166	CAGEKID C0009N DNA SAMPLE	Donor ID=D000GP7;Phenotype=EFO_0000349;Gender=male;ENA-CHECKLIST=ERC000026;
SAMEA2201212	CAGEKID C0065N DNA SAMPLE	Donor ID=D000G3Y;Phenotype=EFO_0000349;Gender=male;ENA-CHECKLIST=ERC000026;
SAMEA2201214	CAGEKID C0004N DNA SAMPLE	Donor ID=D000GMJ;Phenotype=EFO_0000349;Gender=female;ENA-CHECKLIST=ERC000026;
SAMEA2201226	CAGEKID C0076N DNA SAMPLE	Donor ID=D000G0V;Phenotype=EFO_0000349;Gender=female;ENA-CHECKLIST=ERC000026;
SAMEA2201254	CAGEKID C0025N DNA SAMPLE	Donor ID=D000G0E;Phenotype=EFO_0000349;Gender=male;ENA-CHECKLIST=ERC000026;
SAMEA2297280	CAGEKID C0017N DNA SAMPLE	Donor ID=D000G19;Phenotype=EFO_0000349;Gender=female;ENA-CHECKLIST=ERC000026;
SAMEA2201178	CAGEKID C0010N DNA SAMPLE	Donor ID=D000G0C;Phenotype=EFO_0000349;Gender=female;ENA-CHECKLIST=ERC000026;
SAMEA2201186	CAGEKID C0057N DNA SAMPLE	Donor ID=D000G2L;Phenotype=EFO_0000349;Gender=female;ENA-CHECKLIST=ERC000026;
SAMEA2201124	CAGEKID C0079N DNA SAMPLE	Donor ID=D000G1B;Phenotype=EFO_0000349;Gender=female;ENA-CHECKLIST=ERC000026;
SAMEA2201246	CAGEKID C0002N DNA SAMPLE	Donor ID=D000G0F;Phenotype=EFO_0000349;Gender=male;ENA-CHECKLIST=ERC000026;
SAMEA2297276	CAGEKID C0088N DNA SAMPLE	Donor ID=D000G3K;Phenotype=EFO_0000349;Gender=male;ENA-CHECKLIST=ERC000026;
SAMEA2201182	CAGEKID C0040N DNA SAMPLE	Donor ID=D000G2I;Phenotype=EFO_0000349;Gender=female;ENA-CHECKLIST=ERC000026;
SAMEA2297272	CAGEKID C0089N DNA SAMPLE	Donor ID=D000G3J;Phenotype=EFO_0000349;Gender=female;ENA-CHECKLIST=ERC000026;
SAMEA2201116	CAGEKID C0099N DNA SAMPLE	Donor ID=D000GQ5;Phenotype=EFO_0000349;Gender=male;ENA-CHECKLIST=ERC000026;
SAMEA2201130	CAGEKID C0073N DNA SAMPLE	Donor ID=D000GMG;Phenotype=EFO_0000349;Gender=male;ENA-CHECKLIST=ERC000026;
SAMEA2201220	CAGEKID C0041N DNA SAMPLE	Donor ID=D000G1M;Phenotype=EFO_0000349;Gender=male;ENA-CHECKLIST=ERC000026;
SAMEA2201188	CAGEKID C0098N DNA SAMPLE	Donor ID=D000GQA;Phenotype=EFO_0000349;Gender=male;ENA-CHECKLIST=ERC000026;
SAMEA2201144	CAGEKID C0021N DNA SAMPLE	Donor ID=D000GPF;Phenotype=EFO_0000349;Gender=male;ENA-CHECKLIST=ERC000026;
SAMEA2201248	CAGEKID C0053N DNA SAMPLE	Donor ID=D000G2G;Phenotype=EFO_0000349;Gender=male;ENA-CHECKLIST=ERC000026;
SAMEA2201170	CAGEKID C0037N DNA SAMPLE	Donor ID=D000GMK;Phenotype=EFO_0000349;Gender=male;ENA-CHECKLIST=ERC000026;
SAMEA2201208	CAGEKID C0068N DNA SAMPLE	Donor ID=D000G0T;Phenotype=EFO_0000349;Gender=male;ENA-CHECKLIST=ERC000026;
SAMEA2201106	CAGEKID C0061N DNA SAMPLE	Donor ID=D000G1L;Phenotype=EFO_0000349;Gender=male;ENA-CHECKLIST=ERC000026;
SAMEA2201210	CAGEKID C0013N DNA SAMPLE	Donor ID=D000GP9;Phenotype=EFO_0000349;Gender=male;ENA-CHECKLIST=ERC000026;
SAMEA2297388	CAGEKID C0020N DNA SAMPLE	Donor ID=D000G08;Phenotype=EFO_0000349;Gender=male;ENA-CHECKLIST=ERC000026;
SAMEA2297274	CAGEKID C0015N DNA SAMPLE	Donor ID=D000G0Y;Phenotype=EFO_0000349;Gender=male;ENA-CHECKLIST=ERC000026;
SAMEA2201238	CAGEKID C0011N DNA SAMPLE	Donor ID=D000GMH;Phenotype=EFO_0000349;Gender=female;ENA-CHECKLIST=ERC000026;
SAMEA2201118	CAGEKID C0051N DNA SAMPLE	Donor ID=D000G2J;Phenotype=EFO_0000349;Gender=male;ENA-CHECKLIST=ERC000026;
SAMEA2201192	CAGEKID C0097N DNA SAMPLE	Donor ID=D000GQ9;Phenotype=EFO_0000349;Gender=male;ENA-CHECKLIST=ERC000026;
SAMEA2201216	CAGEKID C0034N DNA SAMPLE	Donor ID=D000GMI;Phenotype=EFO_0000349;Gender=female;ENA-CHECKLIST=ERC000026;
SAMEA2201140	CAGEKID C0091N DNA SAMPLE	Donor ID=D000GSB;Phenotype=EFO_0000349;Gender=male;ENA-CHECKLIST=ERC000026;
SAMEA2201132	CAGEKID C0083N DNA SAMPLE	Donor ID=D000G0X;Phenotype=EFO_0000349;Gender=male;ENA-CHECKLIST=ERC000026;
SAMEA2297284	CAGEKID C0006N DNA SAMPLE	Donor ID=D000G0Z;Phenotype=EFO_0000349;Gender=female;ENA-CHECKLIST=ERC000026;
SAMEA2201150	CAGEKID C0045N DNA SAMPLE	Donor ID=D000G3L;Phenotype=EFO_0000349;Gender=female;ENA-CHECKLIST=ERC000026;
SAMEA2201102	CAGEKID C0063N DNA SAMPLE	Donor ID=D000G2H;Phenotype=EFO_0000349;Gender=female;ENA-CHECKLIST=ERC000026;
SAMEA2201202	CAGEKID C0048N DNA SAMPLE	Donor ID=D000G2K;Phenotype=EFO_0000349;Gender=male;ENA-CHECKLIST=ERC000026;
SAMEA2201236	CAGEKID C0071N DNA SAMPLE	Donor ID=D000G3W;Phenotype=EFO_0000349;Gender=male;ENA-CHECKLIST=ERC000026;
SAMEA2201218	CAGEKID C0007N DNA SAMPLE	Donor ID=D000GNG;Phenotype=EFO_0000349;Gender=male;ENA-CHECKLIST=ERC000026;
SAMEA2201232	CAGEKID C0082N DNA SAMPLE	Donor ID=D000G0U;Phenotype=EFO_0000349;Gender=male;ENA-CHECKLIST=ERC000026;
SAMEA2201228	CAGEKID C0094N DNA SAMPLE	Donor ID=D000G2M;Phenotype=EFO_0000349;Gender=female;ENA-CHECKLIST=ERC000026;
SAMEA2201234	CAGEKID C0033N DNA SAMPLE	Donor ID=D000G06;Phenotype=EFO_0000349;Gender=female;ENA-CHECKLIST=ERC000026;
SAMEA2201104	CAGEKID C0001N DNA SAMPLE	Donor ID=D000GPE;Phenotype=EFO_0000349;Gender=male;ENA-CHECKLIST=ERC000026;
SAMEA2201138	CAGEKID C0100N DNA SAMPLE	Donor ID=D000GQ6;Phenotype=EFO_0000349;Gender=male;ENA-CHECKLIST=ERC000026;
SAMEA2201112	CAGEKID C0092N DNA SAMPLE	Donor ID=D000GSA;Phenotype=EFO_0000349;Gender=male;ENA-CHECKLIST=ERC000026;
SAMEA2201198	CAGEKID C0078N DNA SAMPLE	Donor ID=D000G1P;Phenotype=EFO_0000349;Gender=male;ENA-CHECKLIST=ERC000026;
SAMEA2201224	CAGEKID C0023N DNA SAMPLE	Donor ID=D000G1O;Phenotype=EFO_0000349;Gender=female;ENA-CHECKLIST=ERC000026;
SAMEA2297266	CAGEKID C0081N DNA SAMPLE	Donor ID=D000G3X;Phenotype=EFO_0000349;Gender=female;ENA-CHECKLIST=ERC000026;
SAMEA2297386	CAGEKID C0064N DNA SAMPLE	Donor ID=D000G0B;Phenotype=EFO_0000349;Gender=male;ENA-CHECKLIST=ERC000026;
SAMEA2297270	CAGEKID C0067N DNA SAMPLE	Donor ID=D000G1A;Phenotype=EFO_0000349;Gender=male;ENA-CHECKLIST=ERC000026;
SAMEA2201176	CAGEKID C0066N DNA SAMPLE	Donor ID=D000G45;Phenotype=EFO_0000349;Gender=male;ENA-CHECKLIST=ERC000026;
SAMEA2297268	CAGEKID C0043N DNA SAMPLE	Donor ID=D000GMW;Phenotype=EFO_0000349;Gender=male;ENA-CHECKLIST=ERC000026;
SAMEA2297282	CAGEKID C0008N DNA SAMPLE	Donor ID=D000GMX;Phenotype=EFO_0000349;Gender=male;ENA-CHECKLIST=ERC000026;
SAMEA2297382	CAGEKID C0022N DNA SAMPLE	Donor ID=D000G09;Phenotype=EFO_0000349;Gender=female;ENA-CHECKLIST=ERC000026;
SAMEA2201148	CAGEKID C0086N DNA SAMPLE	Donor ID=D000G1C;Phenotype=EFO_0000349;Gender=female;ENA-CHECKLIST=ERC000026;
SAMEA2201114	CAGEKID C0030N DNA SAMPLE	Donor ID=D000G0W;Phenotype=EFO_0000349;Gender=male;ENA-CHECKLIST=ERC000026;
SAMEA2201164	CAGEKID C0096N DNA SAMPLE	Donor ID=D000G0S;Phenotype=EFO_0000349;Gender=male;ENA-CHECKLIST=ERC000026;
SAMEA2201126	CAGEKID C0069N DNA SAMPLE	Donor ID=D000GNH;Phenotype=EFO_0000349;Gender=male;ENA-CHECKLIST=ERC000026;
SAMEA2201190	CAGEKID C0049N DNA SAMPLE	Donor ID=D000G32;Phenotype=EFO_0000349;Gender=male;ENA-CHECKLIST=ERC000026;
SAMEA2201152	CAGEKID C0031N DNA SAMPLE	Donor ID=D000G31;Phenotype=EFO_0000349;Gender=female;ENA-CHECKLIST=ERC000026;
SAMEA2201098	CAGEKID C0055N DNA SAMPLE	Donor ID=D000GM7;Phenotype=EFO_0000349;Gender=male;ENA-CHECKLIST=ERC000026;
SAMEA2201096	CAGEKID C0019N DNA SAMPLE	Donor ID=D000G33;Phenotype=EFO_0000349;Gender=female;ENA-CHECKLIST=ERC000026;
SAMEA2201108	CAGEKID C0054N DNA SAMPLE	Donor ID=D000G34;Phenotype=EFO_0000349;Gender=male;ENA-CHECKLIST=ERC000026;
SAMEA2201168	CAGEKID C0072N DNA SAMPLE	Donor ID=D000GM8;Phenotype=EFO_0000349;Gender=female;ENA-CHECKLIST=ERC000026;
SAMEA2201146	CAGEKID C0058N DNA SAMPLE	Donor ID=D000G36;Phenotype=EFO_0000349;Gender=female;ENA-CHECKLIST=ERC000026;
SAMEA2201100	CAGEKID C0046N DNA SAMPLE	Donor ID=D000GMV;Phenotype=EFO_0000349;Gender=male;ENA-CHECKLIST=ERC000026;
SAMEA2201194	CAGEKID C0080N DNA SAMPLE	Donor ID=D000G35;Phenotype=EFO_0000349;Gender=female;ENA-CHECKLIST=ERC000026;
SAMEA2201206	CAGEKID C0074N DNA SAMPLE	Donor ID=D000GMZ;Phenotype=EFO_0000349;Gender=male;ENA-CHECKLIST=ERC000026;
SAMEA2201250	CAGEKID C0052N DNA SAMPLE	Donor ID=D000GC7;Phenotype=EFO_0000349;Gender=male;ENA-CHECKLIST=ERC000026;
SAMEA2201142	CAGEKID C0035N DNA SAMPLE	Donor ID=D000GO4;Phenotype=EFO_0000349;Gender=male;ENA-CHECKLIST=ERC000026;
SAMEA2201110	CAGEKID C0084N DNA SAMPLE	Donor ID=D000GOI;Phenotype=EFO_0000349;Gender=female;ENA-CHECKLIST=ERC000026;
SAMEA2201154	CAGEKID C0085N DNA SAMPLE	Donor ID=D000GNN;Phenotype=EFO_0000349;Gender=female;ENA-CHECKLIST=ERC000026;
SAMEA2201134	CAGEKID C0070N DNA SAMPLE	Donor ID=D000GNK;Phenotype=EFO_0000349;Gender=female;ENA-CHECKLIST=ERC000026;
SAMEA2201200	CAGEKID C0026N DNA SAMPLE	Donor ID=D000GMY;Phenotype=EFO_0000349;Gender=female;ENA-CHECKLIST=ERC000026;
SAMEA2297384	CAGEKID C0032N DNA SAMPLE	Donor ID=D000GC6;Phenotype=EFO_0000349;Gender=male;ENA-CHECKLIST=ERC000026;
