SAMEA2733227	CME_0001_Pa_C	Sample ID=CME_0001_Pa_C;Donor ID=PCSI_0056;ENA-CHECKLIST=ERC000026;
SAMEA2738367	CME_0008_St_R	Sample ID=CME_0008_St_R;Donor ID=PCSI_0056;ENA-CHECKLIST=ERC000026;
SAMEA2711148	MPCC_0032_Pa_C	Sample ID=MPCC_0032_Pa_C;Donor ID=MPCC_0032;ENA-CHECKLIST=ERC000026;
SAMEA2720006	MPCC_0037_Pa_C	Sample ID=MPCC_0037_Pa_C;Donor ID=MPCC_0037;ENA-CHECKLIST=ERC000026;
SAMEA2711142	MPCC_0038_Pa_C	Sample ID=MPCC_0038_Pa_C;Donor ID=MPCC_0038;ENA-CHECKLIST=ERC000026;
SAMEA2711156	MPCC_0039_Pa_C	Sample ID=MPCC_0039_Pa_C;Donor ID=MPCC_0039;ENA-CHECKLIST=ERC000026;
SAMEA2711094	PCSI_0001_Ly_R	Sample ID=PCSI_0001_Ly_R;Donor ID=PCSI_0001;ENA-CHECKLIST=ERC000026;
SAMEA2711167	PCSI_0001_Pa_P	Sample ID=PCSI_0001_Pa_P;Donor ID=PCSI_0001;ENA-CHECKLIST=ERC000026;
SAMEA2711183	PCSI_0001_Pa_X	Sample ID=PCSI_0001_Pa_X;Donor ID=PCSI_0001;ENA-CHECKLIST=ERC000026;
SAMEA2711102	PCSI_0002_Ly_R	Sample ID=PCSI_0002_Ly_R;Donor ID=PCSI_0002;ENA-CHECKLIST=ERC000026;
SAMEA2711182	PCSI_0002_Pa_P	Sample ID=PCSI_0002_Pa_P;Donor ID=PCSI_0002;ENA-CHECKLIST=ERC000026;
SAMEA2720015	PCSI_0002_Pa_X	Sample ID=PCSI_0002_Pa_X;Donor ID=PCSI_0002;ENA-CHECKLIST=ERC000026;
SAMEA2711085	PCSI_0005_Ly_R	Sample ID=PCSI_0005_Ly_R;Donor ID=PCSI_0005;ENA-CHECKLIST=ERC000026;
SAMEA103909991		gender=male;phenotype=Primary tumour - solid tissue;donor_id=PCSI_0005;ENA-CHECKLIST=ERC000026;
SAMEA2711163	PCSI_0005_Pa_X	Sample ID=PCSI_0005_Pa_X;Donor ID=PCSI_0005;ENA-CHECKLIST=ERC000026;
SAMEA2734473	PCSI_0006_Ly_R	Sample ID=PCSI_0006_Ly_R;Donor ID=PCSI_0006;ENA-CHECKLIST=ERC000026;
SAMEA2734476	PCSI_0006_Pa_C	Sample ID=PCSI_0006_Pa_C;Donor ID=PCSI_0006;ENA-CHECKLIST=ERC000026;
SAMEA2711159	PCSI_0006_Pa_P	Sample ID=PCSI_0006_Pa_P;Donor ID=PCSI_0006;ENA-CHECKLIST=ERC000026;
SAMEA2711098	PCSI_0007_Ly_R	Sample ID=PCSI_0007_Ly_R;Donor ID=PCSI_0007;ENA-CHECKLIST=ERC000026;
SAMEA2711177	PCSI_0007_Pa_P	Sample ID=PCSI_0007_Pa_P;Donor ID=PCSI_0007;ENA-CHECKLIST=ERC000026;
SAMEA2711191	PCSI_0007_Pa_X	Sample ID=PCSI_0007_Pa_X;Donor ID=PCSI_0007;ENA-CHECKLIST=ERC000026;
SAMEA2711078	PCSI_0009_Ly_R	Sample ID=PCSI_0009_Ly_R;Donor ID=PCSI_0009;ENA-CHECKLIST=ERC000026;
SAMEA103909994		gender=female;phenotype=Primary tumour - solid tissue;donor_id=PCSI_0009;ENA-CHECKLIST=ERC000026;
SAMEA2711146	PCSI_0009_Pa_X	Sample ID=PCSI_0009_Pa_X;Donor ID=PCSI_0009;ENA-CHECKLIST=ERC000026;
SAMEA2711073	PCSI_0010_Ly_R	Sample ID=PCSI_0010_Ly_R;Donor ID=PCSI_0010;ENA-CHECKLIST=ERC000026;
SAMEA103909995		gender=male;phenotype=Primary tumour - solid tissue;donor_id=PCSI_0010;ENA-CHECKLIST=ERC000026;
SAMEA2711155	PCSI_0010_Pa_X	Sample ID=PCSI_0010_Pa_X;Donor ID=PCSI_0010;ENA-CHECKLIST=ERC000026;
SAMEA3176543	PCSI_0014_Pa_X	Sample ID=PCSI_0014_Pa_X;Donor ID=PCSI_0014;ENA-CHECKLIST=ERC000026;
SAMEA103909997		gender=male;phenotype=Primary tumour - solid tissue;donor_id=PCSI_0016;ENA-CHECKLIST=ERC000026;
SAMEA3177015	PCSI_0017_Pa_P	Sample ID=PCSI_0017_Pa_P;Donor ID=PCSI_0017;ENA-CHECKLIST=ERC000026;
SAMEA2711173	PCSI_0017_Pa_X	Sample ID=PCSI_0017_Pa_X;Donor ID=PCSI_0017;ENA-CHECKLIST=ERC000026;
SAMEA2714060	PCSI_0017_St_R	Sample ID=PCSI_0017_St_R;Donor ID=PCSI_0017;ENA-CHECKLIST=ERC000026;
SAMEA2711190	PCSI_0018_Pa_X	Sample ID=PCSI_0018_Pa_X;Donor ID=PCSI_0018;ENA-CHECKLIST=ERC000026;
SAMEA2711099	PCSI_0018_St_R	Sample ID=PCSI_0018_St_R;Donor ID=PCSI_0018;ENA-CHECKLIST=ERC000026;
SAMEA2711174	PCSI_0019_Pa_P	Sample ID=PCSI_0019_Pa_P;Donor ID=PCSI_0019;ENA-CHECKLIST=ERC000026;
SAMEA2714042	PCSI_0019_Pa_X	Sample ID=PCSI_0019_Pa_X;Donor ID=PCSI_0019;ENA-CHECKLIST=ERC000026;
SAMEA2711069	PCSI_0019_St_R	Sample ID=PCSI_0019_St_R;Donor ID=PCSI_0019;ENA-CHECKLIST=ERC000026;
SAMEA2711066	PCSI_0020_Ly_R	Sample ID=PCSI_0020_Ly_R;Donor ID=PCSI_0020;ENA-CHECKLIST=ERC000026;
SAMEA103909998		gender=female;phenotype=Primary tumour - solid tissue;donor_id=PCSI_0020;ENA-CHECKLIST=ERC000026;
SAMEA2711125	PCSI_0020_Pa_X	Sample ID=PCSI_0020_Pa_X;Donor ID=PCSI_0020;ENA-CHECKLIST=ERC000026;
SAMEA2711091	PCSI_0021_Ep_R	Sample ID=PCSI_0021_Ep_R;Donor ID=PCSI_0021;ENA-CHECKLIST=ERC000026;
SAMEA2711145	PCSI_0021_Pa_X	Sample ID=PCSI_0021_Pa_X;Donor ID=PCSI_0021;ENA-CHECKLIST=ERC000026;
SAMEA2711082	PCSI_0022_Ly_R	Sample ID=PCSI_0022_Ly_R;Donor ID=PCSI_0022;ENA-CHECKLIST=ERC000026;
SAMEA2711160	PCSI_0022_Pa_C	Sample ID=PCSI_0022_Pa_C;Donor ID=PCSI_0022;ENA-CHECKLIST=ERC000026;
SAMEA2711128	PCSI_0022_Pa_P	Sample ID=PCSI_0022_Pa_P;Donor ID=PCSI_0022;ENA-CHECKLIST=ERC000026;
SAMEA2711152	PCSI_0022_Pa_X	Sample ID=PCSI_0022_Pa_X;Donor ID=PCSI_0022;ENA-CHECKLIST=ERC000026;
SAMEA2711089	PCSI_0023_Ly_R	Sample ID=PCSI_0023_Ly_R;Donor ID=PCSI_0023;ENA-CHECKLIST=ERC000026;
SAMEA2711144	PCSI_0023_Pa_P	Sample ID=PCSI_0023_Pa_P;Donor ID=PCSI_0023;ENA-CHECKLIST=ERC000026;
SAMEA2734475	PCSI_0024_Ly_R	Sample ID=PCSI_0024_Ly_R;Donor ID=PCSI_0024;ENA-CHECKLIST=ERC000026;
SAMEA2711187	PCSI_0024_Pa_C	Sample ID=PCSI_0024_Pa_C;Donor ID=PCSI_0024;ENA-CHECKLIST=ERC000026;
SAMEA2711153	PCSI_0024_Pa_P	Sample ID=PCSI_0024_Pa_P;Donor ID=PCSI_0024;ENA-CHECKLIST=ERC000026;
SAMEA2711181	PCSI_0024_Pa_X	Sample ID=PCSI_0024_Pa_X;Donor ID=PCSI_0024;ENA-CHECKLIST=ERC000026;
SAMEA2711135	PCSI_0037_Pa_X	Sample ID=PCSI_0037_Pa_X;Donor ID=PCSI_0037;ENA-CHECKLIST=ERC000026;
SAMEA2738366	PCSI_0037_St_R	Sample ID=PCSI_0037_St_R;Donor ID=PCSI_0037;ENA-CHECKLIST=ERC000026;
SAMEA2711072	PCSI_0038_Ly_R	Sample ID=PCSI_0038_Ly_R;Donor ID=PCSI_0038;ENA-CHECKLIST=ERC000026;
SAMEA2711136	PCSI_0038_Pa_X	Sample ID=PCSI_0038_Pa_X;Donor ID=PCSI_0038;ENA-CHECKLIST=ERC000026;
SAMEA103909999		gender=female;phenotype=Primary tumour - solid tissue;donor_id=PCSI_0039;ENA-CHECKLIST=ERC000026;
SAMEA2711068	PCSI_0044_Ly_R	Sample ID=PCSI_0044_Ly_R;Donor ID=PCSI_0044;ENA-CHECKLIST=ERC000026;
SAMEA103910000		gender=male;phenotype=Primary tumour - solid tissue;donor_id=PCSI_0044;ENA-CHECKLIST=ERC000026;
SAMEA103910001		gender=male;phenotype=Primary tumour - solid tissue;donor_id=PCSI_0044;ENA-CHECKLIST=ERC000026;
SAMEA2747287	PCSI_0046_Ly_R	Sample ID=PCSI_0046_Ly_R;Donor ID=PCSI_0046;ENA-CHECKLIST=ERC000026;
SAMEA103910002		gender=male;phenotype=Primary tumour - solid tissue;donor_id=PCSI_0046;ENA-CHECKLIST=ERC000026;
SAMEA103910003		gender=male;phenotype=Primary tumour - solid tissue;donor_id=PCSI_0046;ENA-CHECKLIST=ERC000026;
SAMEA2711086	PCSI_0047_Ly_R	Sample ID=PCSI_0047_Ly_R;Donor ID=PCSI_0047;ENA-CHECKLIST=ERC000026;
SAMEA103910004		gender=male;phenotype=Primary tumour - solid tissue;donor_id=PCSI_0047;ENA-CHECKLIST=ERC000026;
SAMEA103910005		gender=male;phenotype=Primary tumour - solid tissue;donor_id=PCSI_0047;ENA-CHECKLIST=ERC000026;
SAMEA3168718	PCSI_0048_Ly_R	Sample ID=PCSI_0048_Ly_R;Donor ID=PCSI_0048;ENA-CHECKLIST=ERC000026;
SAMEA3168719	PCSI_0048_Pa_P	Sample ID=PCSI_0048_Pa_P;Donor ID=PCSI_0048;ENA-CHECKLIST=ERC000026;
SAMEA103910006		gender=male;phenotype=Primary tumour - solid tissue;donor_id=PCSI_0048;ENA-CHECKLIST=ERC000026;
SAMEA2720008	PCSI_0049_Pa_X	Sample ID=PCSI_0049_Pa_X;Donor ID=PCSI_0049;ENA-CHECKLIST=ERC000026;
SAMEA2738368	PCSI_0049_St_R	Sample ID=PCSI_0049_St_R;Donor ID=PCSI_0049;ENA-CHECKLIST=ERC000026;
SAMEA2747281	PCSI_0050_Pa_X	Sample ID=PCSI_0050_Pa_X;Donor ID=PCSI_0050;ENA-CHECKLIST=ERC000026;
SAMEA2711077	PCSI_0050_St_R	Sample ID=PCSI_0050_St_R;Donor ID=PCSI_0050;ENA-CHECKLIST=ERC000026;
SAMEA2711157	PCSI_0052_Pa_X	Sample ID=PCSI_0052_Pa_X;Donor ID=PCSI_0052;ENA-CHECKLIST=ERC000026;
SAMEA2733232	PCSI_0052_St_R	Sample ID=PCSI_0052_St_R;Donor ID=PCSI_0052;ENA-CHECKLIST=ERC000026;
SAMEA2711143	PCSI_0056_Pa_X	Sample ID=PCSI_0056_Pa_X;Donor ID=PCSI_0056;ENA-CHECKLIST=ERC000026;
SAMEA2711081	PCSI_0056_St_R	Sample ID=PCSI_0056_St_R;Donor ID=PCSI_0056;ENA-CHECKLIST=ERC000026;
SAMEA2714052	PCSI_0057_Pa_X	Sample ID=PCSI_0057_Pa_X;Donor ID=PCSI_0057;ENA-CHECKLIST=ERC000026;
SAMEA2733231	PCSI_0057_St_R	Sample ID=PCSI_0057_St_R;Donor ID=PCSI_0057;ENA-CHECKLIST=ERC000026;
SAMEA2734471	PCSI_0058_Pa_X	Sample ID=PCSI_0058_Pa_X;Donor ID=PCSI_0058;ENA-CHECKLIST=ERC000026;
SAMEA2738389	PCSI_0058_St_R	Sample ID=PCSI_0058_St_R;Donor ID=PCSI_0058;ENA-CHECKLIST=ERC000026;
SAMEA2711092	PCSI_0060_Ly_R	Sample ID=PCSI_0060_Ly_R;Donor ID=PCSI_0060;ENA-CHECKLIST=ERC000026;
SAMEA2711189	PCSI_0060_Pa_X	Sample ID=PCSI_0060_Pa_X;Donor ID=PCSI_0060;ENA-CHECKLIST=ERC000026;
SAMEA2720007	PCSI_0062_Ly_R	Sample ID=PCSI_0062_Ly_R;Donor ID=PCSI_0062;ENA-CHECKLIST=ERC000026;
SAMEA2734469	PCSI_0062_Pa_X	Sample ID=PCSI_0062_Pa_X;Donor ID=PCSI_0062;ENA-CHECKLIST=ERC000026;
SAMEA2747293	PCSI_0066_Ly_R	Sample ID=PCSI_0066_Ly_R;Donor ID=PCSI_0066;ENA-CHECKLIST=ERC000026;
SAMEA2711130	PCSI_0066_Pa_X	Sample ID=PCSI_0066_Pa_X;Donor ID=PCSI_0066;ENA-CHECKLIST=ERC000026;
SAMEA2738376	PCSI_0069_Ly_R	Sample ID=PCSI_0069_Ly_R;Donor ID=PCSI_0069;ENA-CHECKLIST=ERC000026;
SAMEA2711165	PCSI_0069_Pa_X	Sample ID=PCSI_0069_Pa_X;Donor ID=PCSI_0069;ENA-CHECKLIST=ERC000026;
SAMEA103910007		gender=female;phenotype=Primary tumour - solid tissue;donor_id=PCSI_0071;ENA-CHECKLIST=ERC000026;
SAMEA2711100	PCSI_0072_Ly_R	Sample ID=PCSI_0072_Ly_R;Donor ID=PCSI_0072;ENA-CHECKLIST=ERC000026;
SAMEA103910008		gender=male;phenotype=Primary tumour - solid tissue;donor_id=PCSI_0072;ENA-CHECKLIST=ERC000026;
SAMEA2714065	PCSI_0072_Pa_X	Sample ID=PCSI_0072_Pa_X;Donor ID=PCSI_0072;ENA-CHECKLIST=ERC000026;
SAMEA2711070	PCSI_0073_Ly_R	Sample ID=PCSI_0073_Ly_R;Donor ID=PCSI_0073;ENA-CHECKLIST=ERC000026;
SAMEA3612915	PCSI_0073_Pa_P	Sample ID=PCSI_0073_Pa_P;Donor ID=PCSI_0073;subject_id=PCSI_0073;phenotype=EFO_0002618;gender=male;ENA-CHECKLIST=ERC000026;
SAMEA2747282	PCSI_0073_Pa_X	Sample ID=PCSI_0073_Pa_X;Donor ID=PCSI_0073;ENA-CHECKLIST=ERC000026;
SAMEA2711075	PCSI_0074_Ly_R	Sample ID=PCSI_0074_Ly_R;Donor ID=PCSI_0074;ENA-CHECKLIST=ERC000026;
SAMEA2711147	PCSI_0074_Pa_X	Sample ID=PCSI_0074_Pa_X;Donor ID=PCSI_0074;ENA-CHECKLIST=ERC000026;
SAMEA2738378	PCSI_0075_Ly_R	Sample ID=PCSI_0075_Ly_R;Donor ID=PCSI_0075;ENA-CHECKLIST=ERC000026;
SAMEA2738365	PCSI_0075_Pa_P	Sample ID=PCSI_0075_Pa_P;Donor ID=PCSI_0075;ENA-CHECKLIST=ERC000026;
SAMEA103910009		gender=male;phenotype=Primary tumour - solid tissue;donor_id=PCSI_0075;ENA-CHECKLIST=ERC000026;
SAMEA2714059	PCSI_0076_Ly_R	Sample ID=PCSI_0076_Ly_R;Donor ID=PCSI_0076;ENA-CHECKLIST=ERC000026;
SAMEA2738374	PCSI_0076_Pa_P	Sample ID=PCSI_0076_Pa_P;Donor ID=PCSI_0076;ENA-CHECKLIST=ERC000026;
SAMEA2734472	PCSI_0076_Pa_X	Sample ID=PCSI_0076_Pa_X;Donor ID=PCSI_0076;ENA-CHECKLIST=ERC000026;
SAMEA2711095	PCSI_0077_Ly_R	Sample ID=PCSI_0077_Ly_R;Donor ID=PCSI_0077;ENA-CHECKLIST=ERC000026;
SAMEA2733229	PCSI_0077_Pa_X	Sample ID=PCSI_0077_Pa_X;Donor ID=PCSI_0077;ENA-CHECKLIST=ERC000026;
SAMEA2747280	PCSI_0078_Ly_R	Sample ID=PCSI_0078_Ly_R;Donor ID=PCSI_0078;ENA-CHECKLIST=ERC000026;
SAMEA2711126	PCSI_0078_Pa_X	Sample ID=PCSI_0078_Pa_X;Donor ID=PCSI_0078;ENA-CHECKLIST=ERC000026;
SAMEA2738373	PCSI_0079_Ly_R	Sample ID=PCSI_0079_Ly_R;Donor ID=PCSI_0079;ENA-CHECKLIST=ERC000026;
SAMEA2720013	PCSI_0079_Pa_P	Sample ID=PCSI_0079_Pa_P;Donor ID=PCSI_0079;ENA-CHECKLIST=ERC000026;
SAMEA2738370	PCSI_0080_Ly_R	Sample ID=PCSI_0080_Ly_R;Donor ID=PCSI_0080;ENA-CHECKLIST=ERC000026;
SAMEA2711151	PCSI_0080_Pa_X	Sample ID=PCSI_0080_Pa_X;Donor ID=PCSI_0080;ENA-CHECKLIST=ERC000026;
SAMEA2784653	PCSI_0081_Ly_R	Sample ID=PCSI_0081_Ly_R;Donor ID=PCSI_0081;ENA-CHECKLIST=ERC000026;
SAMEA2720010	PCSI_0081_Pa_X	Sample ID=PCSI_0081_Pa_X;Donor ID=PCSI_0081;ENA-CHECKLIST=ERC000026;
SAMEA2738379	PCSI_0082_Ly_R	Sample ID=PCSI_0082_Ly_R;Donor ID=PCSI_0082;ENA-CHECKLIST=ERC000026;
SAMEA2734474	PCSI_0082_Pa_X	Sample ID=PCSI_0082_Pa_X;Donor ID=PCSI_0082;ENA-CHECKLIST=ERC000026;
SAMEA2738386	PCSI_0083_Ly_R	Sample ID=PCSI_0083_Ly_R;Donor ID=PCSI_0083;ENA-CHECKLIST=ERC000026;
SAMEA103910012		gender=female;phenotype=Primary tumour - solid tissue;donor_id=PCSI_0083;ENA-CHECKLIST=ERC000026;
SAMEA2711186	PCSI_0083_Pa_X	Sample ID=PCSI_0083_Pa_X;Donor ID=PCSI_0083;ENA-CHECKLIST=ERC000026;
SAMEA2768650	PCSI_0084_Ly_R	Sample ID=PCSI_0084_Ly_R;Donor ID=PCSI_0084;ENA-CHECKLIST=ERC000026;
SAMEA103910013		gender=female;phenotype=Primary tumour - solid tissue;donor_id=PCSI_0084;ENA-CHECKLIST=ERC000026;
SAMEA2711131	PCSI_0084_Pa_X	Sample ID=PCSI_0084_Pa_X;Donor ID=PCSI_0084;ENA-CHECKLIST=ERC000026;
SAMEA103910014		gender=female;phenotype=Normal - blood derived;donor_id=PCSI_0085;ENA-CHECKLIST=ERC000026;
SAMEA2711185	PCSI_0085_Pa_P	Sample ID=PCSI_0085_Pa_P;Donor ID=PCSI_0085;ENA-CHECKLIST=ERC000026;
SAMEA2747285	PCSI_0085_Pa_X	Sample ID=PCSI_0085_Pa_X;Donor ID=PCSI_0085;ENA-CHECKLIST=ERC000026;
SAMEA2711076	PCSI_0086_Ly_R	Sample ID=PCSI_0086_Ly_R;Donor ID=PCSI_0086;ENA-CHECKLIST=ERC000026;
SAMEA2711132	PCSI_0086_Pa_P	Sample ID=PCSI_0086_Pa_P;Donor ID=PCSI_0086;ENA-CHECKLIST=ERC000026;
SAMEA103910015		gender=male;phenotype=Normal - blood derived;donor_id=PCSI_0087;ENA-CHECKLIST=ERC000026;
SAMEA103910016		gender=male;phenotype=Primary tumour - solid tissue;donor_id=PCSI_0087;ENA-CHECKLIST=ERC000026;
SAMEA2738385	PCSI_0087_Pa_X	Sample ID=PCSI_0087_Pa_X;Donor ID=PCSI_0087;ENA-CHECKLIST=ERC000026;
SAMEA103910017		gender=male;phenotype=Primary tumour - solid tissue;donor_id=PCSI_0088;ENA-CHECKLIST=ERC000026;
SAMEA2711101	PCSI_0090_Ly_R	Sample ID=PCSI_0090_Ly_R;Donor ID=PCSI_0090;ENA-CHECKLIST=ERC000026;
SAMEA2738381	PCSI_0090_Pa_P	Sample ID=PCSI_0090_Pa_P;Donor ID=PCSI_0090;ENA-CHECKLIST=ERC000026;
SAMEA2768658	PCSI_0090_Pa_X	Sample ID=PCSI_0090_Pa_X;Donor ID=PCSI_0090;ENA-CHECKLIST=ERC000026;
SAMEA2747288	PCSI_0093_Ly_R	Sample ID=PCSI_0093_Ly_R;Donor ID=PCSI_0093;ENA-CHECKLIST=ERC000026;
SAMEA2714058	PCSI_0093_Pa_X	Sample ID=PCSI_0093_Pa_X;Donor ID=PCSI_0093;ENA-CHECKLIST=ERC000026;
SAMEA2711074	PCSI_0098_Ly_R	Sample ID=PCSI_0098_Ly_R;Donor ID=PCSI_0098;ENA-CHECKLIST=ERC000026;
SAMEA2714041	PCSI_0098_Pa_P	Sample ID=PCSI_0098_Pa_P;Donor ID=PCSI_0098;ENA-CHECKLIST=ERC000026;
SAMEA2711083	PCSI_0099_Ly_R	Sample ID=PCSI_0099_Ly_R;Donor ID=PCSI_0099;ENA-CHECKLIST=ERC000026;
SAMEA2714050	PCSI_0099_Pa_P	Sample ID=PCSI_0099_Pa_P;Donor ID=PCSI_0099;ENA-CHECKLIST=ERC000026;
SAMEA2711080	PCSI_0100_Ly_R	Sample ID=PCSI_0100_Ly_R;Donor ID=PCSI_0100;ENA-CHECKLIST=ERC000026;
SAMEA2711129	PCSI_0100_Pa_P	Sample ID=PCSI_0100_Pa_P;Donor ID=PCSI_0100;ENA-CHECKLIST=ERC000026;
SAMEA2711088	PCSI_0101_Ly_R	Sample ID=PCSI_0101_Ly_R;Donor ID=PCSI_0101;ENA-CHECKLIST=ERC000026;
SAMEA2711141	PCSI_0101_Pa_P	Sample ID=PCSI_0101_Pa_P;Donor ID=PCSI_0101;ENA-CHECKLIST=ERC000026;
SAMEA2747291	PCSI_0102_Ly_R	Sample ID=PCSI_0102_Ly_R;Donor ID=PCSI_0102;ENA-CHECKLIST=ERC000026;
SAMEA2738377	PCSI_0102_Pa_P	Sample ID=PCSI_0102_Pa_P;Donor ID=PCSI_0102;ENA-CHECKLIST=ERC000026;
SAMEA2738393	PCSI_0103_Ly_R	Sample ID=PCSI_0103_Ly_R;Donor ID=PCSI_0103;ENA-CHECKLIST=ERC000026;
SAMEA2747290	PCSI_0103_Pa_P	Sample ID=PCSI_0103_Pa_P;Donor ID=PCSI_0103;ENA-CHECKLIST=ERC000026;
SAMEA2747283	PCSI_0104_Ly_R	Sample ID=PCSI_0104_Ly_R;Donor ID=PCSI_0104;ENA-CHECKLIST=ERC000026;
SAMEA2711179	PCSI_0104_Pa_P	Sample ID=PCSI_0104_Pa_P;Donor ID=PCSI_0104;ENA-CHECKLIST=ERC000026;
SAMEA103910023		gender=female;phenotype=Primary tumour - solid tissue;donor_id=PCSI_0105;ENA-CHECKLIST=ERC000026;
SAMEA2711158	PCSI_0106_Ly_R	Sample ID=PCSI_0106_Ly_R;Donor ID=PCSI_0106;ENA-CHECKLIST=ERC000026;
SAMEA2711137	PCSI_0106_Pa_P	Sample ID=PCSI_0106_Pa_P;Donor ID=PCSI_0106;ENA-CHECKLIST=ERC000026;
SAMEA103910024		gender=male;phenotype=Primary tumour - solid tissue;donor_id=PCSI_0107;ENA-CHECKLIST=ERC000026;
SAMEA2711093	PCSI_0108_Ly_R	Sample ID=PCSI_0108_Ly_R;Donor ID=PCSI_0108;ENA-CHECKLIST=ERC000026;
SAMEA2738380	PCSI_0108_Pa_P	Sample ID=PCSI_0108_Pa_P;Donor ID=PCSI_0108;ENA-CHECKLIST=ERC000026;
SAMEA2711097	PCSI_0109_Ly_R	Sample ID=PCSI_0109_Ly_R;Donor ID=PCSI_0109;ENA-CHECKLIST=ERC000026;
SAMEA2714061	PCSI_0109_Pa_P	Sample ID=PCSI_0109_Pa_P;Donor ID=PCSI_0109;ENA-CHECKLIST=ERC000026;
SAMEA2747284	PCSI_0111_Ly_R	Sample ID=PCSI_0111_Ly_R;Donor ID=PCSI_0111;ENA-CHECKLIST=ERC000026;
SAMEA2711127	PCSI_0111_Pa_P	Sample ID=PCSI_0111_Pa_P;Donor ID=PCSI_0111;ENA-CHECKLIST=ERC000026;
SAMEA2720009	PCSI_0112_Ly_R	Sample ID=PCSI_0112_Ly_R;Donor ID=PCSI_0112;ENA-CHECKLIST=ERC000026;
SAMEA2711139	PCSI_0112_Pa_P	Sample ID=PCSI_0112_Pa_P;Donor ID=PCSI_0112;ENA-CHECKLIST=ERC000026;
SAMEA2738388	PCSI_0114_Ly_R	Sample ID=PCSI_0114_Ly_R;Donor ID=PCSI_0114;ENA-CHECKLIST=ERC000026;
SAMEA2711164	PCSI_0114_Pa_P	Sample ID=PCSI_0114_Pa_P;Donor ID=PCSI_0114;ENA-CHECKLIST=ERC000026;
SAMEA2714067	PCSI_0115_Ly_R	Sample ID=PCSI_0115_Ly_R;Donor ID=PCSI_0115;ENA-CHECKLIST=ERC000026;
SAMEA2747292	PCSI_0115_Pa_P	Sample ID=PCSI_0115_Pa_P;Donor ID=PCSI_0115;ENA-CHECKLIST=ERC000026;
SAMEA103910027		gender=female;phenotype=Primary tumour - solid tissue;donor_id=PCSI_0116;ENA-CHECKLIST=ERC000026;
SAMEA2734467	PCSI_0116_Pa_X	Sample ID=PCSI_0116_Pa_X;Donor ID=PCSI_0116;ENA-CHECKLIST=ERC000026;
SAMEA2738384	PCSI_0116_Sp_R	Sample ID=PCSI_0116_Sp_R;Donor ID=PCSI_0116;ENA-CHECKLIST=ERC000026;
SAMEA2738371	PCSI_0117_Pa_P	Sample ID=PCSI_0117_Pa_P;Donor ID=PCSI_0117;ENA-CHECKLIST=ERC000026;
SAMEA2711084	PCSI_0117_St_R	Sample ID=PCSI_0117_St_R;Donor ID=PCSI_0117;ENA-CHECKLIST=ERC000026;
SAMEA2714051	PCSI_0118_Pa_P	Sample ID=PCSI_0118_Pa_P;Donor ID=PCSI_0118;ENA-CHECKLIST=ERC000026;
SAMEA2711067	PCSI_0118_Sp_R	Sample ID=PCSI_0118_Sp_R;Donor ID=PCSI_0118;ENA-CHECKLIST=ERC000026;
SAMEA2733223	PCSI_0120_Pa_P	Sample ID=PCSI_0120_Pa_P;Donor ID=PCSI_0120;ENA-CHECKLIST=ERC000026;
SAMEA2747294	PCSI_0120_St_R	Sample ID=PCSI_0120_St_R;Donor ID=PCSI_0120;ENA-CHECKLIST=ERC000026;
SAMEA2738383	PCSI_0121_Pa_P	Sample ID=PCSI_0121_Pa_P;Donor ID=PCSI_0121;ENA-CHECKLIST=ERC000026;
SAMEA2714040	PCSI_0121_St_R	Sample ID=PCSI_0121_St_R;Donor ID=PCSI_0121;ENA-CHECKLIST=ERC000026;
SAMEA2734468	PCSI_0122_Pa_X	Sample ID=PCSI_0122_Pa_X;Donor ID=PCSI_0122;ENA-CHECKLIST=ERC000026;
SAMEA2738372	PCSI_0122_St_R	Sample ID=PCSI_0122_St_R;Donor ID=PCSI_0122;ENA-CHECKLIST=ERC000026;
SAMEA103910028		gender=male;phenotype=Primary tumour - solid tissue;donor_id=PCSI_0123;ENA-CHECKLIST=ERC000026;
SAMEA2714048	PCSI_0124_Pa_P	Sample ID=PCSI_0124_Pa_P;Donor ID=PCSI_0124;ENA-CHECKLIST=ERC000026;
SAMEA2738382	PCSI_0124_Pa_X	Sample ID=PCSI_0124_Pa_X;Donor ID=PCSI_0124;ENA-CHECKLIST=ERC000026;
SAMEA2747289	PCSI_0124_St_R	Sample ID=PCSI_0124_St_R;Donor ID=PCSI_0124;ENA-CHECKLIST=ERC000026;
SAMEA2714055	PCSI_0125_Pa_P	Sample ID=PCSI_0125_Pa_P;Donor ID=PCSI_0125;ENA-CHECKLIST=ERC000026;
SAMEA2714064	PCSI_0125_St_R	Sample ID=PCSI_0125_St_R;Donor ID=PCSI_0125;ENA-CHECKLIST=ERC000026;
SAMEA2711166	PCSI_0126_Pa_P	Sample ID=PCSI_0126_Pa_P;Donor ID=PCSI_0126;ENA-CHECKLIST=ERC000026;
SAMEA2734470	PCSI_0126_Sp_R	Sample ID=PCSI_0126_Sp_R;Donor ID=PCSI_0126;ENA-CHECKLIST=ERC000026;
SAMEA2711178	PCSI_0127_Pa_P	Sample ID=PCSI_0127_Pa_P;Donor ID=PCSI_0127;ENA-CHECKLIST=ERC000026;
SAMEA2714045	PCSI_0127_St_R	Sample ID=PCSI_0127_St_R;Donor ID=PCSI_0127;ENA-CHECKLIST=ERC000026;
SAMEA2711192	PCSI_0128_Pa_P	Sample ID=PCSI_0128_Pa_P;Donor ID=PCSI_0128;ENA-CHECKLIST=ERC000026;
SAMEA2711090	PCSI_0128_Sp_R	Sample ID=PCSI_0128_Sp_R;Donor ID=PCSI_0128;ENA-CHECKLIST=ERC000026;
SAMEA2711087	PCSI_0136_Ly_R	Sample ID=PCSI_0136_Ly_R;Donor ID=PCSI_0136;ENA-CHECKLIST=ERC000026;
SAMEA2733225	PCSI_0136_Pa_X	Sample ID=PCSI_0136_Pa_X;Donor ID=PCSI_0136;ENA-CHECKLIST=ERC000026;
SAMEA2738387	PCSI_0137_Ly_R	Sample ID=PCSI_0137_Ly_R;Donor ID=PCSI_0137;ENA-CHECKLIST=ERC000026;
SAMEA2720012	PCSI_0137_Pa_X	Sample ID=PCSI_0137_Pa_X;Donor ID=PCSI_0137;ENA-CHECKLIST=ERC000026;
SAMEA2738394	PCSI_0138_Ly_R	Sample ID=PCSI_0138_Ly_R;Donor ID=PCSI_0138;ENA-CHECKLIST=ERC000026;
SAMEA2738390	PCSI_0138_Pa_X	Sample ID=PCSI_0138_Pa_X;Donor ID=PCSI_0138;ENA-CHECKLIST=ERC000026;
SAMEA2711071	PCSI_0139_Ly_R	Sample ID=PCSI_0139_Ly_R;Donor ID=PCSI_0139;ENA-CHECKLIST=ERC000026;
SAMEA2711134	PCSI_0139_Pa_X	Sample ID=PCSI_0139_Pa_X;Donor ID=PCSI_0139;ENA-CHECKLIST=ERC000026;
SAMEA2711096	PCSI_0179_Ly_R	Sample ID=PCSI_0179_Ly_R;Donor ID=PCSI_0179;ENA-CHECKLIST=ERC000026;
SAMEA2711169	PCSI_0179_Pa_P	Sample ID=PCSI_0179_Pa_P;Donor ID=PCSI_0179;ENA-CHECKLIST=ERC000026;
SAMEA2738391	PCSI_0181_Pa_P	Sample ID=PCSI_0181_Pa_P;Donor ID=PCSI_0181;ENA-CHECKLIST=ERC000026;
SAMEA2714044	PCSI_0181_Pa_X	Sample ID=PCSI_0181_Pa_X;Donor ID=PCSI_0181;ENA-CHECKLIST=ERC000026;
SAMEA2747286	PCSI_0181_St_R	Sample ID=PCSI_0181_St_R;Donor ID=PCSI_0181;ENA-CHECKLIST=ERC000026;
SAMEA2733226	PCSI_0185_Pa_P	Sample ID=PCSI_0185_Pa_P;Donor ID=PCSI_0185;ENA-CHECKLIST=ERC000026;
SAMEA2733230	PCSI_0185_St_R	Sample ID=PCSI_0185_St_R;Donor ID=PCSI_0185;ENA-CHECKLIST=ERC000026;
SAMEA2711168	PCSI_0191_Pa_P	Sample ID=PCSI_0191_Pa_P;Donor ID=PCSI_0191;ENA-CHECKLIST=ERC000026;
SAMEA2738392	PCSI_0191_St_R	Sample ID=PCSI_0191_St_R;Donor ID=PCSI_0191;ENA-CHECKLIST=ERC000026;
SAMEA2733228	PCSI_0192_Pa_P	Sample ID=PCSI_0192_Pa_P;Donor ID=PCSI_0192;ENA-CHECKLIST=ERC000026;
SAMEA2714046	PCSI_0192_St_R	Sample ID=PCSI_0192_St_R;Donor ID=PCSI_0192;ENA-CHECKLIST=ERC000026;
SAMEA2714066	PCSI_0193_Pa_P	Sample ID=PCSI_0193_Pa_P;Donor ID=PCSI_0193;ENA-CHECKLIST=ERC000026;
SAMEA2711079	PCSI_0193_St_R	Sample ID=PCSI_0193_St_R;Donor ID=PCSI_0193;ENA-CHECKLIST=ERC000026;
SAMEA2738369	PCSI_0194_Pa_P	Sample ID=PCSI_0194_Pa_P;Donor ID=PCSI_0194;ENA-CHECKLIST=ERC000026;
SAMEA2733224	PCSI_0194_St_R	Sample ID=PCSI_0194_St_R;Donor ID=PCSI_0194;ENA-CHECKLIST=ERC000026;
SAMEA2714057	PCSI_0208_Ly_R	Sample ID=PCSI_0208_Ly_R;Donor ID=PCSI_0208;ENA-CHECKLIST=ERC000026;
SAMEA2711150	PCSI_0208_Pa_P	Sample ID=PCSI_0208_Pa_P;Donor ID=PCSI_0208;ENA-CHECKLIST=ERC000026;
