gender=male;phenotype=0005952;subject_id=NKTL2;ENA-CHECKLIST=ERC000026;icgc_project_code=NKTL-SG;submitter_donor_id=NKTL2;submitter_specimen_id=TNKTL2;specimen_type=Primary tumour - solid tissue;submitter_sample_id=TNKTL2;
gender=male;phenotype=0005952;subject_id=NKTL2;ENA-CHECKLIST=ERC000026;icgc_project_code=NKTL-SG;submitter_donor_id=NKTL2;submitter_specimen_id=TNKTL2;specimen_type=Primary tumour - solid tissue;submitter_sample_id=TNKTL2;
gender=male;phenotype=0005952;subject_id=NKTL3;ENA-CHECKLIST=ERC000026;icgc_project_code=NKTL-SG;submitter_donor_id=NKTL3;submitter_specimen_id=TNKTL3;specimen_type=Primary tumour - solid tissue;submitter_sample_id=TNKTL3;
gender=male;phenotype=0005952;subject_id=NKTL3;ENA-CHECKLIST=ERC000026;icgc_project_code=NKTL-SG;submitter_donor_id=NKTL3;submitter_specimen_id=TNKTL3;specimen_type=Primary tumour - solid tissue;submitter_sample_id=TNKTL3;
gender=male;phenotype=0005952;subject_id=NKTL4;ENA-CHECKLIST=ERC000026;icgc_project_code=NKTL-SG;submitter_donor_id=NKTL4;submitter_specimen_id=TNKTL4;specimen_type=Primary tumour - solid tissue;submitter_sample_id=TNKTL4;
gender=male;phenotype=0005952;subject_id=NKTL4;ENA-CHECKLIST=ERC000026;icgc_project_code=NKTL-SG;submitter_donor_id=NKTL4;submitter_specimen_id=TNKTL4;specimen_type=Primary tumour - solid tissue;submitter_sample_id=TNKTL4;
gender=male;phenotype=0005952;subject_id=NKTL5;ENA-CHECKLIST=ERC000026;icgc_project_code=NKTL-SG;submitter_donor_id=NKTL5;submitter_specimen_id=TNKTL5;specimen_type=Primary tumour - solid tissue;submitter_sample_id=TNKTL5;
gender=male;phenotype=0005952;subject_id=NKTL5;ENA-CHECKLIST=ERC000026;icgc_project_code=NKTL-SG;submitter_donor_id=NKTL5;submitter_specimen_id=TNKTL5;specimen_type=Primary tumour - solid tissue;submitter_sample_id=TNKTL5;
gender=male;phenotype=0005952;subject_id=NKTL6;ENA-CHECKLIST=ERC000026;icgc_project_code=NKTL-SG;submitter_donor_id=NKTL6;submitter_specimen_id=TNKTL6;specimen_type=Primary tumour - solid tissue;submitter_sample_id=TNKTL6;
gender=male;phenotype=0005952;subject_id=NKTL6;ENA-CHECKLIST=ERC000026;icgc_project_code=NKTL-SG;submitter_donor_id=NKTL6;submitter_specimen_id=TNKTL6;specimen_type=Primary tumour - solid tissue;submitter_sample_id=TNKTL6;
gender=female;phenotype=0005952;subject_id=NKTL7;ENA-CHECKLIST=ERC000026;icgc_project_code=NKTL-SG;submitter_donor_id=NKTL7;submitter_specimen_id=TNKTL7;specimen_type=Primary tumour - solid tissue;submitter_sample_id=TNKTL7;
gender=female;phenotype=0005952;subject_id=NKTL7;ENA-CHECKLIST=ERC000026;icgc_project_code=NKTL-SG;submitter_donor_id=NKTL7;submitter_specimen_id=TNKTL7;specimen_type=Primary tumour - solid tissue;submitter_sample_id=TNKTL7;
gender=female;phenotype=0005952;subject_id=NKTL7;ENA-CHECKLIST=ERC000026;icgc_project_code=NKTL-SG;submitter_donor_id=NKTL7;submitter_specimen_id=TNKTL7;specimen_type=Primary tumour - solid tissue;submitter_sample_id=TNKTL7;
gender=female;phenotype=0005952;subject_id=NKTL7;ENA-CHECKLIST=ERC000026;icgc_project_code=NKTL-SG;submitter_donor_id=NKTL7;submitter_specimen_id=TNKTL7;specimen_type=Primary tumour - solid tissue;submitter_sample_id=TNKTL7;
gender=female;phenotype=0005952;subject_id=NKTL8;ENA-CHECKLIST=ERC000026;icgc_project_code=NKTL-SG;submitter_donor_id=NKTL8;submitter_specimen_id=TNKTL8;specimen_type=Primary tumour - solid tissue;submitter_sample_id=TNKTL8;
gender=female;phenotype=0005952;subject_id=NKTL8;ENA-CHECKLIST=ERC000026;icgc_project_code=NKTL-SG;submitter_donor_id=NKTL8;submitter_specimen_id=TNKTL8;specimen_type=Primary tumour - solid tissue;submitter_sample_id=TNKTL8;
gender=female;phenotype=0005952;subject_id=NKTL8;ENA-CHECKLIST=ERC000026;icgc_project_code=NKTL-SG;submitter_donor_id=NKTL8;submitter_specimen_id=TNKTL8;specimen_type=Primary tumour - solid tissue;submitter_sample_id=TNKTL8;
gender=female;phenotype=0005952;subject_id=NKTL8;ENA-CHECKLIST=ERC000026;icgc_project_code=NKTL-SG;submitter_donor_id=NKTL8;submitter_specimen_id=TNKTL8;specimen_type=Primary tumour - solid tissue;submitter_sample_id=TNKTL8;
gender=male;phenotype=0005952;subject_id=NKTL9;ENA-CHECKLIST=ERC000026;icgc_project_code=NKTL-SG;submitter_donor_id=NKTL9;submitter_specimen_id=TNKTL9;specimen_type=Primary tumour - solid tissue;submitter_sample_id=TNKTL9;
gender=male;phenotype=0005952;subject_id=NKTL9;ENA-CHECKLIST=ERC000026;icgc_project_code=NKTL-SG;submitter_donor_id=NKTL9;submitter_specimen_id=TNKTL9;specimen_type=Primary tumour - solid tissue;submitter_sample_id=TNKTL9;
gender=male;phenotype=0005952;subject_id=NKTL9;ENA-CHECKLIST=ERC000026;icgc_project_code=NKTL-SG;submitter_donor_id=NKTL9;submitter_specimen_id=TNKTL9;specimen_type=Primary tumour - solid tissue;submitter_sample_id=TNKTL9;
gender=male;phenotype=0005952;subject_id=NKTL9;ENA-CHECKLIST=ERC000026;icgc_project_code=NKTL-SG;submitter_donor_id=NKTL9;submitter_specimen_id=TNKTL9;specimen_type=Primary tumour - solid tissue;submitter_sample_id=TNKTL9;
gender=male;phenotype=0005952;subject_id=NKTL10;ENA-CHECKLIST=ERC000026;icgc_project_code=NKTL-SG;submitter_donor_id=NKTL10;submitter_specimen_id=TNKTL10;specimen_type=Primary tumour - solid tissue;submitter_sample_id=TNKTL10;
gender=male;phenotype=0005952;subject_id=NKTL10;ENA-CHECKLIST=ERC000026;icgc_project_code=NKTL-SG;submitter_donor_id=NKTL10;submitter_specimen_id=TNKTL10;specimen_type=Primary tumour - solid tissue;submitter_sample_id=TNKTL10;
gender=male;phenotype=0005952;subject_id=NKTL11;ENA-CHECKLIST=ERC000026;icgc_project_code=NKTL-SG;submitter_donor_id=NKTL11;submitter_specimen_id=TNKTL11;specimen_type=Primary tumour - solid tissue;submitter_sample_id=TNKTL11;
gender=male;phenotype=0005952;subject_id=NKTL11;ENA-CHECKLIST=ERC000026;icgc_project_code=NKTL-SG;submitter_donor_id=NKTL11;submitter_specimen_id=TNKTL11;specimen_type=Primary tumour - solid tissue;submitter_sample_id=TNKTL11;
subject_id=TNKTL12;gender=male;phenotype=0005952;ENA-CHECKLIST=ERC000026;icgc_project_code=NKTL-SG;submitter_donor_id=NKTL12;submitter_specimen_id=TNKTL12;specimen_type=Primary tumour - solid tissue;submitter_sample_id=TNKTL12;
subject_id=TNKTL12;gender=male;phenotype=0005952;ENA-CHECKLIST=ERC000026;icgc_project_code=NKTL-SG;submitter_donor_id=NKTL12;submitter_specimen_id=TNKTL12;specimen_type=Primary tumour - solid tissue;submitter_sample_id=TNKTL12;
gender=male;phenotype=0005952;subject_id=NKTL13;ENA-CHECKLIST=ERC000026;icgc_project_code=NKTL-SG;submitter_donor_id=NKTL13;submitter_specimen_id=TNKTL13;specimen_type=Primary tumour - solid tissue;submitter_sample_id=TNKTL13;
gender=male;phenotype=0005952;subject_id=NKTL13;ENA-CHECKLIST=ERC000026;icgc_project_code=NKTL-SG;submitter_donor_id=NKTL13;submitter_specimen_id=TNKTL13;specimen_type=Primary tumour - solid tissue;submitter_sample_id=TNKTL13;
gender=male;phenotype=0005952;subject_id=NKTL14;ENA-CHECKLIST=ERC000026;icgc_project_code=NKTL-SG;submitter_donor_id=NKTL14;submitter_specimen_id=TNKTL14;specimen_type=Primary tumour - solid tissue;submitter_sample_id=TNKTL14;
gender=male;phenotype=0005952;subject_id=NKTL14;ENA-CHECKLIST=ERC000026;icgc_project_code=NKTL-SG;submitter_donor_id=NKTL14;submitter_specimen_id=TNKTL14;specimen_type=Primary tumour - solid tissue;submitter_sample_id=TNKTL14;
gender=male;phenotype=0005952;subject_id=NKTL15;ENA-CHECKLIST=ERC000026;icgc_project_code=NKTL-SG;submitter_donor_id=NKTL15;submitter_specimen_id=TNKTL15;specimen_type=Primary tumour - solid tissue;submitter_sample_id=TNKTL15;
gender=male;phenotype=0005952;subject_id=NKTL15;ENA-CHECKLIST=ERC000026;icgc_project_code=NKTL-SG;submitter_donor_id=NKTL15;submitter_specimen_id=TNKTL15;specimen_type=Primary tumour - solid tissue;submitter_sample_id=TNKTL15;
gender=male;phenotype=0005952;subject_id=NKTL16;ENA-CHECKLIST=ERC000026;icgc_project_code=NKTL-SG;submitter_donor_id=NKTL16;submitter_specimen_id=TNKTL16;specimen_type=Primary tumour - solid tissue;submitter_sample_id=TNKTL16;
gender=male;phenotype=0005952;subject_id=NKTL16;ENA-CHECKLIST=ERC000026;icgc_project_code=NKTL-SG;submitter_donor_id=NKTL16;submitter_specimen_id=TNKTL16;specimen_type=Primary tumour - solid tissue;submitter_sample_id=TNKTL16;
gender=male;phenotype=0005952;subject_id=NKTL17;ENA-CHECKLIST=ERC000026;icgc_project_code=NKTL-SG;submitter_donor_id=NKTL17;submitter_specimen_id=TNKTL17;specimen_type=Primary tumour - solid tissue;submitter_sample_id=TNKTL17;
gender=male;phenotype=0005952;subject_id=NKTL17;ENA-CHECKLIST=ERC000026;icgc_project_code=NKTL-SG;submitter_donor_id=NKTL17;submitter_specimen_id=TNKTL17;specimen_type=Primary tumour - solid tissue;submitter_sample_id=TNKTL17;
gender=male;phenotype=0005952;subject_id=NKTL18;ENA-CHECKLIST=ERC000026;icgc_project_code=NKTL-SG;submitter_donor_id=NKTL18;submitter_specimen_id=TNKTL18;specimen_type=Primary tumour - solid tissue;submitter_sample_id=TNKTL18;
gender=male;phenotype=0005952;subject_id=NKTL18;ENA-CHECKLIST=ERC000026;icgc_project_code=NKTL-SG;submitter_donor_id=NKTL18;submitter_specimen_id=TNKTL18;specimen_type=Primary tumour - solid tissue;submitter_sample_id=TNKTL18;
gender=male;phenotype=0005952;subject_id=NKTL19;ENA-CHECKLIST=ERC000026;icgc_project_code=NKTL-SG;submitter_donor_id=NKTL19;submitter_specimen_id=TNKTL19;specimen_type=Primary tumour - solid tissue;submitter_sample_id=TNKTL19;
gender=male;phenotype=0005952;subject_id=NKTL19;ENA-CHECKLIST=ERC000026;icgc_project_code=NKTL-SG;submitter_donor_id=NKTL19;submitter_specimen_id=TNKTL19;specimen_type=Primary tumour - solid tissue;submitter_sample_id=TNKTL19;
gender=male;phenotype=0005952;subject_id=NKTL20;ENA-CHECKLIST=ERC000026;icgc_project_code=NKTL-SG;submitter_donor_id=NKTL20;submitter_specimen_id=TNKTL20;specimen_type=Primary tumour - solid tissue;submitter_sample_id=TNKTL20;
gender=male;phenotype=0005952;subject_id=NKTL20;ENA-CHECKLIST=ERC000026;icgc_project_code=NKTL-SG;submitter_donor_id=NKTL20;submitter_specimen_id=TNKTL20;specimen_type=Primary tumour - solid tissue;submitter_sample_id=TNKTL20;
gender=male;phenotype=0005952;subject_id=NKTL21;ENA-CHECKLIST=ERC000026;icgc_project_code=NKTL-SG;submitter_donor_id=NKTL21;submitter_specimen_id=TNKTL21;specimen_type=Primary tumour - solid tissue;submitter_sample_id=TNKTL21;
gender=male;phenotype=0005952;subject_id=NKTL21;ENA-CHECKLIST=ERC000026;icgc_project_code=NKTL-SG;submitter_donor_id=NKTL21;submitter_specimen_id=TNKTL21;specimen_type=Primary tumour - solid tissue;submitter_sample_id=TNKTL21;
gender=male;phenotype=0005952;subject_id=NKTL22;ENA-CHECKLIST=ERC000026;icgc_project_code=NKTL-SG;submitter_donor_id=NKTL22;submitter_specimen_id=TNKTL22;specimen_type=Primary tumour - solid tissue;submitter_sample_id=TNKTL22;
gender=male;phenotype=0005952;subject_id=NKTL22;ENA-CHECKLIST=ERC000026;icgc_project_code=NKTL-SG;submitter_donor_id=NKTL22;submitter_specimen_id=TNKTL22;specimen_type=Primary tumour - solid tissue;submitter_sample_id=TNKTL22;
gender=male;phenotype=0005952;subject_id=NKTL23;ENA-CHECKLIST=ERC000026;icgc_project_code=NKTL-SG;submitter_donor_id=NKTL23;submitter_specimen_id=TNKTL23;specimen_type=Primary tumour - solid tissue;submitter_sample_id=TNKTL23;
gender=male;phenotype=0005952;subject_id=NKTL23;ENA-CHECKLIST=ERC000026;icgc_project_code=NKTL-SG;submitter_donor_id=NKTL23;submitter_specimen_id=TNKTL23;specimen_type=Primary tumour - solid tissue;submitter_sample_id=TNKTL23;
gender=female;phenotype=0005952;subject_id=NKTL24;ENA-CHECKLIST=ERC000026;icgc_project_code=NKTL-SG;submitter_donor_id=NKTL24;submitter_specimen_id=TNKTL24;specimen_type=Primary tumour - solid tissue;submitter_sample_id=TNKTL24;
gender=female;phenotype=0005952;subject_id=NKTL24;ENA-CHECKLIST=ERC000026;icgc_project_code=NKTL-SG;submitter_donor_id=NKTL24;submitter_specimen_id=TNKTL24;specimen_type=Primary tumour - solid tissue;submitter_sample_id=TNKTL24;
