SAMEA3168923	PCSI_0508_Pa_P_526	Sample ID=PCSI_0508_Pa_P_526;Donor ID=PCSI_0508;ENA-CHECKLIST=ERC000026;
SAMEA3168736	PCSI_0015_Pa_P_526	Sample ID=PCSI_0015_Pa_P_526;Donor ID=PCSI_0015;ENA-CHECKLIST=ERC000026;
SAMEA2768639	PCSI_0019_Pa_P_526	Sample ID=PCSI_0019_Pa_P_526;Donor ID=PCSI_0019;ENA-CHECKLIST=ERC000026;
SAMEA2711184	PCSI_0044_Pa_P_526	Sample ID=PCSI_0044_Pa_P_526;Donor ID=PCSI_0044;ENA-CHECKLIST=ERC000026;
SAMEA2768644	PCSI_0046_Pa_P_526	Sample ID=PCSI_0046_Pa_P_526;Donor ID=PCSI_0046;ENA-CHECKLIST=ERC000026;
SAMEA2711154	PCSI_0047_Pa_P_526	Sample ID=PCSI_0047_Pa_P_526;Donor ID=PCSI_0047;ENA-CHECKLIST=ERC000026;
SAMEA2768631	PCSI_0048_Pa_P_526	Sample ID=PCSI_0048_Pa_P_526;Donor ID=PCSI_0048;ENA-CHECKLIST=ERC000026;
SAMEA2711172	PCSI_0072_Pa_P_526	Sample ID=PCSI_0072_Pa_P_526;Donor ID=PCSI_0072;ENA-CHECKLIST=ERC000026;
SAMEA2784654	PCSI_0073_Pa_P_526	Sample ID=PCSI_0073_Pa_P_526;Donor ID=PCSI_0073;ENA-CHECKLIST=ERC000026;
SAMEA3168657	PCSI_0074_Pa_P_526	Sample ID=PCSI_0074_Pa_P_526;Donor ID=PCSI_0074;ENA-CHECKLIST=ERC000026;
SAMEA104541964		gender=male;phenotype=Primary tumour - other;donor_id=PCSI_0075;ENA-CHECKLIST=ERC000026;
SAMEA3168720	PCSI_0077_Pa_P_526	Sample ID=PCSI_0077_Pa_P_526;Donor ID=PCSI_0077;ENA-CHECKLIST=ERC000026;
SAMEA2768654	PCSI_0078_Pa_P_526	Sample ID=PCSI_0078_Pa_P_526;Donor ID=PCSI_0078;ENA-CHECKLIST=ERC000026;
SAMEA2768632	PCSI_0080_Pa_P_526	Sample ID=PCSI_0080_Pa_P_526;Donor ID=PCSI_0080;ENA-CHECKLIST=ERC000026;
SAMEA3168723	PCSI_0081_Pa_P_526	Sample ID=PCSI_0081_Pa_P_526;Donor ID=PCSI_0081;ENA-CHECKLIST=ERC000026;
SAMEA2768623	PCSI_0082_Pa_P_526	Sample ID=PCSI_0082_Pa_P_526;Donor ID=PCSI_0082;ENA-CHECKLIST=ERC000026;
SAMEA2768646	PCSI_0083_Pa_P_526	Sample ID=PCSI_0083_Pa_P_526;Donor ID=PCSI_0083;ENA-CHECKLIST=ERC000026;
SAMEA2714063	PCSI_0084_Pa_P_526	Sample ID=PCSI_0084_Pa_P_526;Donor ID=PCSI_0084;ENA-CHECKLIST=ERC000026;
SAMEA3168724	PCSI_0085_Pa_P_526	Sample ID=PCSI_0085_Pa_P_526;Donor ID=PCSI_0085;ENA-CHECKLIST=ERC000026;
SAMEA104541966		gender=male;phenotype=Primary tumour - other;donor_id=PCSI_0090;ENA-CHECKLIST=ERC000026;
SAMEA3168659	PCSI_0096_Pa_P_526	Sample ID=PCSI_0096_Pa_P_526;Donor ID=PCSI_0096;ENA-CHECKLIST=ERC000026;
SAMEA3168726	PCSI_0098_Pa_P_526	Sample ID=PCSI_0098_Pa_P_526;Donor ID=PCSI_0098;ENA-CHECKLIST=ERC000026;
SAMEA3168661	PCSI_0099_Pa_P_526	Sample ID=PCSI_0099_Pa_P_526;Donor ID=PCSI_0099;ENA-CHECKLIST=ERC000026;
SAMEA3168727	PCSI_0101_Pa_P_526	Sample ID=PCSI_0101_Pa_P_526;Donor ID=PCSI_0101;ENA-CHECKLIST=ERC000026;
SAMEA3168663	PCSI_0102_Pa_P_526	Sample ID=PCSI_0102_Pa_P_526;Donor ID=PCSI_0102;ENA-CHECKLIST=ERC000026;
SAMEA3168664	PCSI_0103_Pa_P_526	Sample ID=PCSI_0103_Pa_P_526;Donor ID=PCSI_0103;ENA-CHECKLIST=ERC000026;
SAMEA3168488	PCSI_0104_Pa_P_526	Sample ID=PCSI_0104_Pa_P_526;Donor ID=PCSI_0104;ENA-CHECKLIST=ERC000026;
SAMEA3168886	PCSI_0105_Pa_P_526	Sample ID=PCSI_0105_Pa_P_526;Donor ID=PCSI_0105;ENA-CHECKLIST=ERC000026;
SAMEA104562099		gender=female;phenotype=Primary tumour - other;donor_id=PCSI_0106;ENA-CHECKLIST=ERC000026;
SAMEA103910025		gender=male;phenotype=Primary tumour - other;donor_id=PCSI_0107;ENA-CHECKLIST=ERC000026;
SAMEA3168888	PCSI_0108_Pa_P_526	Sample ID=PCSI_0108_Pa_P_526;Donor ID=PCSI_0108;ENA-CHECKLIST=ERC000026;
SAMEA3168890	PCSI_0109_Pa_P_526	Sample ID=PCSI_0109_Pa_P_526;Donor ID=PCSI_0109;ENA-CHECKLIST=ERC000026;
SAMEA3168892	PCSI_0111_Pa_P_526	Sample ID=PCSI_0111_Pa_P_526;Donor ID=PCSI_0111;ENA-CHECKLIST=ERC000026;
SAMEA3168490	PCSI_0132_Pa_P_526	Sample ID=PCSI_0132_Pa_P_526;Donor ID=PCSI_0132;ENA-CHECKLIST=ERC000026;
SAMEA3168492	PCSI_0142_Pa_P_526	Sample ID=PCSI_0142_Pa_P_526;Donor ID=PCSI_0142;ENA-CHECKLIST=ERC000026;
SAMEA3168894	PCSI_0145_Pa_P_526	Sample ID=PCSI_0145_Pa_P_526;Donor ID=PCSI_0145;ENA-CHECKLIST=ERC000026;
SAMEA3168896	PCSI_0146_Pa_P_526	Sample ID=PCSI_0146_Pa_P_526;Donor ID=PCSI_0146;ENA-CHECKLIST=ERC000026;
SAMEA3168898	PCSI_0161_Pa_P_526	Sample ID=PCSI_0161_Pa_P_526;Donor ID=PCSI_0161;ENA-CHECKLIST=ERC000026;
SAMEA3169110	PCSI_0162_Pa_P_526	Sample ID=PCSI_0162_Pa_P_526;Donor ID=PCSI_0162;ENA-CHECKLIST=ERC000026;
SAMEA2768655	PCSI_0164_Pa_P_526	Sample ID=PCSI_0164_Pa_P_526;Donor ID=PCSI_0164;ENA-CHECKLIST=ERC000026;
SAMEA103910032		gender=male;phenotype=Primary tumour - other;donor_id=PCSI_0169;ENA-CHECKLIST=ERC000026;
SAMEA103910033		gender=male;phenotype=Xenograft - derived from primary tumour;donor_id=PCSI_0169;ENA-CHECKLIST=ERC000026;
SAMEA3168494	PCSI_0170_Pa_P_526	Sample ID=PCSI_0170_Pa_P_526;Donor ID=PCSI_0170;ENA-CHECKLIST=ERC000026;
SAMEA3177018	PCSI_0171_Pa_P_526	Sample ID=PCSI_0171_Pa_P_526;Donor ID=PCSI_0171;ENA-CHECKLIST=ERC000026;
SAMEA3169112	PCSI_0173_Pa_P_526	Sample ID=PCSI_0173_Pa_P_526;Donor ID=PCSI_0173;ENA-CHECKLIST=ERC000026;
SAMEA3169114	PCSI_0174_Pa_P_526	Sample ID=PCSI_0174_Pa_P_526;Donor ID=PCSI_0174;ENA-CHECKLIST=ERC000026;
SAMEA3168496	PCSI_0175_Pa_P_526	Sample ID=PCSI_0175_Pa_P_526;Donor ID=PCSI_0175;ENA-CHECKLIST=ERC000026;
SAMEA3432668	PCSI_0208_Pa_P_526	Sample ID=PCSI_0208_Pa_P_526;Donor ID=PCSI_0208;ENA-CHECKLIST=ERC000026;
SAMEA3169116	PCSI_0210_Pa_P_526	Sample ID=PCSI_0210_Pa_P_526;Donor ID=PCSI_0210;ENA-CHECKLIST=ERC000026;
SAMEA3169118	PCSI_0217_Pa_P_526	Sample ID=PCSI_0217_Pa_P_526;Donor ID=PCSI_0217;ENA-CHECKLIST=ERC000026;
SAMEA2768653	PCSI_0218_Pa_P_526	Sample ID=PCSI_0218_Pa_P_526;Donor ID=PCSI_0218;ENA-CHECKLIST=ERC000026;
SAMEA2768647	PCSI_0224_Pa_P_526	Sample ID=PCSI_0224_Pa_P_526;Donor ID=PCSI_0224;ENA-CHECKLIST=ERC000026;
SAMEA3168498	PCSI_0226_Pa_P_526	Sample ID=PCSI_0226_Pa_P_526;Donor ID=PCSI_0226;ENA-CHECKLIST=ERC000026;
SAMEA3168697	PCSI_0227_Pa_P_526	Sample ID=PCSI_0227_Pa_P_526;Donor ID=PCSI_0227;ENA-CHECKLIST=ERC000026;
SAMEA3177016	PCSI_0228_Pa_P_526	Sample ID=PCSI_0228_Pa_P_526;Donor ID=PCSI_0228;ENA-CHECKLIST=ERC000026;
SAMEA3168500	PCSI_0230_Pa_P_526	Sample ID=PCSI_0230_Pa_P_526;Donor ID=PCSI_0230;ENA-CHECKLIST=ERC000026;
SAMEA3168702	PCSI_0233_Pa_P_526	Sample ID=PCSI_0233_Pa_P_526;Donor ID=PCSI_0233;ENA-CHECKLIST=ERC000026;
SAMEA3168704	PCSI_0235_Pa_P_526	Sample ID=PCSI_0235_Pa_P_526;Donor ID=PCSI_0235;ENA-CHECKLIST=ERC000026;
SAMEA3168935	PCSI_0240_Pa_P_526	Sample ID=PCSI_0240_Pa_P_526;Donor ID=PCSI_0240;ENA-CHECKLIST=ERC000026;
SAMEA104562100		gender=female;phenotype=Primary tumour - solid tissue;donor_id=PCSI_0261;ENA-CHECKLIST=ERC000026;
SAMEA3168709	PCSI_0263_Pa_P_526	Sample ID=PCSI_0263_Pa_P_526;Donor ID=PCSI_0263;ENA-CHECKLIST=ERC000026;
SAMEA104562101		gender=female;phenotype=Primary tumour - solid tissue;donor_id=PCSI_0264;ENA-CHECKLIST=ERC000026;
SAMEA104562102		gender=female;phenotype=Primary tumour - solid tissue;donor_id=PCSI_0268;ENA-CHECKLIST=ERC000026;
SAMEA104562103		gender=male;phenotype=Primary tumour - solid tissue;donor_id=PCSI_0269;ENA-CHECKLIST=ERC000026;
SAMEA3168717	PCSI_0274_Pa_P_526	Sample ID=PCSI_0274_Pa_P_526;Donor ID=PCSI_0274;ENA-CHECKLIST=ERC000026;
SAMEA104562104		gender=female;phenotype=Primary tumour - solid tissue;donor_id=PCSI_0279;ENA-CHECKLIST=ERC000026;
SAMEA104562105		gender=male;phenotype=Primary tumour - solid tissue;donor_id=PCSI_0280;ENA-CHECKLIST=ERC000026;
SAMEA104562106		gender=male;phenotype=Primary tumour - solid tissue;donor_id=PCSI_0283;ENA-CHECKLIST=ERC000026;
SAMEA3168475	PCSI_0284_Pa_P_526	Sample ID=PCSI_0284_Pa_P_526;Donor ID=PCSI_0284;ENA-CHECKLIST=ERC000026;
SAMEA104562107		gender=male;phenotype=Primary tumour - solid tissue;donor_id=PCSI_0285;ENA-CHECKLIST=ERC000026;
SAMEA104562108		gender=female;phenotype=Primary tumour - solid tissue;donor_id=PCSI_0286;ENA-CHECKLIST=ERC000026;
SAMEA3168885	PCSI_0287_Pa_P_526	Sample ID=PCSI_0287_Pa_P_526;Donor ID=PCSI_0287;ENA-CHECKLIST=ERC000026;
SAMEA3168476	PCSI_0290_Pa_P_526	Sample ID=PCSI_0290_Pa_P_526;Donor ID=PCSI_0290;ENA-CHECKLIST=ERC000026;
SAMEA3168478	PCSI_0292_Pa_P_526	Sample ID=PCSI_0292_Pa_P_526;Donor ID=PCSI_0292;ENA-CHECKLIST=ERC000026;
SAMEA3168480	PCSI_0294_Pa_P_526	Sample ID=PCSI_0294_Pa_P_526;Donor ID=PCSI_0294;ENA-CHECKLIST=ERC000026;
SAMEA3168482	PCSI_0295_Pa_P_526	Sample ID=PCSI_0295_Pa_P_526;Donor ID=PCSI_0295;ENA-CHECKLIST=ERC000026;
SAMEA3168484	PCSI_0297_Pa_P_526	Sample ID=PCSI_0297_Pa_P_526;Donor ID=PCSI_0297;ENA-CHECKLIST=ERC000026;
SAMEA3168901	PCSI_0300_Pa_P_526	Sample ID=PCSI_0300_Pa_P_526;Donor ID=PCSI_0300;ENA-CHECKLIST=ERC000026;
SAMEA104562109		gender=male;phenotype=Primary tumour - other;donor_id=PCSI_0301;ENA-CHECKLIST=ERC000026;
SAMEA104562110		gender=female;phenotype=Primary tumour - solid tissue;donor_id=PCSI_0302;ENA-CHECKLIST=ERC000026;
SAMEA2768627	PCSI_0303_Pa_P_526	Sample ID=PCSI_0303_Pa_P_526;Donor ID=PCSI_0303;ENA-CHECKLIST=ERC000026;
SAMEA2768657	PCSI_0305_Pa_P_526	Sample ID=PCSI_0305_Pa_P_526;Donor ID=PCSI_0305;ENA-CHECKLIST=ERC000026;
SAMEA104562111		gender=male;phenotype=Primary tumour - solid tissue;donor_id=PCSI_0307;ENA-CHECKLIST=ERC000026;
SAMEA104562112		gender=female;phenotype=Primary tumour - solid tissue;donor_id=PCSI_0309;ENA-CHECKLIST=ERC000026;
SAMEA3168906	PCSI_0310_Pa_P_526	Sample ID=PCSI_0310_Pa_P_526;Donor ID=PCSI_0310;ENA-CHECKLIST=ERC000026;
SAMEA2768648	PCSI_0311_Pa_P_526	Sample ID=PCSI_0311_Pa_P_526;Donor ID=PCSI_0311;ENA-CHECKLIST=ERC000026;
SAMEA2768637	PCSI_0312_Pa_P_526	Sample ID=PCSI_0312_Pa_P_526;Donor ID=PCSI_0312;ENA-CHECKLIST=ERC000026;
SAMEA3168908	PCSI_0324_Pa_P_526	Sample ID=PCSI_0324_Pa_P_526;Donor ID=PCSI_0324;ENA-CHECKLIST=ERC000026;
SAMEA3168910	PCSI_0325_Pa_P_526	Sample ID=PCSI_0325_Pa_P_526;Donor ID=PCSI_0325;ENA-CHECKLIST=ERC000026;
SAMEA3168667	PCSI_0326_Pa_P_526	Sample ID=PCSI_0326_Pa_P_526;Donor ID=PCSI_0326;ENA-CHECKLIST=ERC000026;
SAMEA3170930	PCSI_0328_Pa_P_526	Sample ID=PCSI_0328_Pa_P_526;Donor ID=PCSI_0328;ENA-CHECKLIST=ERC000026;
SAMEA3170932	PCSI_0329_Pa_P_526	Sample ID=PCSI_0329_Pa_P_526;Donor ID=PCSI_0329;ENA-CHECKLIST=ERC000026;
SAMEA3168669	PCSI_0330_Pa_P_526	Sample ID=PCSI_0330_Pa_P_526;Donor ID=PCSI_0330;ENA-CHECKLIST=ERC000026;
SAMEA3170934	PCSI_0334_Pa_P_526	Sample ID=PCSI_0334_Pa_P_526;Donor ID=PCSI_0334;ENA-CHECKLIST=ERC000026;
SAMEA3168673	PCSI_0337_Pa_P_526	Sample ID=PCSI_0337_Pa_P_526;Donor ID=PCSI_0337;ENA-CHECKLIST=ERC000026;
SAMEA3168912	PCSI_0338_Pa_P_526	Sample ID=PCSI_0338_Pa_P_526;Donor ID=PCSI_0338;ENA-CHECKLIST=ERC000026;
SAMEA104562113		gender=male;phenotype=Primary tumour - solid tissue;donor_id=PCSI_0339;ENA-CHECKLIST=ERC000026;
SAMEA3432671	PCSI_0340_Pa_P_526	Sample ID=PCSI_0340_Pa_P_526;Donor ID=PCSI_0340;ENA-CHECKLIST=ERC000026;
SAMEA3168914	PCSI_0341_Pa_P_526	Sample ID=PCSI_0341_Pa_P_526;Donor ID=PCSI_0341;ENA-CHECKLIST=ERC000026;
SAMEA104562114		gender=female;phenotype=Primary tumour - solid tissue;donor_id=PCSI_0343;ENA-CHECKLIST=ERC000026;
SAMEA103910046		gender=male;phenotype=Primary tumour - other;donor_id=PCSI_0344;ENA-CHECKLIST=ERC000026;
SAMEA3168916	PCSI_0345_Pa_P_526	Sample ID=PCSI_0345_Pa_P_526;Donor ID=PCSI_0345;ENA-CHECKLIST=ERC000026;
SAMEA2768625	PCSI_0347_Pa_P_526	Sample ID=PCSI_0347_Pa_P_526;Donor ID=PCSI_0347;ENA-CHECKLIST=ERC000026;
SAMEA3177021	PCSI_0350_Pa_P_526	Sample ID=PCSI_0350_Pa_P_526;Donor ID=PCSI_0350;ENA-CHECKLIST=ERC000026;
SAMEA104562115		gender=male;phenotype=Primary tumour - other;donor_id=PCSI_0351;ENA-CHECKLIST=ERC000026;
SAMEA3168918	PCSI_0352_Pa_P_526	Sample ID=PCSI_0352_Pa_P_526;Donor ID=PCSI_0352;ENA-CHECKLIST=ERC000026;
SAMEA104562116		gender=female;phenotype=Primary tumour - other;donor_id=PCSI_0353;ENA-CHECKLIST=ERC000026;
SAMEA104562117		gender=female;phenotype=Primary tumour - other;donor_id=PCSI_0354;ENA-CHECKLIST=ERC000026;
SAMEA103910047		gender=female;phenotype=Primary tumour - other;donor_id=PCSI_0355;ENA-CHECKLIST=ERC000026;
SAMEA103910048		gender=female;phenotype=Xenograft - derived from primary tumour;donor_id=PCSI_0355;ENA-CHECKLIST=ERC000026;
SAMEA2768643	PCSI_0356_Pa_P_526	Sample ID=PCSI_0356_Pa_P_526;Donor ID=PCSI_0356;ENA-CHECKLIST=ERC000026;
SAMEA3168920	PCSI_0357_Pa_P_526	Sample ID=PCSI_0357_Pa_P_526;Donor ID=PCSI_0357;ENA-CHECKLIST=ERC000026;
SAMEA103910050		gender=female;phenotype=Primary tumour - other;donor_id=PCSI_0358;ENA-CHECKLIST=ERC000026;
SAMEA104562118		gender=male;phenotype=Primary tumour - other;donor_id=PCSI_0383;ENA-CHECKLIST=ERC000026;
SAMEA104562119		gender=male;phenotype=Primary tumour - other;donor_id=PCSI_0384;ENA-CHECKLIST=ERC000026;
SAMEA104562120		gender=female;phenotype=Primary tumour - other;donor_id=PCSI_0392;ENA-CHECKLIST=ERC000026;
SAMEA104562121		gender=male;phenotype=Primary tumour - other;donor_id=PCSI_0402;ENA-CHECKLIST=ERC000026;
SAMEA104562122		gender=male;phenotype=Primary tumour - solid tissue;donor_id=PCSI_0403;ENA-CHECKLIST=ERC000026;
SAMEA104562123		gender=male;phenotype=Primary tumour - other;donor_id=PCSI_0404;ENA-CHECKLIST=ERC000026;
SAMEA104562124		gender=unknown;phenotype=Metastatic tumour;donor_id=PCSI_0410;ENA-CHECKLIST=ERC000026;
SAMEA104562125		gender=unknown;phenotype=Metastatic tumour;donor_id=PCSI_0410;ENA-CHECKLIST=ERC000026;
SAMEA104541970		gender=male;phenotype=Metastatic tumour - other;donor_id=PCSI_0410;ENA-CHECKLIST=ERC000026;
SAMEA104562126		gender=unknown;phenotype=Metastatic tumour;donor_id=PCSI_0410;ENA-CHECKLIST=ERC000026;
SAMEA104541971		gender=male;phenotype=Metastatic tumour - other;donor_id=PCSI_0410;ENA-CHECKLIST=ERC000026;
SAMEA104562127		gender=unknown;phenotype=Metastatic tumour;donor_id=PCSI_0410;ENA-CHECKLIST=ERC000026;
SAMEA104562128		gender=unknown;phenotype=Metastatic tumour;donor_id=PCSI_0410;ENA-CHECKLIST=ERC000026;
SAMEA104562129		gender=unknown;phenotype=Metastatic tumour;donor_id=PCSI_0410;ENA-CHECKLIST=ERC000026;
SAMEA104541977		gender=male;phenotype=Primary tumour - other;donor_id=PCSI_0449;ENA-CHECKLIST=ERC000026;
SAMEA104562130		gender=female;phenotype=Primary tumour - other;donor_id=PCSI_0450;ENA-CHECKLIST=ERC000026;
SAMEA104562131		gender=male;phenotype=Primary tumour - other;donor_id=PCSI_0451;ENA-CHECKLIST=ERC000026;
SAMEA104562132		gender=female;phenotype=Primary tumour - other;donor_id=PCSI_0453;ENA-CHECKLIST=ERC000026;
SAMEA104562133		gender=female;phenotype=Primary tumour - other;donor_id=PCSI_0456;ENA-CHECKLIST=ERC000026;
SAMEA104562134		gender=female;phenotype=Primary tumour - other;donor_id=PCSI_0457;ENA-CHECKLIST=ERC000026;
SAMEA104562135		gender=male;phenotype=Primary tumour - other;donor_id=PCSI_0458;ENA-CHECKLIST=ERC000026;
SAMEA104562136		gender=female;phenotype=Primary tumour - other;donor_id=PCSI_0460;ENA-CHECKLIST=ERC000026;
SAMEA3170910	PCSI_0463_Pa_P_526	Sample ID=PCSI_0463_Pa_P_526;Donor ID=PCSI_0463;ENA-CHECKLIST=ERC000026;
SAMEA3170912	PCSI_0465_Pa_P_526	Sample ID=PCSI_0465_Pa_P_526;Donor ID=PCSI_0465;ENA-CHECKLIST=ERC000026;
SAMEA3168674	PCSI_0466_Pa_P_526	Sample ID=PCSI_0466_Pa_P_526;Donor ID=PCSI_0466;ENA-CHECKLIST=ERC000026;
SAMEA3170914	PCSI_0467_Pa_P_526	Sample ID=PCSI_0467_Pa_P_526;Donor ID=PCSI_0467;ENA-CHECKLIST=ERC000026;
SAMEA3170916	PCSI_0468_Pa_P_526	Sample ID=PCSI_0468_Pa_P_526;Donor ID=PCSI_0468;ENA-CHECKLIST=ERC000026;
SAMEA3178152	PCSI_0469_Pa_P_526	Sample ID=PCSI_0469_Pa_P_526;Donor ID=PCSI_0469;ENA-CHECKLIST=ERC000026;
SAMEA3432672	PCSI_0472_Pa_P_526	Sample ID=PCSI_0472_Pa_P_526;Donor ID=PCSI_0472;ENA-CHECKLIST=ERC000026;
SAMEA3168463	PCSI_0473_Pa_P_526	Sample ID=PCSI_0473_Pa_P_526;Donor ID=PCSI_0473;ENA-CHECKLIST=ERC000026;
SAMEA103910052		gender=female;phenotype=Primary tumour - other;donor_id=PCSI_0474;ENA-CHECKLIST=ERC000026;
SAMEA103910054		gender=male;phenotype=Primary tumour - other;donor_id=PCSI_0475;ENA-CHECKLIST=ERC000026;
SAMEA3432674	PCSI_0476_Pa_P_526	Sample ID=PCSI_0476_Pa_P_526;Donor ID=PCSI_0476;ENA-CHECKLIST=ERC000026;
SAMEA3432676	PCSI_0477_Pa_P_526	Sample ID=PCSI_0477_Pa_P_526;Donor ID=PCSI_0477;ENA-CHECKLIST=ERC000026;
SAMEA3170918	PCSI_0492_Pa_P_526	Sample ID=PCSI_0492_Pa_P_526;Donor ID=PCSI_0492;ENA-CHECKLIST=ERC000026;
SAMEA3168468	PCSI_0506_Pa_P_526	Sample ID=PCSI_0506_Pa_P_526;Donor ID=PCSI_0506;ENA-CHECKLIST=ERC000026;
SAMEA3168469	PCSI_0509_Pa_P_526	Sample ID=PCSI_0509_Pa_P_526;Donor ID=PCSI_0509;ENA-CHECKLIST=ERC000026;
SAMEA104562137		gender=male;phenotype=Primary tumour - solid tissue;donor_id=PCSI_0511;ENA-CHECKLIST=ERC000026;
SAMEA104562138		gender=unknown;phenotype=Primary tumour - solid tissue;donor_id=PCSI_0518;ENA-CHECKLIST=ERC000026;
SAMEA103910059		gender=male;phenotype=Primary tumour - other;donor_id=PCSI_0521;ENA-CHECKLIST=ERC000026;
SAMEA3432679	PCSI_0527_Pa_P_526	Sample ID=PCSI_0527_Pa_P_526;Donor ID=PCSI_0527;ENA-CHECKLIST=ERC000026;
SAMEA3432681	PCSI_0528_Pa_P_526	Sample ID=PCSI_0528_Pa_P_526;Donor ID=PCSI_0528;ENA-CHECKLIST=ERC000026;
SAMEA103910061		gender=male;phenotype=Primary tumour - other;donor_id=PCSI_0529;ENA-CHECKLIST=ERC000026;
SAMEA103910063		gender=female;phenotype=Primary tumour - other;donor_id=PCSI_0530;ENA-CHECKLIST=ERC000026;
SAMEA3432683	PCSI_0531_Pa_P_526	Sample ID=PCSI_0531_Pa_P_526;Donor ID=PCSI_0531;ENA-CHECKLIST=ERC000026;
SAMEA103910065		gender=male;phenotype=Primary tumour - other;donor_id=PCSI_0534;ENA-CHECKLIST=ERC000026;
SAMEA3432685	PCSI_0537_Pa_P_526	Sample ID=PCSI_0537_Pa_P_526;Donor ID=PCSI_0537;ENA-CHECKLIST=ERC000026;
SAMEA104562139		gender=unknown;phenotype=Primary tumour - other;donor_id=PCSI_0549;ENA-CHECKLIST=ERC000026;
SAMEA3168474	PCSI_0572_Pa_P_526	Sample ID=PCSI_0572_Pa_P_526;Donor ID=PCSI_0572;ENA-CHECKLIST=ERC000026;
SAMEA103910068		gender=male;phenotype=Primary tumour - other;donor_id=PCSI_0588;ENA-CHECKLIST=ERC000026;
SAMEA103910070		gender=female;phenotype=Primary tumour - other;donor_id=PCSI_0589;ENA-CHECKLIST=ERC000026;
SAMEA104541979		gender=female;phenotype=Xenograft - derived from primary tumour;donor_id=PCSI_0589;ENA-CHECKLIST=ERC000026;
SAMEA103910072		gender=male;phenotype=Primary tumour - other;donor_id=PCSI_0590;ENA-CHECKLIST=ERC000026;
SAMEA103910073		gender=male;phenotype=Xenograft - derived from primary tumour;donor_id=PCSI_0590;ENA-CHECKLIST=ERC000026;
SAMEA103910075		gender=male;phenotype=Primary tumour - other;donor_id=PCSI_0591;ENA-CHECKLIST=ERC000026;
SAMEA103910077		gender=female;phenotype=Primary tumour - other;donor_id=PCSI_0592;ENA-CHECKLIST=ERC000026;
SAMEA103910078		gender=female;phenotype=Xenograft - derived from primary tumour;donor_id=PCSI_0592;ENA-CHECKLIST=ERC000026;
SAMEA103910080		gender=male;phenotype=Primary tumour - other;donor_id=PCSI_0593;ENA-CHECKLIST=ERC000026;
SAMEA103910082		gender=male;phenotype=Primary tumour - other;donor_id=PCSI_0594;ENA-CHECKLIST=ERC000026;
SAMEA103910084		gender=male;phenotype=Primary tumour - other;donor_id=PCSI_0602;ENA-CHECKLIST=ERC000026;
SAMEA104541980		gender=male;phenotype=Xenograft - derived from primary tumour;donor_id=PCSI_0602;ENA-CHECKLIST=ERC000026;
SAMEA103910086		gender=female;phenotype=Primary tumour - other;donor_id=PCSI_0608;ENA-CHECKLIST=ERC000026;
SAMEA103910088		gender=male;phenotype=Primary tumour - other;donor_id=PCSI_0609;ENA-CHECKLIST=ERC000026;
SAMEA103910090		gender=female;phenotype=Primary tumour - other;donor_id=PCSI_0610;ENA-CHECKLIST=ERC000026;
SAMEA103910092		gender=male;phenotype=Primary tumour - other;donor_id=PCSI_0611;ENA-CHECKLIST=ERC000026;
SAMEA104541981		gender=male;phenotype=Xenograft - derived from primary tumour;donor_id=PCSI_0611;ENA-CHECKLIST=ERC000026;
SAMEA103910094		gender=male;phenotype=Primary tumour - other;donor_id=PCSI_0612;ENA-CHECKLIST=ERC000026;
SAMEA103910096		gender=male;phenotype=Primary tumour - other;donor_id=PCSI_0613;ENA-CHECKLIST=ERC000026;
SAMEA103910098		gender=male;phenotype=Primary tumour - other;donor_id=PCSI_0616;ENA-CHECKLIST=ERC000026;
SAMEA103910100		gender=female;phenotype=Primary tumour - other;donor_id=PCSI_0623;ENA-CHECKLIST=ERC000026;
SAMEA103910102		gender=male;phenotype=Primary tumour - other;donor_id=PCSI_0624;ENA-CHECKLIST=ERC000026;
SAMEA104541982		gender=male;phenotype=Xenograft - derived from primary tumour;donor_id=PCSI_0624;ENA-CHECKLIST=ERC000026;
SAMEA103910104		gender=female;phenotype=Primary tumour - other;donor_id=PCSI_0625;ENA-CHECKLIST=ERC000026;
SAMEA103910106		gender=female;phenotype=Primary tumour - other;donor_id=PCSI_0626;ENA-CHECKLIST=ERC000026;
SAMEA103910108		gender=male;phenotype=Primary tumour - other;donor_id=PCSI_0627;ENA-CHECKLIST=ERC000026;
SAMEA103910110		gender=female;phenotype=Primary tumour - other;donor_id=PCSI_0628;ENA-CHECKLIST=ERC000026;
SAMEA103910112		gender=female;phenotype=Primary tumour - other;donor_id=PCSI_0629;ENA-CHECKLIST=ERC000026;
SAMEA104562140		gender=unknown;phenotype=Primary tumour - other;donor_id=PCSI_0633;ENA-CHECKLIST=ERC000026;
SAMEA104541985		gender=female;phenotype=Xenograft - derived from primary tumour;donor_id=PCSI_0633;ENA-CHECKLIST=ERC000026;
SAMEA103910114		gender=male;phenotype=Primary tumour - other;donor_id=PCSI_0638;ENA-CHECKLIST=ERC000026;
SAMEA103910116		gender=unknown;phenotype=Primary tumour - other;donor_id=PCSI_0639;ENA-CHECKLIST=ERC000026;
SAMEA103910118		gender=male;phenotype=Primary tumour - other;donor_id=PCSI_0642;ENA-CHECKLIST=ERC000026;
SAMEA104562141		gender=unknown;phenotype=Xenograft - derived from primary tumour;donor_id=PCSI_0642;ENA-CHECKLIST=ERC000026;
SAMEA103910120		gender=male;phenotype=Primary tumour - other;donor_id=PCSI_0643;ENA-CHECKLIST=ERC000026;
SAMEA103910122		gender=male;phenotype=Primary tumour - other;donor_id=PCSI_0645;ENA-CHECKLIST=ERC000026;
SAMEA103910124		gender=male;phenotype=Primary tumour - other;donor_id=PCSI_0649;ENA-CHECKLIST=ERC000026;
SAMEA104541987		gender=female;phenotype=Primary tumour - other;donor_id=PCSI_0652;ENA-CHECKLIST=ERC000026;
SAMEA103910126		gender=male;phenotype=Primary tumour - other;donor_id=PCSI_0653;ENA-CHECKLIST=ERC000026;
SAMEA104541989		gender=male;phenotype=Primary tumour - other;donor_id=PCSI_0655;ENA-CHECKLIST=ERC000026;
SAMEA104541991		gender=female;phenotype=Primary tumour - other;donor_id=PCSI_0677;ENA-CHECKLIST=ERC000026;
SAMEA104541993		gender=unknown;phenotype=Primary tumour - other;donor_id=PCSI_0694;ENA-CHECKLIST=ERC000026;
SAMEA104541995		gender=female;phenotype=Primary tumour - other;donor_id=PCSI_0710;ENA-CHECKLIST=ERC000026;
SAMEA103910128		gender=female;phenotype=Primary tumour - other;donor_id=PCSI_0890;ENA-CHECKLIST=ERC000026;
SAMEA103910130		gender=male;phenotype=Metastatic tumour - other;donor_id=PCSI_0378;ENA-CHECKLIST=ERC000026;
SAMEA104562142		gender=unknown;phenotype=Metastatic tumour;donor_id=PCSI_0378;ENA-CHECKLIST=ERC000026;
SAMEA103910133		gender=male;phenotype=Primary tumour - other;donor_id=PCSI_0378;ENA-CHECKLIST=ERC000026;
SAMEA103910134		gender=male;phenotype=Metastatic tumour - other;donor_id=PCSI_0380;ENA-CHECKLIST=ERC000026;
SAMEA103910135		gender=male;phenotype=Metastatic tumour - other;donor_id=PCSI_0380;ENA-CHECKLIST=ERC000026;
SAMEA104562143		gender=unknown;phenotype=Primary tumour - other;donor_id=PCSI_0380;ENA-CHECKLIST=ERC000026;
SAMEA103910140		gender=male;phenotype=Metastatic tumour - other;donor_id=PCSI_0387;ENA-CHECKLIST=ERC000026;
SAMEA104562144		gender=unknown;phenotype=Primary tumour - solid tissue;donor_id=PCSI_0387;ENA-CHECKLIST=ERC000026;
SAMEA104562145		gender=unknown;phenotype=Metastatic tumour;donor_id=PCSI_0388;ENA-CHECKLIST=ERC000026;
SAMEA103910145		gender=male;phenotype=Primary tumour - other;donor_id=PCSI_0388;ENA-CHECKLIST=ERC000026;
SAMEA103910146		gender=male;phenotype=Metastatic tumour - other;donor_id=PCSI_0407;ENA-CHECKLIST=ERC000026;
SAMEA103910147		gender=male;phenotype=Metastatic tumour - other;donor_id=PCSI_0407;ENA-CHECKLIST=ERC000026;
SAMEA104562146		gender=unknown;phenotype=Primary tumour - other;donor_id=PCSI_0407;ENA-CHECKLIST=ERC000026;
