subject_id=0128_CRUK_PC_0128_T1_DNA;gender=male;phenotype=malignant tissue (prostatectomy);donor_id=0128_CRUK_PC_0128;disease_site=prostate;sample type=diseased tissue;ENA-CHECKLIST=ERC000026;
subject_id=0112_CRUK_PC_0112_T1_DNA;gender=male;phenotype=malignant tissue (prostatectomy);donor_id=0112_CRUK_PC_0112;disease_site=prostate;sample type=diseased tissue;ENA-CHECKLIST=ERC000026;
subject_id=0030_CRUK_PC_0030_Blood_DNA;gender=male;phenotype=normal - blood;donor_id=0030_CRUK_PC_0030;disease_site=prostate;sample type=normal tissue;ENA-CHECKLIST=ERC000026;
subject_id=0033_CRUK_PC_0033_T1_DNA;gender=male;phenotype=malignant tissue (prostatectomy);donor_id=0033_CRUK_PC_0033;disease_site=prostate;sample type=diseased tissue;ENA-CHECKLIST=ERC000026;
subject_id=0039_CRUK_PC_0039_T1_DNA;gender=male;phenotype=malignant tissue (prostatectomy);donor_id=0039_CRUK_PC_0039;disease_site=prostate;sample type=diseased tissue;ENA-CHECKLIST=ERC000026;
subject_id=0041_CRUK_PC_0041_Blood_DNA;gender=male;phenotype=normal - blood;donor_id=0041_CRUK_PC_0041;disease_site=prostate;sample type=normal tissue;ENA-CHECKLIST=ERC000026;
subject_id=0042_CRUK_PC_0042_T1_DNA;gender=male;phenotype=malignant tissue (prostatectomy);donor_id=0042_CRUK_PC_0042;disease_site=prostate;sample type=diseased tissue;ENA-CHECKLIST=ERC000026;
subject_id=0042_CRUK_PC_0042_Blood_DNA;gender=male;phenotype=normal - blood;donor_id=0042_CRUK_PC_0042;disease_site=prostate;sample type=normal tissue;ENA-CHECKLIST=ERC000026;
subject_id=0048_CRUK_PC_0048_T1_DNA;gender=male;phenotype=malignant tissue (prostatectomy);donor_id=0048_CRUK_PC_0048;disease_site=prostate;sample type=diseased tissue;ENA-CHECKLIST=ERC000026;
subject_id=0053_CRUK_PC_0053_T1_DNA;gender=male;phenotype=malignant tissue (prostatectomy);donor_id=0053_CRUK_PC_0053;disease_site=prostate;sample type=diseased tissue;ENA-CHECKLIST=ERC000026;
subject_id=0053_CRUK_PC_0053_Blood_DNA;gender=male;phenotype=normal - blood;donor_id=0053_CRUK_PC_0053;disease_site=prostate;sample type=normal tissue;ENA-CHECKLIST=ERC000026;
subject_id=0057_CRUK_PC_0057_Blood_DNA;gender=male;phenotype=normal - blood;donor_id=0057_CRUK_PC_0057;disease_site=prostate;sample type=normal tissue;ENA-CHECKLIST=ERC000026;
gender=male;phenotype=malignant tissue (prostatectomy);donor_id=0064_CRUK_PC_0064;ENA-CHECKLIST=ERC000026;
gender=male;phenotype=malignant tissue (prostatectomy);donor_id=0078_CRUK_PC_0078;ENA-CHECKLIST=ERC000026;
subject_id=0114_CRUK_PC_0114_T1_DNA;gender=male;phenotype=malignant tissue (prostatectomy);donor_id=0114_CRUK_PC_0114;disease_site=prostate;sample type=diseased tissue;ENA-CHECKLIST=ERC000026;
subject_id=0035_CRUK_PC_0035_T1_DNA;gender=male;phenotype=malignant tissue (prostatectomy);donor_id=0035_CRUK_PC_0035;disease_site=prostate;sample type=diseased tissue;ENA-CHECKLIST=ERC000026;
gender=male;phenotype=normal - blood;donor_id=0056_CRUK_PC_0056;ENA-CHECKLIST=ERC000026;
subject_id=0023_CRUK_PC_0023_T1_DNA;gender=male;phenotype=malignant tissue (prostatectomy);donor_id=0023_CRUK_PC_0023;disease_site=prostate;sample type=diseased tissue;ENA-CHECKLIST=ERC000026;
subject_id=0023_CRUK_PC_0023_Blood_DNA;gender=male;phenotype=normal - blood;donor_id=0023_CRUK_PC_0023;disease_site=prostate;sample type=normal tissue;ENA-CHECKLIST=ERC000026;
subject_id=0024_CRUK_PC_0024_T1_DNA;gender=male;phenotype=malignant tissue (prostatectomy);donor_id=0024_CRUK_PC_0024;disease_site=prostate;sample type=diseased tissue;ENA-CHECKLIST=ERC000026;
subject_id=0024_CRUK_PC_0024_Blood_DNA;gender=male;phenotype=normal - blood;donor_id=0024_CRUK_PC_0024;disease_site=prostate;sample type=normal tissue;ENA-CHECKLIST=ERC000026;
subject_id=0025_CRUK_PC_0025_T1_DNA;gender=male;phenotype=malignant tissue (prostatectomy);donor_id=0025_CRUK_PC_0025;disease_site=prostate;sample type=diseased tissue;ENA-CHECKLIST=ERC000026;
subject_id=0025_CRUK_PC_0025_Blood_DNA;gender=male;phenotype=normal - blood;donor_id=0025_CRUK_PC_0025;disease_site=prostate;sample type=normal tissue;ENA-CHECKLIST=ERC000026;
subject_id=0026_CRUK_PC_0026_T1_DNA;gender=male;phenotype=malignant tissue (prostatectomy);donor_id=0026_CRUK_PC_0026;disease_site=prostate;sample type=diseased tissue;ENA-CHECKLIST=ERC000026;
subject_id=0026_CRUK_PC_0026_Blood_DNA;gender=male;phenotype=normal - blood;donor_id=0026_CRUK_PC_0026;disease_site=prostate;sample type=normal tissue;ENA-CHECKLIST=ERC000026;
subject_id=0027_CRUK_PC_0027_T1_DNA;gender=male;phenotype=malignant tissue (prostatectomy);donor_id=0027_CRUK_PC_0027;disease_site=prostate;sample type=diseased tissue;ENA-CHECKLIST=ERC000026;
subject_id=0028_CRUK_PC_0028_T1_DNA;gender=male;phenotype=malignant tissue (prostatectomy);donor_id=0028_CRUK_PC_0028;disease_site=prostate;sample type=diseased tissue;ENA-CHECKLIST=ERC000026;
subject_id=0028_CRUK_PC_0028_Blood_DNA;gender=male;phenotype=normal - blood;donor_id=0028_CRUK_PC_0028;disease_site=prostate;sample type=normal tissue;ENA-CHECKLIST=ERC000026;
subject_id=0031_CRUK_PC_0031_T1_DNA;gender=male;phenotype=malignant tissue (prostatectomy);donor_id=0031_CRUK_PC_0031;disease_site=prostate;sample type=diseased tissue;ENA-CHECKLIST=ERC000026;
subject_id=0036_CRUK_PC_0036_Blood_DNA;gender=male;phenotype=normal - blood;donor_id=0036_CRUK_PC_0036;disease_site=prostate;sample type=normal tissue;ENA-CHECKLIST=ERC000026;
subject_id=0037_CRUK_PC_0037_Blood_DNA;gender=male;phenotype=normal - blood;donor_id=0037_CRUK_PC_0037;disease_site=prostate;sample type=normal tissue;ENA-CHECKLIST=ERC000026;
subject_id=0045_CRUK_PC_0045_T1_DNA;gender=male;phenotype=malignant tissue (prostatectomy);donor_id=0045_CRUK_PC_0045;disease_site=prostate;sample type=diseased tissue;ENA-CHECKLIST=ERC000026;
subject_id=0048_CRUK_PC_0048_Blood_DNA;gender=male;phenotype=normal - blood;donor_id=0048_CRUK_PC_0048;disease_site=prostate;sample type=normal tissue;ENA-CHECKLIST=ERC000026;
subject_id=0052_CRUK_PC_0052_T1_DNA;gender=male;phenotype=malignant tissue (prostatectomy);donor_id=0052_CRUK_PC_0052;disease_site=prostate;sample type=diseased tissue;ENA-CHECKLIST=ERC000026;
subject_id=0052_CRUK_PC_0052_Blood_DNA;gender=male;phenotype=normal - blood;donor_id=0052_CRUK_PC_0052;disease_site=prostate;sample type=normal tissue;ENA-CHECKLIST=ERC000026;
subject_id=0054_CRUK_PC_0054_T1_DNA;gender=male;phenotype=malignant tissue (prostatectomy);donor_id=0054_CRUK_PC_0054;disease_site=prostate;sample type=diseased tissue;ENA-CHECKLIST=ERC000026;
subject_id=0054_CRUK_PC_0054_Blood_DNA;gender=male;phenotype=normal - blood;donor_id=0054_CRUK_PC_0054;disease_site=prostate;sample type=normal tissue;ENA-CHECKLIST=ERC000026;
subject_id=0058_CRUK_PC_0058_Blood_DNA;gender=male;phenotype=normal - blood;donor_id=0058_CRUK_PC_0058;disease_site=prostate;sample type=normal tissue;ENA-CHECKLIST=ERC000026;
subject_id=0059_CRUK_PC_0059_T1_DNA;gender=male;phenotype=malignant tissue (prostatectomy);donor_id=0059_CRUK_PC_0059;disease_site=prostate;sample type=diseased tissue;ENA-CHECKLIST=ERC000026;
subject_id=0060_CRUK_PC_0060_Blood_DNA;gender=male;phenotype=normal - blood;donor_id=0060_CRUK_PC_0060;disease_site=prostate;sample type=normal tissue;ENA-CHECKLIST=ERC000026;
subject_id=0061_CRUK_PC_0061_T1_DNA;gender=male;phenotype=malignant tissue (prostatectomy);donor_id=0061_CRUK_PC_0061;disease_site=prostate;sample type=diseased tissue;ENA-CHECKLIST=ERC000026;
subject_id=0062_CRUK_PC_0062_Blood_DNA;gender=male;phenotype=normal - blood;donor_id=0062_CRUK_PC_0062;disease_site=prostate;sample type=normal tissue;ENA-CHECKLIST=ERC000026;
subject_id=0063_CRUK_PC_0063_T1_DNA;gender=male;phenotype=malignant tissue (prostatectomy);donor_id=0063_CRUK_PC_0063;disease_site=prostate;sample type=diseased tissue;ENA-CHECKLIST=ERC000026;
gender=male;phenotype=normal - blood;donor_id=0064_CRUK_PC_0064;ENA-CHECKLIST=ERC000026;
gender=male;phenotype=malignant tissue (prostatectomy);donor_id=0065_CRUK_PC_0065;ENA-CHECKLIST=ERC000026;
gender=male;phenotype=normal - blood;donor_id=0067_CRUK_PC_0067;ENA-CHECKLIST=ERC000026;
gender=male;phenotype=malignant tissue (prostatectomy);donor_id=0069_CRUK_PC_0069;ENA-CHECKLIST=ERC000026;
gender=male;phenotype=normal - blood;donor_id=0069_CRUK_PC_0069;ENA-CHECKLIST=ERC000026;
gender=male;phenotype=malignant tissue (prostatectomy);donor_id=0070_CRUK_PC_0070;ENA-CHECKLIST=ERC000026;
gender=male;phenotype=normal - blood;donor_id=0070_CRUK_PC_0070;ENA-CHECKLIST=ERC000026;
gender=male;phenotype=malignant tissue (prostatectomy);donor_id=0071_CRUK_PC_0071;ENA-CHECKLIST=ERC000026;
gender=male;phenotype=normal - blood;donor_id=0071_CRUK_PC_0071;ENA-CHECKLIST=ERC000026;
gender=male;phenotype=normal - blood;donor_id=0072_CRUK_PC_0072;ENA-CHECKLIST=ERC000026;
subject_id=0073_CRUK_PC_0073_Blood_DNA;gender=male;phenotype=normal - blood;donor_id=0073_CRUK_PC_0073;disease_site=prostate;sample type=normal tissue;ENA-CHECKLIST=ERC000026;
subject_id=0074_CRUK_PC_0074_T1_DNA;gender=male;phenotype=malignant tissue (prostatectomy);donor_id=0074_CRUK_PC_0074;disease_site=prostate;sample type=diseased tissue;ENA-CHECKLIST=ERC000026;
gender=male;phenotype=malignant tissue (prostatectomy);donor_id=0075_CRUK_PC_0075;ENA-CHECKLIST=ERC000026;
gender=male;phenotype=normal - blood;donor_id=0078_CRUK_PC_0078;ENA-CHECKLIST=ERC000026;
subject_id=0081_CRUK_PC_0081_T1_DNA;gender=male;phenotype=malignant tissue (prostatectomy);donor_id=0081_CRUK_PC_0081;disease_site=prostate;sample type=diseased tissue;ENA-CHECKLIST=ERC000026;
gender=male;phenotype=malignant tissue (prostatectomy);donor_id=0084_CRUK_PC_0084;ENA-CHECKLIST=ERC000026;
subject_id=0085_CRUK_PC_0085_T1_DNA;gender=male;phenotype=malignant tissue (prostatectomy);donor_id=0085_CRUK_PC_0085;disease_site=prostate;sample type=diseased tissue;ENA-CHECKLIST=ERC000026;
gender=male;phenotype=malignant tissue (prostatectomy);donor_id=0086_CRUK_PC_0086;ENA-CHECKLIST=ERC000026;
subject_id=0087_CRUK_PC_0087_Blood_DNA;gender=male;phenotype=normal - blood;donor_id=0087_CRUK_PC_0087;disease_site=prostate;sample type=normal tissue;ENA-CHECKLIST=ERC000026;
subject_id=0088_CRUK_PC_0088_Blood_DNA;gender=male;phenotype=normal - blood;donor_id=0088_CRUK_PC_0088;disease_site=prostate;sample type=normal tissue;ENA-CHECKLIST=ERC000026;
gender=male;phenotype=malignant tissue (prostatectomy);donor_id=0090_CRUK_PC_0090;ENA-CHECKLIST=ERC000026;
subject_id=0092_CRUK_PC_0092_T1_DNA;gender=male;phenotype=malignant tissue (prostatectomy);donor_id=0092_CRUK_PC_0092;disease_site=prostate;sample type=diseased tissue;ENA-CHECKLIST=ERC000026;
gender=male;phenotype=normal - blood;donor_id=0093_CRUK_PC_0093;ENA-CHECKLIST=ERC000026;
gender=male;phenotype=malignant tissue (prostatectomy);donor_id=0094_CRUK_PC_0094;ENA-CHECKLIST=ERC000026;
gender=male;phenotype=normal - blood;donor_id=0094_CRUK_PC_0094;ENA-CHECKLIST=ERC000026;
subject_id=0114_CRUK_PC_0114_Blood_DNA;gender=male;phenotype=normal - blood;donor_id=0114_CRUK_PC_0114;disease_site=prostate;sample type=normal tissue;ENA-CHECKLIST=ERC000026;
subject_id=0116_CRUK_PC_0116_T1_DNA;gender=male;phenotype=malignant tissue (prostatectomy);donor_id=0116_CRUK_PC_0116;disease_site=prostate;sample type=diseased tissue;ENA-CHECKLIST=ERC000026;
subject_id=0117_CRUK_PC_0117_Blood_DNA;gender=male;phenotype=normal - blood;donor_id=0117_CRUK_PC_0117;disease_site=prostate;sample type=normal tissue;ENA-CHECKLIST=ERC000026;
subject_id=0118_CRUK_PC_0118_Blood_DNA;gender=male;phenotype=normal - blood;donor_id=0118_CRUK_PC_0118;disease_site=prostate;sample type=normal tissue;ENA-CHECKLIST=ERC000026;
subject_id=0120_CRUK_PC_0120_Blood_DNA;gender=male;phenotype=normal - blood;donor_id=0120_CRUK_PC_0120;disease_site=prostate;sample type=normal tissue;ENA-CHECKLIST=ERC000026;
subject_id=0124_CRUK_PC_0124_Blood_DNA;gender=male;phenotype=normal - blood;donor_id=0124_CRUK_PC_0124;disease_site=prostate;sample type=normal tissue;ENA-CHECKLIST=ERC000026;
subject_id=0125_CRUK_PC_0125_T1_DNA;gender=male;phenotype=malignant tissue (prostatectomy);donor_id=0125_CRUK_PC_0125;disease_site=prostate;sample type=diseased tissue;ENA-CHECKLIST=ERC000026;
subject_id=0126_CRUK_PC_0126_T1_DNA;gender=male;phenotype=malignant tissue (prostatectomy);donor_id=0126_CRUK_PC_0126;disease_site=prostate;sample type=diseased tissue;ENA-CHECKLIST=ERC000026;
subject_id=0127_CRUK_PC_0127_T1_DNA;gender=male;phenotype=malignant tissue (prostatectomy);donor_id=0127_CRUK_PC_0127;disease_site=prostate;sample type=diseased tissue;ENA-CHECKLIST=ERC000026;
subject_id=0128_CRUK_PC_0128_Blood_DNA;gender=male;phenotype=normal - blood;donor_id=0128_CRUK_PC_0128;disease_site=prostate;sample type=normal tissue;ENA-CHECKLIST=ERC000026;
subject_id=0108_CRUK_PC_0108_T1_DNA;gender=male;phenotype=malignant tissue (prostatectomy);donor_id=0108_CRUK_PC_0108;disease_site=prostate;sample type=diseased tissue;ENA-CHECKLIST=ERC000026;
subject_id=0109_CRUK_PC_0109_Blood_DNA;gender=male;phenotype=normal - blood;donor_id=0109_CRUK_PC_0109;disease_site=prostate;sample type=normal tissue;ENA-CHECKLIST=ERC000026;
subject_id=0110_CRUK_PC_0110_Blood_DNA;gender=male;phenotype=normal - blood;donor_id=0110_CRUK_PC_0110;disease_site=prostate;sample type=normal tissue;ENA-CHECKLIST=ERC000026;
subject_id=0111_CRUK_PC_0111_T1_DNA;gender=male;phenotype=malignant tissue (prostatectomy);donor_id=0111_CRUK_PC_0111;disease_site=prostate;sample type=diseased tissue;ENA-CHECKLIST=ERC000026;
subject_id=0112_CRUK_PC_0112_Blood_DNA;gender=male;phenotype=normal - blood;donor_id=0112_CRUK_PC_0112;disease_site=prostate;sample type=normal tissue;ENA-CHECKLIST=ERC000026;
subject_id=0001_CRUK_PC_0001_Blood_DNA;gender=male;phenotype=normal - blood;donor_id=0001_CRUK_PC_0001;disease_site=prostate;sample type=normal tissue;ENA-CHECKLIST=ERC000026;
subject_id=0004_CRUK_PC_0004_T1_DNA;gender=male;phenotype=malignant tissue (prostatectomy);donor_id=0004_CRUK_PC_0004;disease_site=prostate;sample type=diseased tissue;ENA-CHECKLIST=ERC000026;
subject_id=0005_CRUK_PC_0005_T1_DNA;gender=male;phenotype=malignant tissue (prostatectomy);donor_id=0005_CRUK_PC_0005;disease_site=prostate;sample type=diseased tissue;ENA-CHECKLIST=ERC000026;
subject_id=0009_CRUK_PC_0009_T1_DNA;gender=male;phenotype=malignant tissue (prostatectomy);donor_id=0009_CRUK_PC_0009;disease_site=prostate;sample type=diseased tissue;ENA-CHECKLIST=ERC000026;
subject_id=0012_CRUK_PC_0012_T1_DNA;gender=male;phenotype=malignant tissue (prostatectomy);donor_id=0012_CRUK_PC_0012;disease_site=prostate;sample type=diseased tissue;ENA-CHECKLIST=ERC000026;
subject_id=0012_CRUK_PC_0012_Blood_DNA;gender=male;phenotype=normal - blood;donor_id=0012_CRUK_PC_0012;disease_site=prostate;sample type=normal tissue;ENA-CHECKLIST=ERC000026;
subject_id=0014_CRUK_PC_0014_Blood_DNA;gender=male;phenotype=normal - blood;donor_id=0014_CRUK_PC_0014;disease_site=prostate;sample type=normal tissue;ENA-CHECKLIST=ERC000026;
subject_id=0038_CRUK_PC_0038_Blood_DNA;gender=male;phenotype=normal - blood;donor_id=0038_CRUK_PC_0038;disease_site=prostate;sample type=normal tissue;ENA-CHECKLIST=ERC000026;
subject_id=0039_CRUK_PC_0039_Blood_DNA;gender=male;phenotype=normal - blood;donor_id=0039_CRUK_PC_0039;disease_site=prostate;sample type=normal tissue;ENA-CHECKLIST=ERC000026;
subject_id=0043_CRUK_PC_0043_Blood_DNA;gender=male;phenotype=normal - blood;donor_id=0043_CRUK_PC_0043;disease_site=prostate;sample type=normal tissue;ENA-CHECKLIST=ERC000026;
subject_id=0044_CRUK_PC_0044_T1_DNA;gender=male;phenotype=malignant tissue (prostatectomy);donor_id=0044_CRUK_PC_0044;disease_site=prostate;sample type=diseased tissue;ENA-CHECKLIST=ERC000026;
subject_id=0047_CRUK_PC_0047_T1_DNA;gender=male;phenotype=malignant tissue (prostatectomy);donor_id=0047_CRUK_PC_0047;disease_site=prostate;sample type=diseased tissue;ENA-CHECKLIST=ERC000026;
subject_id=0057_CRUK_PC_0057_T1_DNA;gender=male;phenotype=malignant tissue (prostatectomy);donor_id=0057_CRUK_PC_0057;disease_site=prostate;sample type=diseased tissue;ENA-CHECKLIST=ERC000026;
subject_id=0062_CRUK_PC_0062_T1_DNA;gender=male;phenotype=malignant tissue (prostatectomy);donor_id=0062_CRUK_PC_0062;disease_site=prostate;sample type=diseased tissue;ENA-CHECKLIST=ERC000026;
subject_id=0063_CRUK_PC_0063_Blood_DNA;gender=male;phenotype=normal - blood;donor_id=0063_CRUK_PC_0063;disease_site=prostate;sample type=normal tissue;ENA-CHECKLIST=ERC000026;
gender=male;phenotype=normal - blood;donor_id=0075_CRUK_PC_0075;ENA-CHECKLIST=ERC000026;
subject_id=0076_CRUK_PC_0076_Blood_DNA;gender=male;phenotype=normal - blood;donor_id=0076_CRUK_PC_0076;disease_site=prostate;sample type=normal tissue;ENA-CHECKLIST=ERC000026;
subject_id=0079_CRUK_PC_0079_Blood_DNA;gender=male;phenotype=normal - blood;donor_id=0079_CRUK_PC_0079;disease_site=prostate;sample type=normal tissue;ENA-CHECKLIST=ERC000026;
subject_id=0081_CRUK_PC_0081_Blood_DNA;gender=male;phenotype=normal - blood;donor_id=0081_CRUK_PC_0081;disease_site=prostate;sample type=normal tissue;ENA-CHECKLIST=ERC000026;
subject_id=0087_CRUK_PC_0087_T1_DNA;gender=male;phenotype=malignant tissue (prostatectomy);donor_id=0087_CRUK_PC_0087;disease_site=prostate;sample type=diseased tissue;ENA-CHECKLIST=ERC000026;
subject_id=0088_CRUK_PC_0088_T1_DNA;gender=male;phenotype=malignant tissue (prostatectomy);donor_id=0088_CRUK_PC_0088;disease_site=prostate;sample type=diseased tissue;ENA-CHECKLIST=ERC000026;
subject_id=0092_CRUK_PC_0092_Blood_DNA;gender=male;phenotype=normal - blood;donor_id=0092_CRUK_PC_0092;disease_site=prostate;sample type=normal tissue;ENA-CHECKLIST=ERC000026;
subject_id=0127_CRUK_PC_0127_Blood_DNA;gender=male;phenotype=normal - blood;donor_id=0127_CRUK_PC_0127;disease_site=prostate;sample type=normal tissue;ENA-CHECKLIST=ERC000026;
subject_id=0109_CRUK_PC_0109_T1_DNA;gender=male;phenotype=malignant tissue (prostatectomy);donor_id=0109_CRUK_PC_0109;disease_site=prostate;sample type=diseased tissue;ENA-CHECKLIST=ERC000026;
subject_id=0110_CRUK_PC_0110_T1_DNA;gender=male;phenotype=malignant tissue (prostatectomy);donor_id=0110_CRUK_PC_0110;disease_site=prostate;sample type=diseased tissue;ENA-CHECKLIST=ERC000026;
subject_id=0009_CRUK_PC_0009_Blood_DNA;gender=male;phenotype=normal - blood;donor_id=0009_CRUK_PC_0009;disease_site=prostate;sample type=normal tissue;ENA-CHECKLIST=ERC000026;
subject_id=0030_CRUK_PC_0030_T1_DNA;gender=male;phenotype=malignant tissue (prostatectomy);donor_id=0030_CRUK_PC_0030;disease_site=prostate;sample type=diseased tissue;ENA-CHECKLIST=ERC000026;
subject_id=0031_CRUK_PC_0031_Blood_DNA;gender=male;phenotype=normal - blood;donor_id=0031_CRUK_PC_0031;disease_site=prostate;sample type=normal tissue;ENA-CHECKLIST=ERC000026;
subject_id=0032_CRUK_PC_0032_Blood_DNA;gender=male;phenotype=normal - blood;donor_id=0032_CRUK_PC_0032;disease_site=prostate;sample type=normal tissue;ENA-CHECKLIST=ERC000026;
subject_id=0034_CRUK_PC_0034_T1_DNA;gender=male;phenotype=malignant tissue (prostatectomy);donor_id=0034_CRUK_PC_0034;disease_site=prostate;sample type=diseased tissue;ENA-CHECKLIST=ERC000026;
subject_id=0034_CRUK_PC_0034_Blood_DNA;gender=male;phenotype=normal - blood;donor_id=0034_CRUK_PC_0034;disease_site=prostate;sample type=normal tissue;ENA-CHECKLIST=ERC000026;
subject_id=0038_CRUK_PC_0038_T1_DNA;gender=male;phenotype=malignant tissue (prostatectomy);donor_id=0038_CRUK_PC_0038;disease_site=prostate;sample type=diseased tissue;ENA-CHECKLIST=ERC000026;
subject_id=0043_CRUK_PC_0043_T1_DNA;gender=male;phenotype=malignant tissue (prostatectomy);donor_id=0043_CRUK_PC_0043;disease_site=prostate;sample type=diseased tissue;ENA-CHECKLIST=ERC000026;
subject_id=0044_CRUK_PC_0044_Blood_DNA;gender=male;phenotype=normal - blood;donor_id=0044_CRUK_PC_0044;disease_site=prostate;sample type=normal tissue;ENA-CHECKLIST=ERC000026;
subject_id=0045_CRUK_PC_0045_Blood_DNA;gender=male;phenotype=normal - blood;donor_id=0045_CRUK_PC_0045;disease_site=prostate;sample type=normal tissue;ENA-CHECKLIST=ERC000026;
subject_id=0046_CRUK_PC_0046_T1_DNA;gender=male;phenotype=malignant tissue (prostatectomy);donor_id=0046_CRUK_PC_0046;disease_site=prostate;sample type=diseased tissue;ENA-CHECKLIST=ERC000026;
subject_id=0049_CRUK_PC_0049_T1_DNA;gender=male;phenotype=malignant tissue (prostatectomy);donor_id=0049_CRUK_PC_0049;disease_site=prostate;sample type=diseased tissue;ENA-CHECKLIST=ERC000026;
subject_id=0055_CRUK_PC_0055_T1_DNA;gender=male;phenotype=malignant tissue (prostatectomy);donor_id=0055_CRUK_PC_0055;disease_site=prostate;sample type=diseased tissue;ENA-CHECKLIST=ERC000026;
gender=male;phenotype=malignant tissue (prostatectomy);donor_id=0056_CRUK_PC_0056;ENA-CHECKLIST=ERC000026;
subject_id=0058_CRUK_PC_0058_T1_DNA;gender=male;phenotype=malignant tissue (prostatectomy);donor_id=0058_CRUK_PC_0058;disease_site=prostate;sample type=diseased tissue;ENA-CHECKLIST=ERC000026;
subject_id=0059_CRUK_PC_0059_Blood_DNA;gender=male;phenotype=normal - blood;donor_id=0059_CRUK_PC_0059;disease_site=prostate;sample type=normal tissue;ENA-CHECKLIST=ERC000026;
subject_id=0061_CRUK_PC_0061_Blood_DNA;gender=male;phenotype=normal - blood;donor_id=0061_CRUK_PC_0061;disease_site=prostate;sample type=normal tissue;ENA-CHECKLIST=ERC000026;
gender=male;phenotype=malignant tissue (prostatectomy);donor_id=0067_CRUK_PC_0067;ENA-CHECKLIST=ERC000026;
subject_id=0074_CRUK_PC_0074_Blood_DNA;gender=male;phenotype=normal - blood;donor_id=0074_CRUK_PC_0074;disease_site=prostate;sample type=normal tissue;ENA-CHECKLIST=ERC000026;
subject_id=0079_CRUK_PC_0079_T1_DNA;gender=male;phenotype=malignant tissue (prostatectomy);donor_id=0079_CRUK_PC_0079;disease_site=prostate;sample type=diseased tissue;ENA-CHECKLIST=ERC000026;
gender=male;phenotype=normal - blood;donor_id=0080_CRUK_PC_0080;ENA-CHECKLIST=ERC000026;
gender=male;phenotype=malignant tissue (prostatectomy);donor_id=0082_CRUK_PC_0082;ENA-CHECKLIST=ERC000026;
gender=male;phenotype=normal - blood;donor_id=0082_CRUK_PC_0082;ENA-CHECKLIST=ERC000026;
subject_id=0085_CRUK_PC_0085_Blood_DNA;gender=male;phenotype=normal - blood;donor_id=0085_CRUK_PC_0085;disease_site=prostate;sample type=normal tissue;ENA-CHECKLIST=ERC000026;
gender=male;phenotype=normal - blood;donor_id=0089_CRUK_PC_0089;ENA-CHECKLIST=ERC000026;
gender=male;phenotype=normal - blood;donor_id=0090_CRUK_PC_0090;ENA-CHECKLIST=ERC000026;
gender=male;phenotype=malignant tissue (prostatectomy);donor_id=0093_CRUK_PC_0093;ENA-CHECKLIST=ERC000026;
subject_id=0113_CRUK_PC_0113_T1_DNA;gender=male;phenotype=malignant tissue (prostatectomy);donor_id=0113_CRUK_PC_0113;disease_site=prostate;sample type=diseased tissue;ENA-CHECKLIST=ERC000026;
subject_id=0113_CRUK_PC_0113_Blood_DNA;gender=male;phenotype=normal - blood;donor_id=0113_CRUK_PC_0113;disease_site=prostate;sample type=normal tissue;ENA-CHECKLIST=ERC000026;
subject_id=0115_CRUK_PC_0115_Blood_DNA;gender=male;phenotype=normal - blood;donor_id=0115_CRUK_PC_0115;disease_site=prostate;sample type=normal tissue;ENA-CHECKLIST=ERC000026;
subject_id=0116_CRUK_PC_0116_Blood_DNA;gender=male;phenotype=normal - blood;donor_id=0116_CRUK_PC_0116;disease_site=prostate;sample type=normal tissue;ENA-CHECKLIST=ERC000026;
subject_id=0125_CRUK_PC_0125_Blood_DNA;gender=male;phenotype=normal - blood;donor_id=0125_CRUK_PC_0125;disease_site=prostate;sample type=normal tissue;ENA-CHECKLIST=ERC000026;
subject_id=0126_CRUK_PC_0126_Blood_DNA;gender=male;phenotype=normal - blood;donor_id=0126_CRUK_PC_0126;disease_site=prostate;sample type=normal tissue;ENA-CHECKLIST=ERC000026;
subject_id=0108_CRUK_PC_0108_Blood_DNA;gender=male;phenotype=normal - blood;donor_id=0108_CRUK_PC_0108;disease_site=prostate;sample type=normal tissue;ENA-CHECKLIST=ERC000026;
subject_id=0111_CRUK_PC_0111_Blood_DNA;gender=male;phenotype=normal - blood;donor_id=0111_CRUK_PC_0111;disease_site=prostate;sample type=normal tissue;ENA-CHECKLIST=ERC000026;
subject_id=0001_CRUK_PC_0001_T1_DNA;gender=male;phenotype=malignant tissue (prostatectomy);donor_id=0001_CRUK_PC_0001;disease_site=prostate;sample type=diseased tissue;ENA-CHECKLIST=ERC000026;
subject_id=0004_CRUK_PC_0004_Blood_DNA;gender=male;phenotype=normal - blood;donor_id=0004_CRUK_PC_0004;disease_site=prostate;sample type=normal tissue;ENA-CHECKLIST=ERC000026;
subject_id=0005_CRUK_PC_0005_Blood_DNA;gender=male;phenotype=normal - blood;donor_id=0005_CRUK_PC_0005;disease_site=prostate;sample type=normal tissue;ENA-CHECKLIST=ERC000026;
subject_id=0014_CRUK_PC_0014_T1_DNA;gender=male;phenotype=malignant tissue (prostatectomy);donor_id=0014_CRUK_PC_0014;disease_site=prostate;sample type=diseased tissue;ENA-CHECKLIST=ERC000026;
subject_id=0027_CRUK_PC_0027_Blood_DNA;gender=male;phenotype=normal - blood;donor_id=0027_CRUK_PC_0027;disease_site=prostate;sample type=normal tissue;ENA-CHECKLIST=ERC000026;
subject_id=0029_CRUK_PC_0029_T1_DNA;gender=male;phenotype=malignant tissue (prostatectomy);donor_id=0029_CRUK_PC_0029;disease_site=prostate;sample type=diseased tissue;ENA-CHECKLIST=ERC000026;
subject_id=0029_CRUK_PC_0029_Blood_DNA;gender=male;phenotype=normal - blood;donor_id=0029_CRUK_PC_0029;disease_site=prostate;sample type=normal tissue;ENA-CHECKLIST=ERC000026;
subject_id=0032_CRUK_PC_0032_T1_DNA;gender=male;phenotype=malignant tissue (prostatectomy);donor_id=0032_CRUK_PC_0032;disease_site=prostate;sample type=diseased tissue;ENA-CHECKLIST=ERC000026;
subject_id=0033_CRUK_PC_0033_Blood_DNA;gender=male;phenotype=normal - blood;donor_id=0033_CRUK_PC_0033;disease_site=prostate;sample type=normal tissue;ENA-CHECKLIST=ERC000026;
subject_id=0035_CRUK_PC_0035_Blood_DNA;gender=male;phenotype=normal - blood;donor_id=0035_CRUK_PC_0035;disease_site=prostate;sample type=normal tissue;ENA-CHECKLIST=ERC000026;
subject_id=0036_CRUK_PC_0036_T1_DNA;gender=male;phenotype=malignant tissue (prostatectomy);donor_id=0036_CRUK_PC_0036;disease_site=prostate;sample type=diseased tissue;ENA-CHECKLIST=ERC000026;
subject_id=0037_CRUK_PC_0037_T1_DNA;gender=male;phenotype=malignant tissue (prostatectomy);donor_id=0037_CRUK_PC_0037;disease_site=prostate;sample type=diseased tissue;ENA-CHECKLIST=ERC000026;
subject_id=0040_CRUK_PC_0040_T1_DNA;gender=male;phenotype=malignant tissue (prostatectomy);donor_id=0040_CRUK_PC_0040;disease_site=prostate;sample type=diseased tissue;ENA-CHECKLIST=ERC000026;
subject_id=0040_CRUK_PC_0040_Blood_DNA;gender=male;phenotype=normal - blood;donor_id=0040_CRUK_PC_0040;disease_site=prostate;sample type=normal tissue;ENA-CHECKLIST=ERC000026;
subject_id=0041_CRUK_PC_0041_T1_DNA;gender=male;phenotype=malignant tissue (prostatectomy);donor_id=0041_CRUK_PC_0041;disease_site=prostate;sample type=diseased tissue;ENA-CHECKLIST=ERC000026;
subject_id=0046_CRUK_PC_0046_Blood_DNA;gender=male;phenotype=normal - blood;donor_id=0046_CRUK_PC_0046;disease_site=prostate;sample type=normal tissue;ENA-CHECKLIST=ERC000026;
subject_id=0047_CRUK_PC_0047_Blood_DNA;gender=male;phenotype=normal - blood;donor_id=0047_CRUK_PC_0047;disease_site=prostate;sample type=normal tissue;ENA-CHECKLIST=ERC000026;
subject_id=0049_CRUK_PC_0049_Blood_DNA;gender=male;phenotype=normal - blood;donor_id=0049_CRUK_PC_0049;disease_site=prostate;sample type=normal tissue;ENA-CHECKLIST=ERC000026;
subject_id=0051_CRUK_PC_0051_T1_DNA;gender=male;phenotype=malignant tissue (prostatectomy);donor_id=0051_CRUK_PC_0051;disease_site=prostate;sample type=diseased tissue;ENA-CHECKLIST=ERC000026;
subject_id=0051_CRUK_PC_0051_Blood_DNA;gender=male;phenotype=normal - blood;donor_id=0051_CRUK_PC_0051;disease_site=prostate;sample type=normal tissue;ENA-CHECKLIST=ERC000026;
subject_id=0055_CRUK_PC_0055_Blood_DNA;gender=male;phenotype=normal - blood;donor_id=0055_CRUK_PC_0055;disease_site=prostate;sample type=normal tissue;ENA-CHECKLIST=ERC000026;
subject_id=0060_CRUK_PC_0060_T1_DNA;gender=male;phenotype=malignant tissue (prostatectomy);donor_id=0060_CRUK_PC_0060;disease_site=prostate;sample type=diseased tissue;ENA-CHECKLIST=ERC000026;
gender=male;phenotype=normal - blood;donor_id=0065_CRUK_PC_0065;ENA-CHECKLIST=ERC000026;
subject_id=0066_CRUK_PC_0066_T1_DNA;gender=male;phenotype=malignant tissue (prostatectomy);donor_id=0066_CRUK_PC_0066;disease_site=prostate;sample type=diseased tissue;ENA-CHECKLIST=ERC000026;
subject_id=0066_CRUK_PC_0066_Blood_DNA;gender=male;phenotype=normal - blood;donor_id=0066_CRUK_PC_0066;disease_site=prostate;sample type=normal tissue;ENA-CHECKLIST=ERC000026;
gender=male;phenotype=malignant tissue (prostatectomy);donor_id=0072_CRUK_PC_0072;ENA-CHECKLIST=ERC000026;
subject_id=0073_CRUK_PC_0073_T1_DNA;gender=male;phenotype=malignant tissue (prostatectomy);donor_id=0073_CRUK_PC_0073;disease_site=prostate;sample type=diseased tissue;ENA-CHECKLIST=ERC000026;
subject_id=0076_CRUK_PC_0076_T1_DNA;gender=male;phenotype=malignant tissue (prostatectomy);donor_id=0076_CRUK_PC_0076;disease_site=prostate;sample type=diseased tissue;ENA-CHECKLIST=ERC000026;
gender=male;phenotype=malignant tissue (prostatectomy);donor_id=0077_CRUK_PC_0077;ENA-CHECKLIST=ERC000026;
gender=male;phenotype=normal - blood;donor_id=0077_CRUK_PC_0077;ENA-CHECKLIST=ERC000026;
gender=male;phenotype=malignant tissue (prostatectomy);donor_id=0080_CRUK_PC_0080;ENA-CHECKLIST=ERC000026;
subject_id=0083_CRUK_PC_0083_T1_DNA;gender=male;phenotype=malignant tissue (prostatectomy);donor_id=0083_CRUK_PC_0083;disease_site=prostate;sample type=diseased tissue;ENA-CHECKLIST=ERC000026;
subject_id=0083_CRUK_PC_0083_Blood_DNA;gender=male;phenotype=normal - blood;donor_id=0083_CRUK_PC_0083;disease_site=prostate;sample type=normal tissue;ENA-CHECKLIST=ERC000026;
gender=male;phenotype=normal - blood;donor_id=0084_CRUK_PC_0084;ENA-CHECKLIST=ERC000026;
gender=male;phenotype=normal - blood;donor_id=0086_CRUK_PC_0086;ENA-CHECKLIST=ERC000026;
gender=male;phenotype=malignant tissue (prostatectomy);donor_id=0089_CRUK_PC_0089;ENA-CHECKLIST=ERC000026;
gender=male;phenotype=malignant tissue (prostatectomy);donor_id=0091_CRUK_PC_0091;ENA-CHECKLIST=ERC000026;
gender=male;phenotype=normal - blood;donor_id=0091_CRUK_PC_0091;ENA-CHECKLIST=ERC000026;
subject_id=0115_CRUK_PC_0115_T1_DNA;gender=male;phenotype=malignant tissue (prostatectomy);donor_id=0115_CRUK_PC_0115;disease_site=prostate;sample type=diseased tissue;ENA-CHECKLIST=ERC000026;
subject_id=0117_CRUK_PC_0117_T1_DNA;gender=male;phenotype=malignant tissue (prostatectomy);donor_id=0117_CRUK_PC_0117;disease_site=prostate;sample type=diseased tissue;ENA-CHECKLIST=ERC000026;
subject_id=0118_CRUK_PC_0118_T1_DNA;gender=male;phenotype=malignant tissue (prostatectomy);donor_id=0118_CRUK_PC_0118;disease_site=prostate;sample type=diseased tissue;ENA-CHECKLIST=ERC000026;
subject_id=0119_CRUK_PC_0119_T1_DNA;gender=male;phenotype=malignant tissue (prostatectomy);donor_id=0119_CRUK_PC_0119;disease_site=prostate;sample type=diseased tissue;ENA-CHECKLIST=ERC000026;
subject_id=0119_CRUK_PC_0119_Blood_DNA;gender=male;phenotype=normal - blood;donor_id=0119_CRUK_PC_0119;disease_site=prostate;sample type=normal tissue;ENA-CHECKLIST=ERC000026;
subject_id=0120_CRUK_PC_0120_T1_DNA;gender=male;phenotype=malignant tissue (prostatectomy);donor_id=0120_CRUK_PC_0120;disease_site=prostate;sample type=diseased tissue;ENA-CHECKLIST=ERC000026;
subject_id=0122_CRUK_PC_0122_T1_DNA;gender=male;phenotype=malignant tissue (prostatectomy);donor_id=0122_CRUK_PC_0122;disease_site=prostate;sample type=diseased tissue;ENA-CHECKLIST=ERC000026;
subject_id=0122_CRUK_PC_0122_Blood_DNA;gender=male;phenotype=normal - blood;donor_id=0122_CRUK_PC_0122;disease_site=prostate;sample type=normal tissue;ENA-CHECKLIST=ERC000026;
subject_id=0124_CRUK_PC_0124_T1_DNA;gender=male;phenotype=malignant tissue (prostatectomy);donor_id=0124_CRUK_PC_0124;disease_site=prostate;sample type=diseased tissue;ENA-CHECKLIST=ERC000026;
