subject_id=2017_AML_WGS;gender=female;phenotype=-888;ENA-CHECKLIST=ERC000026;
subject_id=2017_AML_WGS;gender=male;phenotype=-888;ENA-CHECKLIST=ERC000026;
gender=male;phenotype=-888;subject_id=2017_AML_WGS;ENA-CHECKLIST=ERC000026;
gender=male;phenotype=-888;subject_id=2017_AML_WGS;ENA-CHECKLIST=ERC000026;
gender=female;phenotype=-888;subject_id=2017_AML_WGS;ENA-CHECKLIST=ERC000026;
gender=female;phenotype=-888;subject_id=2017_AML_WGS;ENA-CHECKLIST=ERC000026;
gender=male;phenotype=-888;subject_id=2017_AML_WGS;ENA-CHECKLIST=ERC000026;
gender=male;phenotype=-888;subject_id=2017_AML_WGS;ENA-CHECKLIST=ERC000026;
gender=female;phenotype=-888;subject_id=2017_AML_WGS;ENA-CHECKLIST=ERC000026;
gender=female;phenotype=-888;subject_id=2017_AML_WGS;ENA-CHECKLIST=ERC000026;
subject_id=2017_AML_WGS;gender=female;phenotype=-888;ENA-CHECKLIST=ERC000026;
subject_id=2017_AML_WGS;gender=male;phenotype=-888;ENA-CHECKLIST=ERC000026;
gender=male;phenotype=-888;subject_id=2017_AML_WGS;ENA-CHECKLIST=ERC000026;
gender=male;phenotype=-888;subject_id=2017_AML_WGS;ENA-CHECKLIST=ERC000026;
gender=female;phenotype=-888;subject_id=2017_AML_WGS;ENA-CHECKLIST=ERC000026;
gender=female;phenotype=-888;subject_id=2017_AML_WGS;ENA-CHECKLIST=ERC000026;
gender=male;phenotype=-888;subject_id=2017_AML_WGS;ENA-CHECKLIST=ERC000026;
gender=male;phenotype=-888;subject_id=2017_AML_WGS;ENA-CHECKLIST=ERC000026;
gender=female;phenotype=-888;subject_id=2017_AML_WGS;ENA-CHECKLIST=ERC000026;
subject_id=2017_AML_WGS;gender=female;phenotype=-888;ENA-CHECKLIST=ERC000026;
