EGAS00001000607	SHH medulloblastoma samples	Other	EGAZ00001015776	REFERENCE_ALIGNMENT	Whole Genome DNA Sequencing of matched brain tumor-normal pairs (ICGC)	EGAN00001171834	ICGC_BL59	SAMEA2176203
EGAS00001000607	SHH medulloblastoma samples	Other	EGAZ00001015777	REFERENCE_ALIGNMENT	Whole Genome DNA Sequencing of matched brain tumor-normal pairs (ICGC)	EGAN00001179113	ICGC_BL60	SAMEA2247717
EGAS00001000607	SHH medulloblastoma samples	Other	EGAZ00001015778	REFERENCE_ALIGNMENT	Whole Genome DNA Sequencing of matched brain tumor-normal pairs (ICGC)	EGAN00001179114	ICGC_BL61	SAMEA2247718
EGAS00001000607	SHH medulloblastoma samples	Other	EGAZ00001015779	REFERENCE_ALIGNMENT	Whole Genome DNA Sequencing of matched brain tumor-normal pairs (ICGC)	EGAN00001179115	ICGC_BL63	SAMEA2247719
EGAS00001000607	SHH medulloblastoma samples	Other	EGAZ00001015780	REFERENCE_ALIGNMENT	Whole Genome DNA Sequencing of matched brain tumor-normal pairs (ICGC)	EGAN00001179116	ICGC_BL66	SAMEA2247720
EGAS00001000607	SHH medulloblastoma samples	Other	EGAZ00001015781	REFERENCE_ALIGNMENT	Whole Genome DNA Sequencing of matched brain tumor-normal pairs (ICGC)	EGAN00001179117	ICGC_BL67	SAMEA2247721
EGAS00001000607	SHH medulloblastoma samples	Other	EGAZ00001015782	REFERENCE_ALIGNMENT	Whole Genome DNA Sequencing of matched brain tumor-normal pairs (ICGC)	EGAN00001179118	ICGC_BL68	SAMEA2247722
EGAS00001000607	SHH medulloblastoma samples	Other	EGAZ00001015783	REFERENCE_ALIGNMENT	Whole Genome DNA Sequencing of matched brain tumor-normal pairs (ICGC)	EGAN00001179119	ICGC_BL69	SAMEA2247723
EGAS00001000607	SHH medulloblastoma samples	Other	EGAZ00001015789	REFERENCE_ALIGNMENT	Whole Genome DNA Sequencing of matched brain tumor-normal pairs (ICGC)	EGAN00001179125	ICGC_BL81	SAMEA2247729
EGAS00001000607	SHH medulloblastoma samples	Other	EGAZ00001015794	REFERENCE_ALIGNMENT	Whole Genome DNA Sequencing of matched brain tumor-normal pairs (ICGC)	EGAN00001179130	ICGC_BL104	SAMEA2247734
EGAS00001000607	SHH medulloblastoma samples	Other	EGAZ00001015795	REFERENCE_ALIGNMENT	Whole Genome DNA Sequencing of matched brain tumor-normal pairs (ICGC)	EGAN00001179131	ICGC_BL125	SAMEA2247735
EGAS00001000607	SHH medulloblastoma samples	Other	EGAZ00001015796	REFERENCE_ALIGNMENT	Whole Genome DNA Sequencing of matched brain tumor-normal pairs (ICGC)	EGAN00001179132	ICGC_BL126	SAMEA2247736
EGAS00001000607	SHH medulloblastoma samples	Other	EGAZ00001015797	REFERENCE_ALIGNMENT	Whole Genome DNA Sequencing of matched brain tumor-normal pairs (ICGC)	EGAN00001179133	ICGC_BL127	SAMEA2247737
EGAS00001000607	SHH medulloblastoma samples	Other	EGAZ00001015798	REFERENCE_ALIGNMENT	Whole Genome DNA Sequencing of matched brain tumor-normal pairs (ICGC)	EGAN00001179134	ICGC_BL132	SAMEA2247738
EGAS00001000607	SHH medulloblastoma samples	Other	EGAZ00001015799	REFERENCE_ALIGNMENT	Whole Genome DNA Sequencing of matched brain tumor-normal pairs (ICGC)	EGAN00001179135	ICGC_BL137	SAMEA2247739
EGAS00001000607	SHH medulloblastoma samples	Other	EGAZ00001015800	REFERENCE_ALIGNMENT	Whole Genome DNA Sequencing of matched brain tumor-normal pairs (ICGC)	EGAN00001179136	ICGC_BL143	SAMEA2247740
EGAS00001000607	SHH medulloblastoma samples	Other	EGAZ00001015801	REFERENCE_ALIGNMENT	Whole Genome DNA Sequencing of matched brain tumor-normal pairs (ICGC)	EGAN00001179137	ICGC_BL145	SAMEA2247741
EGAS00001000607	SHH medulloblastoma samples	Other	EGAZ00001015811	REFERENCE_ALIGNMENT	Whole Genome DNA Sequencing of matched brain tumor-normal pairs (ICGC)	EGAN00001179146	ICGC_MB56	SAMEA2247750
EGAS00001000607	SHH medulloblastoma samples	Other	EGAZ00001015812	REFERENCE_ALIGNMENT	Whole Genome DNA Sequencing of matched brain tumor-normal pairs (ICGC)	EGAN00001171833	ICGC_MB59	SAMEA2176202
EGAS00001000607	SHH medulloblastoma samples	Other	EGAZ00001015813	REFERENCE_ALIGNMENT	Whole Genome DNA Sequencing of matched brain tumor-normal pairs (ICGC)	EGAN00001179147	ICGC_MB60	SAMEA2247751
EGAS00001000607	SHH medulloblastoma samples	Other	EGAZ00001015818	REFERENCE_ALIGNMENT	Whole Genome DNA Sequencing of matched brain tumor-normal pairs (ICGC)	EGAN00001179152	ICGC_MB68	SAMEA2247756
EGAS00001000607	SHH medulloblastoma samples	Other	EGAZ00001015819	REFERENCE_ALIGNMENT	Whole Genome DNA Sequencing of matched brain tumor-normal pairs (ICGC)	EGAN00001179153	ICGC_MB69	SAMEA2247757
EGAS00001000607	SHH medulloblastoma samples	Other	EGAZ00001015773	REFERENCE_ALIGNMENT	Whole Genome DNA Sequencing of matched brain tumor-normal pairs (ICGC)	EGAN00001179110	ICGC_BL3	SAMEA2247714
EGAS00001000607	SHH medulloblastoma samples	Other	EGAZ00001015774	REFERENCE_ALIGNMENT	Whole Genome DNA Sequencing of matched brain tumor-normal pairs (ICGC)	EGAN00001179111	ICGC_BL53	SAMEA2247715
EGAS00001000607	SHH medulloblastoma samples	Other	EGAZ00001015775	REFERENCE_ALIGNMENT	Whole Genome DNA Sequencing of matched brain tumor-normal pairs (ICGC)	EGAN00001179112	ICGC_BL56	SAMEA2247716
EGAS00001000607	SHH medulloblastoma samples	Other	EGAZ00001015784	REFERENCE_ALIGNMENT	Whole Genome DNA Sequencing of matched brain tumor-normal pairs (ICGC)	EGAN00001179120	ICGC_BL74	SAMEA2247724
EGAS00001000607	SHH medulloblastoma samples	Other	EGAZ00001015785	REFERENCE_ALIGNMENT	Whole Genome DNA Sequencing of matched brain tumor-normal pairs (ICGC)	EGAN00001179121	ICGC_BL75	SAMEA2247725
EGAS00001000607	SHH medulloblastoma samples	Other	EGAZ00001015788	REFERENCE_ALIGNMENT	Whole Genome DNA Sequencing of matched brain tumor-normal pairs (ICGC)	EGAN00001179124	ICGC_BL79	SAMEA2247728
EGAS00001000607	SHH medulloblastoma samples	Other	EGAZ00001015790	REFERENCE_ALIGNMENT	Whole Genome DNA Sequencing of matched brain tumor-normal pairs (ICGC)	EGAN00001179126	ICGC_BL82	SAMEA2247730
EGAS00001000607	SHH medulloblastoma samples	Other	EGAZ00001015791	REFERENCE_ALIGNMENT	Whole Genome DNA Sequencing of matched brain tumor-normal pairs (ICGC)	EGAN00001179127	ICGC_BL88	SAMEA2247731
EGAS00001000607	SHH medulloblastoma samples	Other	EGAZ00001015792	REFERENCE_ALIGNMENT	Whole Genome DNA Sequencing of matched brain tumor-normal pairs (ICGC)	EGAN00001179128	ICGC_BL101	SAMEA2247732
EGAS00001000607	SHH medulloblastoma samples	Other	EGAZ00001015793	REFERENCE_ALIGNMENT	Whole Genome DNA Sequencing of matched brain tumor-normal pairs (ICGC)	EGAN00001179129	ICGC_BL102	SAMEA2247733
EGAS00001000607	SHH medulloblastoma samples	Other	EGAZ00001015806	REFERENCE_ALIGNMENT	Whole Genome DNA Sequencing of matched brain tumor-normal pairs (ICGC)	EGAN00001179142	ICGC_BL181	SAMEA2247746
EGAS00001000607	SHH medulloblastoma samples	Other	EGAZ00001015809	REFERENCE_ALIGNMENT	Whole Genome DNA Sequencing of matched brain tumor-normal pairs (ICGC)	EGAN00001170331	ICGC_MB3	SAMEA2167527
EGAS00001000607	SHH medulloblastoma samples	Other	EGAZ00001015810	REFERENCE_ALIGNMENT	Whole Genome DNA Sequencing of matched brain tumor-normal pairs (ICGC)	EGAN00001179145	ICGC_MB53	SAMEA2247749
EGAS00001000607	SHH medulloblastoma samples	Other	EGAZ00001015814	REFERENCE_ALIGNMENT	Whole Genome DNA Sequencing of matched brain tumor-normal pairs (ICGC)	EGAN00001179148	ICGC_MB61	SAMEA2247752
EGAS00001000607	SHH medulloblastoma samples	Other	EGAZ00001015815	REFERENCE_ALIGNMENT	Whole Genome DNA Sequencing of matched brain tumor-normal pairs (ICGC)	EGAN00001179149	ICGC_MB63	SAMEA2247753
EGAS00001000607	SHH medulloblastoma samples	Other	EGAZ00001015816	REFERENCE_ALIGNMENT	Whole Genome DNA Sequencing of matched brain tumor-normal pairs (ICGC)	EGAN00001179150	ICGC_MB66	SAMEA2247754
EGAS00001000607	SHH medulloblastoma samples	Other	EGAZ00001015817	REFERENCE_ALIGNMENT	Whole Genome DNA Sequencing of matched brain tumor-normal pairs (ICGC)	EGAN00001179151	ICGC_MB67	SAMEA2247755
EGAS00001000607	SHH medulloblastoma samples	Other	EGAZ00001015825	REFERENCE_ALIGNMENT	Whole Genome DNA Sequencing of matched brain tumor-normal pairs (ICGC)	EGAN00001179159	ICGC_MB81	SAMEA2247763
EGAS00001000607	SHH medulloblastoma samples	Other	EGAZ00001015826	REFERENCE_ALIGNMENT	Whole Genome DNA Sequencing of matched brain tumor-normal pairs (ICGC)	EGAN00001179160	ICGC_MB82	SAMEA2247764
EGAS00001000607	SHH medulloblastoma samples	Other	EGAZ00001015827	REFERENCE_ALIGNMENT	Whole Genome DNA Sequencing of matched brain tumor-normal pairs (ICGC)	EGAN00001170337	ICGC_MB88	SAMEA2167533
EGAS00001000607	SHH medulloblastoma samples	Other	EGAZ00001015829	REFERENCE_ALIGNMENT	Whole Genome DNA Sequencing of matched brain tumor-normal pairs (ICGC)	EGAN00001179162	ICGC_MB102	SAMEA2247766
EGAS00001000607	SHH medulloblastoma samples	Other	EGAZ00001015834	REFERENCE_ALIGNMENT	Whole Genome DNA Sequencing of matched brain tumor-normal pairs (ICGC)	EGAN00001170323	ICGC_MB132	SAMEA2167519
EGAS00001000607	SHH medulloblastoma samples	Other	EGAZ00001015840	REFERENCE_ALIGNMENT	Whole Genome DNA Sequencing of matched brain tumor-normal pairs (ICGC)	EGAN00001179171	ICGC_MB178	SAMEA2247775
EGAS00001000744	ICGC medulloblastoma whole genome sequencing data, ICGC release 16	Other	EGAZ00001017984	REFERENCE_ALIGNMENT	ICGC medulloblastoma whole genome sequencing data, ICGC release 16	EGAN00001194604	ICGC_BL153	SAMEA2427524
EGAS00001000744	ICGC medulloblastoma whole genome sequencing data, ICGC release 16	Other	EGAZ00001017985	REFERENCE_ALIGNMENT	ICGC medulloblastoma whole genome sequencing data, ICGC release 16	EGAN00001194605	ICGC_BL154	SAMEA2427525
EGAS00001000744	ICGC medulloblastoma whole genome sequencing data, ICGC release 16	Other	EGAZ00001017986	REFERENCE_ALIGNMENT	ICGC medulloblastoma whole genome sequencing data, ICGC release 16	EGAN00001194606	ICGC_BL157	SAMEA2427526
EGAS00001000744	ICGC medulloblastoma whole genome sequencing data, ICGC release 16	Other	EGAZ00001017995	REFERENCE_ALIGNMENT	ICGC medulloblastoma whole genome sequencing data, ICGC release 16	EGAN00001170316	ICGC_MB119	SAMEA2167512
EGAS00001000744	ICGC medulloblastoma whole genome sequencing data, ICGC release 16	Other	EGAZ00001018004	REFERENCE_ALIGNMENT	ICGC medulloblastoma whole genome sequencing data, ICGC release 16	EGAN00001194611	ICGC_MB151	SAMEA2427531
EGAS00001000744	ICGC medulloblastoma whole genome sequencing data, ICGC release 16	Other	EGAZ00001018005	REFERENCE_ALIGNMENT	ICGC medulloblastoma whole genome sequencing data, ICGC release 16	EGAN00001194612	ICGC_MB152	SAMEA2427532
EGAS00001000744	ICGC medulloblastoma whole genome sequencing data, ICGC release 16	Other	EGAZ00001018006	REFERENCE_ALIGNMENT	ICGC medulloblastoma whole genome sequencing data, ICGC release 16	EGAN00001194613	ICGC_MB153	SAMEA2427533
EGAS00001000744	ICGC medulloblastoma whole genome sequencing data, ICGC release 16	Other	EGAZ00001018007	REFERENCE_ALIGNMENT	ICGC medulloblastoma whole genome sequencing data, ICGC release 16	EGAN00001194614	ICGC_MB154	SAMEA2427534
EGAS00001000744	ICGC medulloblastoma whole genome sequencing data, ICGC release 16	Other	EGAZ00001018008	REFERENCE_ALIGNMENT	ICGC medulloblastoma whole genome sequencing data, ICGC release 16	EGAN00001194615	ICGC_MB157	SAMEA2427535
EGAS00001000744	ICGC medulloblastoma whole genome sequencing data, ICGC release 16	Other	EGAZ00001018009	REFERENCE_ALIGNMENT	ICGC medulloblastoma whole genome sequencing data, ICGC release 16	EGAN00001194616	ICGC_MB160	SAMEA2427536
EGAS00001000607	SHH medulloblastoma samples	Other	EGAZ00001015820	REFERENCE_ALIGNMENT	Whole Genome DNA Sequencing of matched brain tumor-normal pairs (ICGC)	EGAN00001179154	ICGC_MB74	SAMEA2247758
EGAS00001000607	SHH medulloblastoma samples	Other	EGAZ00001015821	REFERENCE_ALIGNMENT	Whole Genome DNA Sequencing of matched brain tumor-normal pairs (ICGC)	EGAN00001179155	ICGC_MB75	SAMEA2247759
EGAS00001000607	SHH medulloblastoma samples	Other	EGAZ00001015822	REFERENCE_ALIGNMENT	Whole Genome DNA Sequencing of matched brain tumor-normal pairs (ICGC)	EGAN00001179156	ICGC_MB77	SAMEA2247760
EGAS00001000607	SHH medulloblastoma samples	Other	EGAZ00001015823	REFERENCE_ALIGNMENT	Whole Genome DNA Sequencing of matched brain tumor-normal pairs (ICGC)	EGAN00001179157	ICGC_MB78	SAMEA2247761
EGAS00001000607	SHH medulloblastoma samples	Other	EGAZ00001015824	REFERENCE_ALIGNMENT	Whole Genome DNA Sequencing of matched brain tumor-normal pairs (ICGC)	EGAN00001179158	ICGC_MB79	SAMEA2247762
EGAS00001000607	SHH medulloblastoma samples	Other	EGAZ00001015828	REFERENCE_ALIGNMENT	Whole Genome DNA Sequencing of matched brain tumor-normal pairs (ICGC)	EGAN00001179161	ICGC_MB101	SAMEA2247765
EGAS00001000607	SHH medulloblastoma samples	Other	EGAZ00001015835	REFERENCE_ALIGNMENT	Whole Genome DNA Sequencing of matched brain tumor-normal pairs (ICGC)	EGAN00001170326	ICGC_MB137	SAMEA2167522
EGAS00001000607	SHH medulloblastoma samples	Other	EGAZ00001015841	REFERENCE_ALIGNMENT	Whole Genome DNA Sequencing of matched brain tumor-normal pairs (ICGC)	EGAN00001179172	ICGC_MB180	SAMEA2247776
EGAS00001000607	SHH medulloblastoma samples	Other	EGAZ00001015842	REFERENCE_ALIGNMENT	Whole Genome DNA Sequencing of matched brain tumor-normal pairs (ICGC)	EGAN00001179173	ICGC_MB181	SAMEA2247777
EGAS00001000744	ICGC medulloblastoma whole genome sequencing data, ICGC release 16	Other	EGAZ00001017987	REFERENCE_ALIGNMENT	ICGC medulloblastoma whole genome sequencing data, ICGC release 16	EGAN00001194607	ICGC_BL160	SAMEA2427527
EGAS00001000744	ICGC medulloblastoma whole genome sequencing data, ICGC release 16	Other	EGAZ00001017988	REFERENCE_ALIGNMENT	ICGC medulloblastoma whole genome sequencing data, ICGC release 16	EGAN00001170305	ICGC_MB106	SAMEA2167501
EGAS00001000744	ICGC medulloblastoma whole genome sequencing data, ICGC release 16	Other	EGAZ00001017996	REFERENCE_ALIGNMENT	ICGC medulloblastoma whole genome sequencing data, ICGC release 16	EGAN00001170317	ICGC_MB121	SAMEA2167513
EGAS00001000744	ICGC medulloblastoma whole genome sequencing data, ICGC release 16	Other	EGAZ00001017997	REFERENCE_ALIGNMENT	ICGC medulloblastoma whole genome sequencing data, ICGC release 16	EGAN00001170320	ICGC_MB129	SAMEA2167516
EGAS00001000744	ICGC medulloblastoma whole genome sequencing data, ICGC release 16	Other	EGAZ00001017998	REFERENCE_ALIGNMENT	ICGC medulloblastoma whole genome sequencing data, ICGC release 16	EGAN00001170322	ICGC_MB131	SAMEA2167518
EGAS00001000744	ICGC medulloblastoma whole genome sequencing data, ICGC release 16	Other	EGAZ00001017999	REFERENCE_ALIGNMENT	ICGC medulloblastoma whole genome sequencing data, ICGC release 16	EGAN00001170325	ICGC_MB134	SAMEA2167521
EGAS00001000744	ICGC medulloblastoma whole genome sequencing data, ICGC release 16	Other	EGAZ00001018000	REFERENCE_ALIGNMENT	ICGC medulloblastoma whole genome sequencing data, ICGC release 16	EGAN00001170328	ICGC_MB139	SAMEA2167524
EGAS00001000744	ICGC medulloblastoma whole genome sequencing data, ICGC release 16	Other	EGAZ00001018001	REFERENCE_ALIGNMENT	ICGC medulloblastoma whole genome sequencing data, ICGC release 16	EGAN00001194608	ICGC_MB144	SAMEA2427528
EGAS00001000744	ICGC medulloblastoma whole genome sequencing data, ICGC release 16	Other	EGAZ00001018002	REFERENCE_ALIGNMENT	ICGC medulloblastoma whole genome sequencing data, ICGC release 16	EGAN00001194609	ICGC_MB146	SAMEA2427529
EGAS00001000744	ICGC medulloblastoma whole genome sequencing data, ICGC release 16	Other	EGAZ00001018003	REFERENCE_ALIGNMENT	ICGC medulloblastoma whole genome sequencing data, ICGC release 16	EGAN00001194610	ICGC_MB147	SAMEA2427530
EGAS00001000607	SHH medulloblastoma samples	Other	EGAZ00001015786	REFERENCE_ALIGNMENT	Whole Genome DNA Sequencing of matched brain tumor-normal pairs (ICGC)	EGAN00001179122	ICGC_BL77	SAMEA2247726
EGAS00001000607	SHH medulloblastoma samples	Other	EGAZ00001015787	REFERENCE_ALIGNMENT	Whole Genome DNA Sequencing of matched brain tumor-normal pairs (ICGC)	EGAN00001179123	ICGC_BL78	SAMEA2247727
EGAS00001000607	SHH medulloblastoma samples	Other	EGAZ00001015802	REFERENCE_ALIGNMENT	Whole Genome DNA Sequencing of matched brain tumor-normal pairs (ICGC)	EGAN00001179138	ICGC_BL155	SAMEA2247742
EGAS00001000607	SHH medulloblastoma samples	Other	EGAZ00001015803	REFERENCE_ALIGNMENT	Whole Genome DNA Sequencing of matched brain tumor-normal pairs (ICGC)	EGAN00001179139	ICGC_BL171	SAMEA2247743
EGAS00001000607	SHH medulloblastoma samples	Other	EGAZ00001015804	REFERENCE_ALIGNMENT	Whole Genome DNA Sequencing of matched brain tumor-normal pairs (ICGC)	EGAN00001179140	ICGC_BL178	SAMEA2247744
EGAS00001000607	SHH medulloblastoma samples	Other	EGAZ00001015805	REFERENCE_ALIGNMENT	Whole Genome DNA Sequencing of matched brain tumor-normal pairs (ICGC)	EGAN00001179141	ICGC_BL180	SAMEA2247745
EGAS00001000607	SHH medulloblastoma samples	Other	EGAZ00001015830	REFERENCE_ALIGNMENT	Whole Genome DNA Sequencing of matched brain tumor-normal pairs (ICGC)	EGAN00001179163	ICGC_MB104	SAMEA2247767
EGAS00001000607	SHH medulloblastoma samples	Other	EGAZ00001015831	REFERENCE_ALIGNMENT	Whole Genome DNA Sequencing of matched brain tumor-normal pairs (ICGC)	EGAN00001179164	ICGC_MB125	SAMEA2247768
EGAS00001000607	SHH medulloblastoma samples	Other	EGAZ00001015832	REFERENCE_ALIGNMENT	Whole Genome DNA Sequencing of matched brain tumor-normal pairs (ICGC)	EGAN00001179165	ICGC_MB126	SAMEA2247769
EGAS00001000607	SHH medulloblastoma samples	Other	EGAZ00001015833	REFERENCE_ALIGNMENT	Whole Genome DNA Sequencing of matched brain tumor-normal pairs (ICGC)	EGAN00001179166	ICGC_MB127	SAMEA2247770
EGAS00001000607	SHH medulloblastoma samples	Other	EGAZ00001015836	REFERENCE_ALIGNMENT	Whole Genome DNA Sequencing of matched brain tumor-normal pairs (ICGC)	EGAN00001179167	ICGC_MB143	SAMEA2247771
EGAS00001000607	SHH medulloblastoma samples	Other	EGAZ00001015837	REFERENCE_ALIGNMENT	Whole Genome DNA Sequencing of matched brain tumor-normal pairs (ICGC)	EGAN00001179168	ICGC_MB145	SAMEA2247772
EGAS00001000607	SHH medulloblastoma samples	Other	EGAZ00001015838	REFERENCE_ALIGNMENT	Whole Genome DNA Sequencing of matched brain tumor-normal pairs (ICGC)	EGAN00001179169	ICGC_MB155	SAMEA2247773
EGAS00001000607	SHH medulloblastoma samples	Other	EGAZ00001015839	REFERENCE_ALIGNMENT	Whole Genome DNA Sequencing of matched brain tumor-normal pairs (ICGC)	EGAN00001179170	ICGC_MB171	SAMEA2247774
EGAS00001000744	ICGC medulloblastoma whole genome sequencing data, ICGC release 16	Other	EGAZ00001017966	REFERENCE_ALIGNMENT	ICGC medulloblastoma whole genome sequencing data, ICGC release 16	EGAN00001194586	ICGC_BL106	SAMEA2427506
EGAS00001000744	ICGC medulloblastoma whole genome sequencing data, ICGC release 16	Other	EGAZ00001017967	REFERENCE_ALIGNMENT	ICGC medulloblastoma whole genome sequencing data, ICGC release 16	EGAN00001194587	ICGC_BL108	SAMEA2427507
EGAS00001000744	ICGC medulloblastoma whole genome sequencing data, ICGC release 16	Other	EGAZ00001017968	REFERENCE_ALIGNMENT	ICGC medulloblastoma whole genome sequencing data, ICGC release 16	EGAN00001194588	ICGC_BL110	SAMEA2427508
EGAS00001000744	ICGC medulloblastoma whole genome sequencing data, ICGC release 16	Other	EGAZ00001017969	REFERENCE_ALIGNMENT	ICGC medulloblastoma whole genome sequencing data, ICGC release 16	EGAN00001194589	ICGC_BL111	SAMEA2427509
EGAS00001000744	ICGC medulloblastoma whole genome sequencing data, ICGC release 16	Other	EGAZ00001017970	REFERENCE_ALIGNMENT	ICGC medulloblastoma whole genome sequencing data, ICGC release 16	EGAN00001194590	ICGC_BL114	SAMEA2427510
EGAS00001000744	ICGC medulloblastoma whole genome sequencing data, ICGC release 16	Other	EGAZ00001017971	REFERENCE_ALIGNMENT	ICGC medulloblastoma whole genome sequencing data, ICGC release 16	EGAN00001194591	ICGC_BL115	SAMEA2427511
EGAS00001000744	ICGC medulloblastoma whole genome sequencing data, ICGC release 16	Other	EGAZ00001017972	REFERENCE_ALIGNMENT	ICGC medulloblastoma whole genome sequencing data, ICGC release 16	EGAN00001194592	ICGC_BL118	SAMEA2427512
EGAS00001000744	ICGC medulloblastoma whole genome sequencing data, ICGC release 16	Other	EGAZ00001017973	REFERENCE_ALIGNMENT	ICGC medulloblastoma whole genome sequencing data, ICGC release 16	EGAN00001194593	ICGC_BL119	SAMEA2427513
EGAS00001000744	ICGC medulloblastoma whole genome sequencing data, ICGC release 16	Other	EGAZ00001017974	REFERENCE_ALIGNMENT	ICGC medulloblastoma whole genome sequencing data, ICGC release 16	EGAN00001194594	ICGC_BL121	SAMEA2427514
EGAS00001000744	ICGC medulloblastoma whole genome sequencing data, ICGC release 16	Other	EGAZ00001017975	REFERENCE_ALIGNMENT	ICGC medulloblastoma whole genome sequencing data, ICGC release 16	EGAN00001194595	ICGC_BL129	SAMEA2427515
EGAS00001000744	ICGC medulloblastoma whole genome sequencing data, ICGC release 16	Other	EGAZ00001017976	REFERENCE_ALIGNMENT	ICGC medulloblastoma whole genome sequencing data, ICGC release 16	EGAN00001194596	ICGC_BL131	SAMEA2427516
EGAS00001000744	ICGC medulloblastoma whole genome sequencing data, ICGC release 16	Other	EGAZ00001017977	REFERENCE_ALIGNMENT	ICGC medulloblastoma whole genome sequencing data, ICGC release 16	EGAN00001194597	ICGC_BL134	SAMEA2427517
EGAS00001000744	ICGC medulloblastoma whole genome sequencing data, ICGC release 16	Other	EGAZ00001017978	REFERENCE_ALIGNMENT	ICGC medulloblastoma whole genome sequencing data, ICGC release 16	EGAN00001194598	ICGC_BL139	SAMEA2427518
EGAS00001000744	ICGC medulloblastoma whole genome sequencing data, ICGC release 16	Other	EGAZ00001017979	REFERENCE_ALIGNMENT	ICGC medulloblastoma whole genome sequencing data, ICGC release 16	EGAN00001194599	ICGC_BL144	SAMEA2427519
EGAS00001000744	ICGC medulloblastoma whole genome sequencing data, ICGC release 16	Other	EGAZ00001017980	REFERENCE_ALIGNMENT	ICGC medulloblastoma whole genome sequencing data, ICGC release 16	EGAN00001194600	ICGC_BL146	SAMEA2427520
EGAS00001000744	ICGC medulloblastoma whole genome sequencing data, ICGC release 16	Other	EGAZ00001017981	REFERENCE_ALIGNMENT	ICGC medulloblastoma whole genome sequencing data, ICGC release 16	EGAN00001194601	ICGC_BL147	SAMEA2427521
EGAS00001000744	ICGC medulloblastoma whole genome sequencing data, ICGC release 16	Other	EGAZ00001017982	REFERENCE_ALIGNMENT	ICGC medulloblastoma whole genome sequencing data, ICGC release 16	EGAN00001194602	ICGC_BL151	SAMEA2427522
EGAS00001000744	ICGC medulloblastoma whole genome sequencing data, ICGC release 16	Other	EGAZ00001017983	REFERENCE_ALIGNMENT	ICGC medulloblastoma whole genome sequencing data, ICGC release 16	EGAN00001194603	ICGC_BL152	SAMEA2427523
EGAS00001000744	ICGC medulloblastoma whole genome sequencing data, ICGC release 16	Other	EGAZ00001017989	REFERENCE_ALIGNMENT	ICGC medulloblastoma whole genome sequencing data, ICGC release 16	EGAN00001170307	ICGC_MB108	SAMEA2167503
EGAS00001000744	ICGC medulloblastoma whole genome sequencing data, ICGC release 16	Other	EGAZ00001017990	REFERENCE_ALIGNMENT	ICGC medulloblastoma whole genome sequencing data, ICGC release 16	EGAN00001170308	ICGC_MB110	SAMEA2167504
EGAS00001000744	ICGC medulloblastoma whole genome sequencing data, ICGC release 16	Other	EGAZ00001017991	REFERENCE_ALIGNMENT	ICGC medulloblastoma whole genome sequencing data, ICGC release 16	EGAN00001170309	ICGC_MB111	SAMEA2167505
EGAS00001000744	ICGC medulloblastoma whole genome sequencing data, ICGC release 16	Other	EGAZ00001017992	REFERENCE_ALIGNMENT	ICGC medulloblastoma whole genome sequencing data, ICGC release 16	EGAN00001170312	ICGC_MB114	SAMEA2167508
EGAS00001000744	ICGC medulloblastoma whole genome sequencing data, ICGC release 16	Other	EGAZ00001017993	REFERENCE_ALIGNMENT	ICGC medulloblastoma whole genome sequencing data, ICGC release 16	EGAN00001170313	ICGC_MB115	SAMEA2167509
EGAS00001000744	ICGC medulloblastoma whole genome sequencing data, ICGC release 16	Other	EGAZ00001017994	REFERENCE_ALIGNMENT	ICGC medulloblastoma whole genome sequencing data, ICGC release 16	EGAN00001170315	ICGC_MB118	SAMEA2167511
